
=== sparse_wide_pool: 21 candidates, pool 6, cardinality 1-2, digest 22c883da3393e756 ===
    stresses: sparse networks over the widest pool
    cache: 21 certified results on disk
    ground truth: winner exp4|exp4-pool-v1|2lines#77e3b9ec2ab5 obj 3,577,709.5311; 21/21 converged; 0s
    discovery: 29 starts, 21 unique evals (421 dup) -> 21 proposals (21 feasible) in 22s -> promoted 21
    saturation (cumulative unique per start): [15, 18, 18, 21, 21, 21, 21, 21, 21, 21, 21, 21]...
    RECALL: winner RETAINED | top-5 recall 100% (5/5)
    coverage by active lines: k=1:6/6  k=2:15/15

=== sparse_to_mid: 25 candidates, pool 5, cardinality 1-3, digest 22ea0cba7966f797 ===
    stresses: the sparse-to-mid range where D18's gap grows fastest
    cache: 25 certified results on disk
    ground truth: winner exp4|exp4-pool-v1|3lines#04ab844078de obj 3,588,676.7800; 25/25 converged; 0s
    discovery: 31 starts, 25 unique evals (494 dup) -> 25 proposals (25 feasible) in 43s -> promoted 25
    saturation (cumulative unique per start): [17, 22, 24, 24, 25, 25, 25, 25, 25, 25, 25, 25]...
    RECALL: winner RETAINED | top-5 recall 100% (5/5)
    coverage by active lines: k=1:5/5  k=2:10/10  k=3:10/10

=== dense: 16 candidates, pool 5, cardinality 3-5, digest 378c16893a299d25 ===
    stresses: dense networks, D18's low-gap end
    cache: 16 certified results on disk
    ground truth: winner exp4|exp4-pool-v1|5lines#dcd73d79f2b7 obj 3,587,974.7859; 16/16 converged; 0s
    discovery: 30 starts, 16 unique evals (392 dup) -> 16 proposals (16 feasible) in 61s -> promoted 16
    saturation (cumulative unique per start): [13, 16, 16, 16, 16, 16, 16, 16, 16, 16, 16, 16]...
    RECALL: winner RETAINED | top-5 recall 100% (5/5)
    coverage by active lines: k=3:10/10  k=4:5/5  k=5:1/1

=== many_off: 25 candidates, pool 5, cardinality 2-4, digest f6d873898d29d16f ===
    stresses: a pinned-off line, the fate no subset can express
    cache: 25 certified results on disk
    ground truth: winner exp4|exp4-pool-v1|3lines#04ab844078de obj 3,588,676.7800; 25/25 converged; 0s
    discovery: 34 starts, 25 unique evals (590 dup) -> 25 proposals (25 feasible) in 60s -> promoted 25
    saturation (cumulative unique per start): [15, 22, 24, 25, 25, 25, 25, 25, 25, 25, 25, 25]...
    RECALL: winner RETAINED | top-5 recall 100% (5/5)
    coverage by active lines: k=2:10/10  k=3:10/10  k=4:5/5

=== other_pool: 25 candidates, pool 5, cardinality 1-3, digest 17874b535f75b712 ===
    stresses: a different pool, so structure is not one pool's quirk
    cache: 25 certified results on disk
    ground truth: winner exp4|exp4-pool-v1|3lines#7cb1083e64b3 obj 3,561,849.2661; 25/25 converged; 0s
    discovery: 31 starts, 25 unique evals (488 dup) -> 25 proposals (25 feasible) in 38s -> promoted 25
    saturation (cumulative unique per start): [14, 24, 24, 24, 25, 25, 25, 25, 25, 25, 25, 25]...
    RECALL: winner RETAINED | top-5 recall 100% (5/5)
    coverage by active lines: k=1:5/5  k=2:10/10  k=3:10/10

=== large_production_like: 63 candidates, pool 7, cardinality 1-3, digest 113425e481d2e03e ===
    stresses: a space several times larger than the others, so the proposal generator is exercised where enumeration is not the mechanism
    cache: 63 certified results on disk
    ground truth: winner exp4|exp4-pool-v1|3lines#9c8b269c033b obj 3,561,773.9407; 63/63 converged; 0s
    discovery: 31 starts, 63 unique evals (881 dup) -> 63 proposals (63 feasible) in 93s -> promoted 63
    saturation (cumulative unique per start): [31, 41, 44, 53, 62, 62, 62, 63, 63, 63, 63, 63]...
    RECALL: winner RETAINED | top-5 recall 100% (5/5)
    coverage by active lines: k=1:7/7  k=2:21/21  k=3:35/35

==========================================================================
  cells                         : 6
  certified winner retained     : 6/6  (required: all)
  worst top-5 recall           : 100%  (required: >= 90%)
  promotion breadth             : 175 promoted of 175 proposals across cells
  ground-truth certification    : 175 candidates, 0s

  C9: MET

wrote outputs/exp4/c9_run2.json
