  space  0  vh   160  overlap  17  opt 3 lines  DECEPTIVE
  space  1  vh   160  overlap  23  opt 3 lines  greedy finds it
  space  2  vh   160  overlap  22  opt 3 lines  DECEPTIVE
  space  3  vh   160  overlap  86  opt 3 lines  greedy finds it
  space  4  vh   160  overlap  86  opt 3 lines  greedy finds it
  space  5  vh    90  overlap  86  opt 3 lines  greedy finds it
  space  6  vh   200  overlap  86  opt 2 lines  DECEPTIVE
  space  7  vh    90  overlap  22  opt 3 lines  DECEPTIVE
  space  8  vh   200  overlap  86  opt 2 lines  DECEPTIVE
  space  9  vh   200  overlap  86  opt 3 lines  DECEPTIVE
  space 10  vh   160  overlap  86  opt 2 lines  greedy finds it
  space 11  vh   120  overlap  18  opt 3 lines  DECEPTIVE
  space 12  vh   160  overlap  86  opt 3 lines  DECEPTIVE
  space 13  vh   160  overlap  86  opt 3 lines  DECEPTIVE
  space 14  vh   120  overlap  25  opt 3 lines  greedy finds it
  space 15  vh   120  overlap  86  opt 2 lines  greedy finds it
  space 16  vh   200  overlap  11  opt 3 lines  greedy finds it
  space 17  vh   200  overlap  86  opt 2 lines  greedy finds it
  space 18  vh   160  overlap  18  opt 2 lines  greedy finds it
  space 19  vh   160  overlap  20  opt 3 lines  greedy finds it
  space 20  vh   120  overlap  22  opt 3 lines  greedy finds it
  space 21  vh   160  overlap  86  opt 2 lines  greedy finds it
  space 22  vh    90  overlap   6  opt 3 lines  DECEPTIVE
  space 23  vh    90  overlap  17  opt 2 lines  greedy finds it
  space 24  vh   160  overlap  10  opt 3 lines  greedy finds it
  space 25  vh   120  overlap  18  opt 3 lines  greedy finds it
  space 26  vh   120  overlap  37  opt 3 lines  DECEPTIVE
  space 27  vh   160  overlap  11  opt 3 lines  DECEPTIVE
  space 28  vh    90  overlap  17  opt 3 lines  DECEPTIVE
  space 29  vh   200  overlap  20  opt 3 lines  greedy finds it
  space 30  vh   200  overlap  22  opt 3 lines  greedy finds it
  space 31  vh   160  overlap  86  opt 3 lines  greedy finds it
  space 32  vh    90  overlap   6  opt 3 lines  DECEPTIVE
  space 33  vh   200  overlap  86  opt 3 lines  greedy finds it
  space 34  vh   120  overlap  23  opt 2 lines  DECEPTIVE
  space 35  vh    90  overlap  86  opt 3 lines  greedy finds it
  space 36  vh   200  overlap  18  opt 3 lines  DECEPTIVE
  space 37  vh   160  overlap   8  opt 3 lines  greedy finds it
  space 38  vh    90  overlap  86  opt 2 lines  DECEPTIVE
  space 39  vh    90  overlap  20  opt 3 lines  greedy finds it
  space 40  vh   160  overlap  86  opt 2 lines  greedy finds it
  space 41  vh   200  overlap  86  opt 3 lines  DECEPTIVE
  space 42  vh   160  overlap  22  opt 3 lines  DECEPTIVE
  space 43  vh   120  overlap  86  opt 2 lines  greedy finds it
  space 44  vh   200  overlap  86  opt 3 lines  greedy finds it

  scanned 45 spaces in 807s
  deceptive spaces found: 19
  wrote outputs/exp4/deceptive_search.json
