2026-08-26 12:56:48,711 loaded agency: 1 rows
2026-08-26 12:56:48,719 loaded stops: 2949 rows
2026-08-26 12:56:48,720 loaded routes: 42 rows
2026-08-26 12:56:48,730 loaded trips: 5435 rows
2026-08-26 12:56:49,171 loaded stop_times: 365224 rows
2026-08-26 12:56:49,172 loaded calendar: 3 rows
2026-08-26 12:56:49,173 loaded calendar_dates: 79 rows
2026-08-26 12:56:49,219 loaded shapes: 98972 rows
2026-08-26 12:56:49,221 loaded transfers: 1765 rows
2026-08-26 12:56:50,517 validation: 0 errors, 0 warnings
2026-08-26 12:56:50,620 representative weekday: 2026-05-26 (service_ids=['110.0.1', '110.119.1'], occurs 45 days)
2026-08-26 12:56:53,846 cache store baseline-a5bf710e8b2c9129 (53.2 MB, built in 5s)
2026-08-26 12:56:54,145 footpaths: 15573 links (9 from transfers.txt)
2026-08-26 12:56:54,153 raptor network: 2949 stops, 111 patterns, 15573 footpaths
2026-08-26 12:56:54,154 cache store raptor-51c3309f35ffd25f (0.6 MB, built in 0s)
2026-08-26 12:56:54,263 zones: 1397 (637 with transit access within 600 m), 3938 access links
2026-08-26 12:56:54,263 cache store zones-77edf71b615ba370 (0.2 MB, built in 0s)
2026-08-26 12:57:00,656 LODES OD: 4640957 block rows read, 317706 block-group pairs, 823915 trips
2026-08-26 12:57:00,659 accessible OD: 78210 of 317706 pairs, 24.7% of commute flow
2026-08-26 12:57:00,663 OD truncated to top 20000 pairs of 78210 — 64.9% of total flow
2026-08-26 12:57:00,664 cache store od-ba345b9cb167aecb (0.5 MB, built in 6s)
2026-08-26 12:57:00,674 route classes: {'all_day': 25, 'peak_express': 14}
2026-08-26 12:57:00,742 path enumeration: 20000 OD pairs, 636 origin zones, 6 scenarios
2026-08-26 12:58:44,059 rejected 165 malformed candidate paths that failed the re-pricing check
2026-08-26 12:58:44,180 path set: 31528 paths over 17434/20000 OD pairs (86.9% of flow served), 160615 legs
2026-08-26 12:58:44,243 period early   : 31528 paths, 20000 OD pairs
2026-08-26 12:58:44,257 path enumeration: 20000 OD pairs, 636 origin zones, 6 scenarios
2026-08-26 13:00:41,992 rejected 235 malformed candidate paths that failed the re-pricing check
2026-08-26 13:00:42,155 path set: 37576 paths over 19315/20000 OD pairs (96.5% of flow served), 191594 legs
2026-08-26 13:00:42,237 period am_peak : 37576 paths, 20000 OD pairs
2026-08-26 13:00:42,252 path enumeration: 20000 OD pairs, 636 origin zones, 6 scenarios
2026-08-26 13:02:27,008 rejected 127 malformed candidate paths that failed the re-pricing check
2026-08-26 13:02:27,143 path set: 32627 paths over 17437/20000 OD pairs (86.9% of flow served), 166348 legs
2026-08-26 13:02:27,214 period midday  : 32627 paths, 20000 OD pairs
2026-08-26 13:02:27,228 path enumeration: 20000 OD pairs, 636 origin zones, 6 scenarios
2026-08-26 13:04:21,567 rejected 288 malformed candidate paths that failed the re-pricing check
2026-08-26 13:04:21,717 path set: 37471 paths over 18725/20000 OD pairs (93.8% of flow served), 194675 legs
2026-08-26 13:04:21,801 period pm_peak : 37471 paths, 20000 OD pairs
2026-08-26 13:04:21,815 path enumeration: 20000 OD pairs, 636 origin zones, 6 scenarios
2026-08-26 13:06:09,290 rejected 178 malformed candidate paths that failed the re-pricing check
2026-08-26 13:06:09,411 path set: 30623 paths over 17432/20000 OD pairs (86.9% of flow served), 155405 legs
2026-08-26 13:06:09,477 period evening : 30623 paths, 20000 OD pairs
2026-08-26 13:06:09,492 path enumeration: 20000 OD pairs, 636 origin zones, 6 scenarios
2026-08-26 13:07:50,213 rejected 190 malformed candidate paths that failed the re-pricing check
2026-08-26 13:07:50,340 path set: 31511 paths over 17042/20000 OD pairs (85.3% of flow served), 161642 legs
2026-08-26 13:07:50,410 period owl     : 31511 paths, 20000 OD pairs
2026-08-26 13:07:51,094 cache store pathsets-cf1942fbbe78a362 (74.1 MB, built in 650s)
2026-08-26 13:07:51,148 period early   : 31528 paths, 20000 OD pairs
2026-08-26 13:07:51,154 period am_peak : 37576 paths, 20000 OD pairs
2026-08-26 13:07:51,160 period midday  : 32627 paths, 20000 OD pairs
2026-08-26 13:07:51,166 period pm_peak : 37471 paths, 20000 OD pairs
2026-08-26 13:07:51,171 period evening : 30623 paths, 20000 OD pairs
2026-08-26 13:07:51,176 period owl     : 31511 paths, 20000 OD pairs
2026-08-26 13:07:51,215 load profile: 23 route-periods, peak-load factor median 0.32, p90 0.49
2026-08-26 13:07:51,257 load profile: 35 route-periods, peak-load factor median 0.37, p90 1.00
2026-08-26 13:07:51,283 load profile: 25 route-periods, peak-load factor median 0.34, p90 0.48
2026-08-26 13:07:51,314 load profile: 33 route-periods, peak-load factor median 0.37, p90 0.94
2026-08-26 13:07:51,338 load profile: 24 route-periods, peak-load factor median 0.33, p90 0.49
2026-08-26 13:07:51,363 load profile: 22 route-periods, peak-load factor median 0.42, p90 0.50
2026-08-26 13:07:51,363 locking 28 route-periods across 14 routes in classes ('peak_express',)
2026-08-26 13:07:51,440 baseline gc=1.787982e+06 unserved=10886 vh=2517.18
2026-08-26 13:11:56,824 solve lambda=1.0: obj=2.42507e+06 vh=2510.1/2517.2 exchanges=41
2026-08-26 13:11:56,828   lam=1.0  L0 ablation        245s obj -0.6587% gc  -0.56% uns  -0.93% ex=41
