2026-08-29 23:34:52,209 experiment exp2_geometry_eval_20260829T233452Z
2026-08-29 23:34:52,210 result store: 55 cells already solved
2026-08-29 23:34:52,344 cache hit  baseline-a5bf710e8b2c9129 (53.2 MB, 0.1s)
2026-08-29 23:34:52,380 cache hit  raptor-51c3309f35ffd25f (0.6 MB, 0.0s)
2026-08-29 23:34:52,380 cache hit  zones-77edf71b615ba370 (0.2 MB, 0.0s)
2026-08-29 23:34:52,381 cache hit  od-ba345b9cb167aecb (0.5 MB, 0.0s)
2026-08-29 23:34:52,400 route classes: {'all_day': 25, 'peak_express': 14}
2026-08-29 23:34:52,518 cache hit  pathsets-c5f7d2bb11d2932d (81.9 MB, 0.1s)
2026-08-29 23:34:52,518 waiting model: same_route
2026-08-29 23:34:52,708 evaluator pricing: common_lines=same_route (explicit)
2026-08-29 23:34:52,719 period early   : 33571 paths, 20000 OD pairs
2026-08-29 23:34:52,731 period am_peak : 40050 paths, 20000 OD pairs
2026-08-29 23:34:52,738 period midday  : 34003 paths, 20000 OD pairs
2026-08-29 23:34:52,747 period pm_peak : 40231 paths, 20000 OD pairs
2026-08-29 23:34:52,755 period evening : 34989 paths, 20000 OD pairs
2026-08-29 23:34:52,762 period owl     : 34494 paths, 20000 OD pairs
2026-08-29 23:34:52,762 locking 28 route-periods across 14 routes in classes ('peak_express',)
2026-08-29 23:34:52,795 envelope pinned: 2517.2 revenue veh-hours, peak {'early': 85.3, 'am_peak': 162.0, 'midday': 159.2, 'pm_peak': 176.5, 'evening': 140.2, 'owl': 35.6}
2026-08-29 23:34:52,811 forced into the shortlist: splice|011|034|WESHIGW
2026-08-29 23:34:52,811 forced into the shortlist: splice|002|034|WESHIGW
2026-08-29 23:34:52,811 forced into the shortlist: splice|005|006|NMURBEAN
2026-08-29 23:34:52,811 forced into the shortlist: splice|002|011|HIGFITN
2026-08-29 23:34:52,811 shortlist (12, primary=True): ['splice|002|033|WESHIGW', 'splice|033|034|WESHIGW', 'splice|005|021|NMURBEAN', 'splice|011|033|WESHIGW', 'splice|007|101|EMO4THW', 'splice|006|021|NMURBEAN', 'splice|001|021|PICBETS', 'splice|008|035|BOASHAN', 'splice|011|034|WESHIGW', 'splice|002|034|WESHIGW', 'splice|005|006|NMURBEAN', 'splice|002|011|HIGFITN']
2026-08-29 23:35:49,542 generated 60 candidate edits: {'truncate': 12, 'straighten': 12, 'extend': 12, 'splice': 12, 'reroute': 12}
2026-08-29 23:35:49,546 ladder ordered by MEASURED unserved_vs_noedit_pct_lam2.0, best first: ['splice|011|034|WESHIGW', 'splice|033|034|WESHIGW', 'splice|005|006|NMURBEAN', 'splice|011|033|WESHIGW', 'splice|006|021|NMURBEAN', 'splice|002|034|WESHIGW']
2026-08-29 23:35:49,851 footpaths: 15573 links (9 from transfers.txt)
2026-08-29 23:35:49,860 raptor network: 2949 stops, 111 patterns, 15573 footpaths
2026-08-29 23:35:49,965 zones: 1397 (637 with transit access within 600 m), 3938 access links
2026-08-29 23:35:49,974 route classes: {'all_day': 25, 'peak_express': 14}
2026-08-29 23:35:50,019 evaluator pricing: common_lines=same_route (explicit)
2026-08-29 23:35:50,031 path enumeration: 20000 OD pairs, 636 origin zones, 3 scenarios, cap 4 paths/OD
2026-08-29 23:36:38,177 rejected 94 malformed candidate paths that failed the re-pricing check
2026-08-29 23:36:38,258 path set: 24668 paths over 17388/20000 OD pairs (86.7% of flow served), 121381 legs
2026-08-29 23:36:38,302 period early   : 24668 paths, 20000 OD pairs
2026-08-29 23:36:38,313 path enumeration: 20000 OD pairs, 636 origin zones, 3 scenarios, cap 4 paths/OD
