stage B needs a complete stage A table: found 0 of 240 distinct sets in outputs/exp2b_stageA.csv. Promoting from a partial sweep would pick a leader that has not been compared against everything.
stage B needs a complete stage A table: found 0 of 240 distinct sets in outputs/exp2b_stageA.csv. Promoting from a partial sweep would pick a leader that has not been compared against everything.
stage B needs a complete stage A table: found 0 of 240 distinct sets in outputs/exp2b_stageA.csv. Promoting from a partial sweep would pick a leader that has not been compared against everything.
stage B needs a complete stage A table: found 0 of 240 distinct sets in outputs/exp2b_stageA.csv. Promoting from a partial sweep would pick a leader that has not been compared against everything.
stage B needs a complete stage A table: found 0 of 240 distinct sets in outputs/exp2b_stageA.csv. Promoting from a partial sweep would pick a leader that has not been compared against everything.
stage B needs a complete stage A table: found 0 of 240 distinct sets in outputs/exp2b_stageA.csv. Promoting from a partial sweep would pick a leader that has not been compared against everything.
stage B needs a complete stage A table: found 0 of 240 distinct sets in outputs/exp2b_stageA.csv. Promoting from a partial sweep would pick a leader that has not been compared against everything.
stage B needs a complete stage A table: found 0 of 240 distinct sets in outputs/exp2b_stageA.csv. Promoting from a partial sweep would pick a leader that has not been compared against everything.
stage B needs a complete stage A table: found 0 of 240 distinct sets in outputs/exp2b_stageA.csv. Promoting from a partial sweep would pick a leader that has not been compared against everything.
stage B needs a complete stage A table: found 0 of 240 distinct sets in outputs/exp2b_stageA.csv. Promoting from a partial sweep would pick a leader that has not been compared against everything.
stage B needs a complete stage A table: found 0 of 240 distinct sets in outputs/exp2b_stageA.csv. Promoting from a partial sweep would pick a leader that has not been compared against everything.
stage B needs a complete stage A table: found 0 of 240 distinct sets in outputs/exp2b_stageA.csv. Promoting from a partial sweep would pick a leader that has not been compared against everything.
stage B needs a complete stage A table: found 0 of 240 distinct sets in outputs/exp2b_stageA.csv. Promoting from a partial sweep would pick a leader that has not been compared against everything.
stage B needs a complete stage A table: found 0 of 240 distinct sets in outputs/exp2b_stageA.csv. Promoting from a partial sweep would pick a leader that has not been compared against everything.
stage B needs a complete stage A table: found 0 of 240 distinct sets in outputs/exp2b_stageA.csv. Promoting from a partial sweep would pick a leader that has not been compared against everything.
stage B needs a complete stage A table: found 0 of 240 distinct sets in outputs/exp2b_stageA.csv. Promoting from a partial sweep would pick a leader that has not been compared against everything.
stage B needs a complete stage A table: found 0 of 240 distinct sets in outputs/exp2b_stageA.csv. Promoting from a partial sweep would pick a leader that has not been compared against everything.
stage B needs a complete stage A table: found 0 of 240 distinct sets in outputs/exp2b_stageA.csv. Promoting from a partial sweep would pick a leader that has not been compared against everything.
stage B needs a complete stage A table: found 0 of 240 distinct sets in outputs/exp2b_stageA.csv. Promoting from a partial sweep would pick a leader that has not been compared against everything.
stage B needs a complete stage A table: found 0 of 240 distinct sets in outputs/exp2b_stageA.csv. Promoting from a partial sweep would pick a leader that has not been compared against everything.
stage B needs a complete stage A table: found 0 of 240 distinct sets in outputs/exp2b_stageA.csv. Promoting from a partial sweep would pick a leader that has not been compared against everything.
stage B needs a complete stage A table: found 0 of 240 distinct sets in outputs/exp2b_stageA.csv. Promoting from a partial sweep would pick a leader that has not been compared against everything.
stage B needs a complete stage A table: found 174 of 240 distinct sets in outputs/exp2b_stageA.csv. Promoting from a partial sweep would pick a leader that has not been compared against everything.
stage B needs a complete stage A table: found 174 of 240 distinct sets in outputs/exp2b_stageA.csv. Promoting from a partial sweep would pick a leader that has not been compared against everything.
stage B needs a complete stage A table: found 174 of 240 distinct sets in outputs/exp2b_stageA.csv. Promoting from a partial sweep would pick a leader that has not been compared against everything.
stage B needs a complete stage A table: found 174 of 240 distinct sets in outputs/exp2b_stageA.csv. Promoting from a partial sweep would pick a leader that has not been compared against everything.
stage B needs a complete stage A table: found 174 of 240 distinct sets in outputs/exp2b_stageA.csv. Promoting from a partial sweep would pick a leader that has not been compared against everything.
stage B needs a complete stage A table: found 174 of 240 distinct sets in outputs/exp2b_stageA.csv. Promoting from a partial sweep would pick a leader that has not been compared against everything.
stage B needs a complete stage A table: found 174 of 240 distinct sets in outputs/exp2b_stageA.csv. Promoting from a partial sweep would pick a leader that has not been compared against everything.
stage B needs a complete stage A table: found 174 of 240 distinct sets in outputs/exp2b_stageA.csv. Promoting from a partial sweep would pick a leader that has not been compared against everything.
stage B needs a complete stage A table: found 174 of 240 distinct sets in outputs/exp2b_stageA.csv. Promoting from a partial sweep would pick a leader that has not been compared against everything.
stage B needs a complete stage A table: found 174 of 240 distinct sets in outputs/exp2b_stageA.csv. Promoting from a partial sweep would pick a leader that has not been compared against everything.
stage B needs a complete stage A table: found 183 of 240 distinct sets in outputs/exp2b_stageA.csv. Promoting from a partial sweep would pick a leader that has not been compared against everything.
stage B needs a complete stage A table: found 183 of 240 distinct sets in outputs/exp2b_stageA.csv. Promoting from a partial sweep would pick a leader that has not been compared against everything.
stage B needs a complete stage A table: found 183 of 240 distinct sets in outputs/exp2b_stageA.csv. Promoting from a partial sweep would pick a leader that has not been compared against everything.
stage B needs a complete stage A table: found 183 of 240 distinct sets in outputs/exp2b_stageA.csv. Promoting from a partial sweep would pick a leader that has not been compared against everything.
stage B needs a complete stage A table: found 183 of 240 distinct sets in outputs/exp2b_stageA.csv. Promoting from a partial sweep would pick a leader that has not been compared against everything.
stage B needs a complete stage A table: found 183 of 240 distinct sets in outputs/exp2b_stageA.csv. Promoting from a partial sweep would pick a leader that has not been compared against everything.
stage B needs a complete stage A table: found 183 of 240 distinct sets in outputs/exp2b_stageA.csv. Promoting from a partial sweep would pick a leader that has not been compared against everything.
stage B needs a complete stage A table: found 183 of 240 distinct sets in outputs/exp2b_stageA.csv. Promoting from a partial sweep would pick a leader that has not been compared against everything.
stage B needs a complete stage A table: found 183 of 240 distinct sets in outputs/exp2b_stageA.csv. Promoting from a partial sweep would pick a leader that has not been compared against everything.
stage B needs a complete stage A table: found 183 of 240 distinct sets in outputs/exp2b_stageA.csv. Promoting from a partial sweep would pick a leader that has not been compared against everything.
stage B needs a complete stage A table: found 183 of 240 distinct sets in outputs/exp2b_stageA.csv. Promoting from a partial sweep would pick a leader that has not been compared against everything.
stage B needs a complete stage A table: found 183 of 240 distinct sets in outputs/exp2b_stageA.csv. Promoting from a partial sweep would pick a leader that has not been compared against everything.
stage B needs a complete stage A table: found 183 of 240 distinct sets in outputs/exp2b_stageA.csv. Promoting from a partial sweep would pick a leader that has not been compared against everything.
stage B needs a complete stage A table: found 183 of 240 distinct sets in outputs/exp2b_stageA.csv. Promoting from a partial sweep would pick a leader that has not been compared against everything.
stage B needs a complete stage A table: found 233 of 240 distinct sets in outputs/exp2b_stageA.csv. Promoting from a partial sweep would pick a leader that has not been compared against everything.
stage B needs a complete stage A table: found 233 of 240 distinct sets in outputs/exp2b_stageA.csv. Promoting from a partial sweep would pick a leader that has not been compared against everything.
stage B needs a complete stage A table: found 233 of 240 distinct sets in outputs/exp2b_stageA.csv. Promoting from a partial sweep would pick a leader that has not been compared against everything.
2026-08-30 16:19:56,148 promoted 2 within 2.0 floors (0.260 pts) of the leader -0.585%
2026-08-30 16:19:56,151 stage B on 16 promoted sets
2026-08-30 16:19:56,152 stage B: 16 subsets, by cardinality {0: 1, 1: 7, 2: 4, 3: 1, 4: 1, 5: 1, 6: 1}, lambdas [1.0, 2.0, 4.0], effort 60000/2/32
2026-08-30 16:19:56,155 result store: 1 cells already solved
2026-08-30 16:19:56,174 result store: 240 cells solved across 3 shard file(s); writing to exp2b_subsets.jsonl
2026-08-30 16:19:56,276 cache hit  baseline-a5bf710e8b2c9129 (53.2 MB, 0.1s)
2026-08-30 16:19:56,310 cache hit  raptor-51c3309f35ffd25f (0.6 MB, 0.0s)
2026-08-30 16:19:56,311 cache hit  zones-77edf71b615ba370 (0.2 MB, 0.0s)
2026-08-30 16:19:56,312 cache hit  od-ba345b9cb167aecb (0.5 MB, 0.0s)
2026-08-30 16:19:56,323 route classes: {'all_day': 25, 'peak_express': 14}
2026-08-30 16:19:56,445 cache hit  pathsets-c5f7d2bb11d2932d (81.9 MB, 0.1s)
2026-08-30 16:19:56,621 evaluator pricing: common_lines=same_route (explicit)
2026-08-30 16:19:56,630 period early   : 33571 paths, 20000 OD pairs
2026-08-30 16:19:56,639 period am_peak : 40050 paths, 20000 OD pairs
2026-08-30 16:19:56,646 period midday  : 34003 paths, 20000 OD pairs
2026-08-30 16:19:56,656 period pm_peak : 40231 paths, 20000 OD pairs
2026-08-30 16:19:56,663 period evening : 34989 paths, 20000 OD pairs
2026-08-30 16:19:56,671 period owl     : 34494 paths, 20000 OD pairs
2026-08-30 16:19:56,671 locking 28 route-periods across 14 routes in classes ('peak_express',)
2026-08-30 16:19:56,704 envelope pinned: 2517.2 veh-hours; waiting model same_route
