stage C needs stage B's table, or a complete stage A (0 of 240). Certifying an unranked set is not certification.
stage C needs stage B's table, or a complete stage A (0 of 240). Certifying an unranked set is not certification.
stage C needs stage B's table, or a complete stage A (0 of 240). Certifying an unranked set is not certification.
stage C needs stage B's table, or a complete stage A (0 of 240). Certifying an unranked set is not certification.
stage C needs stage B's table, or a complete stage A (0 of 240). Certifying an unranked set is not certification.
stage C needs stage B's table, or a complete stage A (0 of 240). Certifying an unranked set is not certification.
stage C needs stage B's table, or a complete stage A (0 of 240). Certifying an unranked set is not certification.
stage C needs stage B's table, or a complete stage A (0 of 240). Certifying an unranked set is not certification.
stage C needs stage B's table, or a complete stage A (0 of 240). Certifying an unranked set is not certification.
stage C needs stage B's table, or a complete stage A (0 of 240). Certifying an unranked set is not certification.
stage C needs stage B's table, or a complete stage A (0 of 240). Certifying an unranked set is not certification.
stage C needs stage B's table, or a complete stage A (0 of 240). Certifying an unranked set is not certification.
stage C needs stage B's table, or a complete stage A (0 of 240). Certifying an unranked set is not certification.
stage C needs stage B's table, or a complete stage A (0 of 240). Certifying an unranked set is not certification.
stage C needs stage B's table, or a complete stage A (0 of 240). Certifying an unranked set is not certification.
stage C needs stage B's table, or a complete stage A (0 of 240). Certifying an unranked set is not certification.
stage C needs stage B's table, or a complete stage A (0 of 240). Certifying an unranked set is not certification.
stage C needs stage B's table, or a complete stage A (0 of 240). Certifying an unranked set is not certification.
stage C needs stage B's table, or a complete stage A (0 of 240). Certifying an unranked set is not certification.
stage C needs stage B's table, or a complete stage A (0 of 240). Certifying an unranked set is not certification.
stage C needs stage B's table, or a complete stage A (0 of 240). Certifying an unranked set is not certification.
stage C needs stage B's table, or a complete stage A (0 of 240). Certifying an unranked set is not certification.
stage C needs stage B's table, or a complete stage A (174 of 240). Certifying an unranked set is not certification.
stage C needs stage B's table, or a complete stage A (174 of 240). Certifying an unranked set is not certification.
stage C needs stage B's table, or a complete stage A (174 of 240). Certifying an unranked set is not certification.
stage C needs stage B's table, or a complete stage A (174 of 240). Certifying an unranked set is not certification.
stage C needs stage B's table, or a complete stage A (174 of 240). Certifying an unranked set is not certification.
stage C needs stage B's table, or a complete stage A (174 of 240). Certifying an unranked set is not certification.
stage C needs stage B's table, or a complete stage A (174 of 240). Certifying an unranked set is not certification.
stage C needs stage B's table, or a complete stage A (174 of 240). Certifying an unranked set is not certification.
stage C needs stage B's table, or a complete stage A (174 of 240). Certifying an unranked set is not certification.
stage C needs stage B's table, or a complete stage A (174 of 240). Certifying an unranked set is not certification.
stage C needs stage B's table, or a complete stage A (183 of 240). Certifying an unranked set is not certification.
stage C needs stage B's table, or a complete stage A (183 of 240). Certifying an unranked set is not certification.
stage C needs stage B's table, or a complete stage A (183 of 240). Certifying an unranked set is not certification.
stage C needs stage B's table, or a complete stage A (183 of 240). Certifying an unranked set is not certification.
stage C needs stage B's table, or a complete stage A (183 of 240). Certifying an unranked set is not certification.
stage C needs stage B's table, or a complete stage A (183 of 240). Certifying an unranked set is not certification.
stage C needs stage B's table, or a complete stage A (183 of 240). Certifying an unranked set is not certification.
stage C needs stage B's table, or a complete stage A (183 of 240). Certifying an unranked set is not certification.
stage C needs stage B's table, or a complete stage A (183 of 240). Certifying an unranked set is not certification.
stage C needs stage B's table, or a complete stage A (183 of 240). Certifying an unranked set is not certification.
stage C needs stage B's table, or a complete stage A (183 of 240). Certifying an unranked set is not certification.
stage C needs stage B's table, or a complete stage A (183 of 240). Certifying an unranked set is not certification.
stage C needs stage B's table, or a complete stage A (183 of 240). Certifying an unranked set is not certification.
stage C needs stage B's table, or a complete stage A (183 of 240). Certifying an unranked set is not certification.
stage C needs stage B's table, or a complete stage A (233 of 240). Certifying an unranked set is not certification.
stage C needs stage B's table, or a complete stage A (233 of 240). Certifying an unranked set is not certification.
stage C needs stage B's table, or a complete stage A (233 of 240). Certifying an unranked set is not certification.
2026-08-30 16:20:01,484 stage C certifies the leader from exp2b_stageA.csv: splice|011|034|WESHIGW (-0.5846% at discovery effort)
2026-08-30 16:20:01,484 stage C: 2 subsets, by cardinality {0: 1, 1: 1}, lambdas [2.0], effort 400000/20/0
2026-08-30 16:20:01,487 result store: 1 cells already solved
2026-08-30 16:20:01,506 result store: 240 cells solved across 3 shard file(s); writing to exp2b_subsets.jsonl
2026-08-30 16:20:01,626 cache hit  baseline-a5bf710e8b2c9129 (53.2 MB, 0.1s)
2026-08-30 16:20:01,657 cache hit  raptor-51c3309f35ffd25f (0.6 MB, 0.0s)
2026-08-30 16:20:01,658 cache hit  zones-77edf71b615ba370 (0.2 MB, 0.0s)
2026-08-30 16:20:01,659 cache hit  od-ba345b9cb167aecb (0.5 MB, 0.0s)
2026-08-30 16:20:01,669 route classes: {'all_day': 25, 'peak_express': 14}
2026-08-30 16:20:01,786 cache hit  pathsets-c5f7d2bb11d2932d (81.9 MB, 0.1s)
2026-08-30 16:20:01,965 evaluator pricing: common_lines=same_route (explicit)
2026-08-30 16:20:01,974 period early   : 33571 paths, 20000 OD pairs
2026-08-30 16:20:01,983 period am_peak : 40050 paths, 20000 OD pairs
2026-08-30 16:20:01,990 period midday  : 34003 paths, 20000 OD pairs
2026-08-30 16:20:01,999 period pm_peak : 40231 paths, 20000 OD pairs
2026-08-30 16:20:02,006 period evening : 34989 paths, 20000 OD pairs
2026-08-30 16:20:02,014 period owl     : 34494 paths, 20000 OD pairs
2026-08-30 16:20:02,014 locking 28 route-periods across 14 routes in classes ('peak_express',)
2026-08-30 16:20:02,047 envelope pinned: 2517.2 veh-hours; waiting model same_route
