2026-08-28 00:23:17,638 shared candidate universe: 12 (Model A shortlist UNION D16 bound-only entrants, then widened to every splice)
2026-08-28 00:23:17,642 result store: 6 cells already solved
2026-08-28 00:23:18,135 cache hit  baseline-a5bf710e8b2c9129 (53.2 MB, 0.5s)
2026-08-28 00:23:18,181 cache hit  raptor-51c3309f35ffd25f (0.6 MB, 0.0s)
2026-08-28 00:23:18,182 cache hit  zones-77edf71b615ba370 (0.2 MB, 0.0s)
2026-08-28 00:23:18,183 cache hit  od-ba345b9cb167aecb (0.5 MB, 0.0s)
2026-08-28 00:23:18,198 route classes: {'all_day': 25, 'peak_express': 14}
2026-08-28 00:23:19,006 cache hit  pathsets-c5f7d2bb11d2932d (81.9 MB, 0.8s)
2026-08-28 00:23:19,281 period early   : 33571 paths, 20000 OD pairs
2026-08-28 00:23:19,291 period am_peak : 40050 paths, 20000 OD pairs
2026-08-28 00:23:19,299 period midday  : 34003 paths, 20000 OD pairs
2026-08-28 00:23:19,309 period pm_peak : 40231 paths, 20000 OD pairs
2026-08-28 00:23:19,317 period evening : 34989 paths, 20000 OD pairs
2026-08-28 00:23:19,325 period owl     : 34494 paths, 20000 OD pairs
2026-08-28 00:23:19,325 locking 28 route-periods across 14 routes in classes ('peak_express',)
2026-08-28 00:23:19,366 envelope pinned: 2517.2 veh-hours; waiting model same_route
2026-08-28 00:24:40,234 generated 60 candidate edits: {'truncate': 12, 'straighten': 12, 'extend': 12, 'splice': 12, 'reroute': 12}
2026-08-28 00:24:40,685 footpaths: 15573 links (9 from transfers.txt)
2026-08-28 00:24:40,697 raptor network: 2949 stops, 111 patterns, 15573 footpaths
2026-08-28 00:24:40,860 zones: 1397 (637 with transit access within 600 m), 3938 access links
2026-08-28 00:24:40,872 route classes: {'all_day': 25, 'peak_express': 14}
2026-08-28 00:24:40,960 path enumeration: 20000 OD pairs, 636 origin zones, 3 scenarios, cap 4 paths/OD
2026-08-28 00:25:51,347 rejected 94 malformed candidate paths that failed the re-pricing check
2026-08-28 00:25:51,475 path set: 24668 paths over 17388/20000 OD pairs (86.7% of flow served), 121381 legs
2026-08-28 00:25:51,536 period early   : 24668 paths, 20000 OD pairs
2026-08-28 00:25:51,550 path enumeration: 20000 OD pairs, 636 origin zones, 3 scenarios, cap 4 paths/OD
2026-08-28 00:27:10,401 rejected 73 malformed candidate paths that failed the re-pricing check
2026-08-28 00:27:10,673 path set: 28763 paths over 19278/20000 OD pairs (96.2% of flow served), 141637 legs
2026-08-28 00:27:10,751 period am_peak : 28763 paths, 20000 OD pairs
2026-08-28 00:27:10,770 path enumeration: 20000 OD pairs, 636 origin zones, 3 scenarios, cap 4 paths/OD
2026-08-28 00:28:22,153 rejected 72 malformed candidate paths that failed the re-pricing check
2026-08-28 00:28:22,377 path set: 24097 paths over 17389/20000 OD pairs (86.7% of flow served), 118697 legs
2026-08-28 00:28:22,459 period midday  : 24097 paths, 20000 OD pairs
2026-08-28 00:28:22,475 path enumeration: 20000 OD pairs, 636 origin zones, 3 scenarios, cap 4 paths/OD
2026-08-28 00:29:41,492 rejected 121 malformed candidate paths that failed the re-pricing check
2026-08-28 00:29:41,777 path set: 27986 paths over 18673/20000 OD pairs (93.6% of flow served), 139640 legs
2026-08-28 00:29:41,869 period pm_peak : 27986 paths, 20000 OD pairs
2026-08-28 00:29:41,886 path enumeration: 20000 OD pairs, 636 origin zones, 3 scenarios, cap 4 paths/OD
2026-08-28 15:09:13,895 shared candidate universe: 12 (Model A shortlist UNION D16 bound-only entrants, then widened to every splice)
2026-08-28 15:09:13,905 result store: 6 cells already solved
2026-08-28 15:09:16,310 cache hit  baseline-a5bf710e8b2c9129 (53.2 MB, 2.1s)
2026-08-28 15:09:16,509 cache hit  raptor-51c3309f35ffd25f (0.6 MB, 0.0s)
2026-08-28 15:09:16,510 cache hit  zones-77edf71b615ba370 (0.2 MB, 0.0s)
2026-08-28 15:09:16,512 cache hit  od-ba345b9cb167aecb (0.5 MB, 0.0s)
2026-08-28 15:09:16,535 route classes: {'all_day': 25, 'peak_express': 14}
2026-08-28 15:09:18,676 cache hit  pathsets-c5f7d2bb11d2932d (81.9 MB, 2.1s)
2026-08-28 15:09:18,879 period early   : 33571 paths, 20000 OD pairs
2026-08-28 15:09:18,889 period am_peak : 40050 paths, 20000 OD pairs
2026-08-28 15:09:18,896 period midday  : 34003 paths, 20000 OD pairs
2026-08-28 15:09:18,905 period pm_peak : 40231 paths, 20000 OD pairs
2026-08-28 15:09:18,912 period evening : 34989 paths, 20000 OD pairs
2026-08-28 15:09:18,919 period owl     : 34494 paths, 20000 OD pairs
2026-08-28 15:09:18,919 locking 28 route-periods across 14 routes in classes ('peak_express',)
2026-08-28 15:09:19,004 envelope pinned: 2517.2 veh-hours; waiting model same_route
2026-08-28 15:10:19,425 generated 60 candidate edits: {'truncate': 12, 'straighten': 12, 'extend': 12, 'splice': 12, 'reroute': 12}
2026-08-28 15:10:19,749 footpaths: 15573 links (9 from transfers.txt)
2026-08-28 15:10:19,758 raptor network: 2949 stops, 111 patterns, 15573 footpaths
2026-08-28 15:10:19,877 zones: 1397 (637 with transit access within 600 m), 3938 access links
2026-08-28 15:10:19,886 route classes: {'all_day': 25, 'peak_express': 14}
2026-08-28 15:10:19,954 path enumeration: 20000 OD pairs, 636 origin zones, 3 scenarios, cap 4 paths/OD
2026-08-28 15:11:11,764 rejected 94 malformed candidate paths that failed the re-pricing check
2026-08-28 15:11:11,896 path set: 24668 paths over 17388/20000 OD pairs (86.7% of flow served), 121381 legs
2026-08-28 15:11:11,939 period early   : 24668 paths, 20000 OD pairs
2026-08-28 15:11:11,950 path enumeration: 20000 OD pairs, 636 origin zones, 3 scenarios, cap 4 paths/OD
2026-08-28 15:12:09,291 rejected 73 malformed candidate paths that failed the re-pricing check
2026-08-28 15:12:09,513 path set: 28763 paths over 19278/20000 OD pairs (96.2% of flow served), 141637 legs
2026-08-28 15:12:09,570 period am_peak : 28763 paths, 20000 OD pairs
2026-08-28 15:12:09,581 path enumeration: 20000 OD pairs, 636 origin zones, 3 scenarios, cap 4 paths/OD
2026-08-28 15:13:01,323 rejected 72 malformed candidate paths that failed the re-pricing check
2026-08-28 15:13:01,457 path set: 24097 paths over 17389/20000 OD pairs (86.7% of flow served), 118697 legs
2026-08-28 15:13:01,505 period midday  : 24097 paths, 20000 OD pairs
2026-08-28 15:13:01,517 path enumeration: 20000 OD pairs, 636 origin zones, 3 scenarios, cap 4 paths/OD
2026-08-28 15:13:57,816 rejected 121 malformed candidate paths that failed the re-pricing check
2026-08-28 15:13:57,992 path set: 27986 paths over 18673/20000 OD pairs (93.6% of flow served), 139640 legs
2026-08-28 15:13:58,057 period pm_peak : 27986 paths, 20000 OD pairs
2026-08-28 15:13:58,069 path enumeration: 20000 OD pairs, 636 origin zones, 3 scenarios, cap 4 paths/OD
2026-08-28 15:14:52,879 rejected 82 malformed candidate paths that failed the re-pricing check
2026-08-28 15:14:53,032 path set: 24058 paths over 17386/20000 OD pairs (86.6% of flow served), 118267 legs
2026-08-28 15:14:53,079 period evening : 24058 paths, 20000 OD pairs
2026-08-28 15:14:53,091 path enumeration: 20000 OD pairs, 636 origin zones, 3 scenarios, cap 4 paths/OD
2026-08-28 15:15:43,068 rejected 129 malformed candidate paths that failed the re-pricing check
2026-08-28 15:15:43,188 path set: 22669 paths over 17006/20000 OD pairs (85.1% of flow served), 111737 legs
2026-08-28 15:15:43,231 period owl     : 22669 paths, 20000 OD pairs
2026-08-28 15:15:43,231 locking 28 route-periods across 14 routes in classes ('peak_express',)
2026-08-28 15:15:43,581 footpaths: 15573 links (9 from transfers.txt)
2026-08-28 15:15:43,589 raptor network: 2949 stops, 111 patterns, 15573 footpaths
2026-08-28 15:15:43,702 zones: 1397 (637 with transit access within 600 m), 3938 access links
2026-08-28 15:15:43,711 route classes: {'all_day': 24, 'peak_express': 14}
2026-08-28 15:15:43,769 path enumeration: 20000 OD pairs, 636 origin zones, 3 scenarios, cap 4 paths/OD
2026-08-29 14:12:29,730 shared candidate universe: 12 (Model A shortlist UNION D16 bound-only entrants, then widened to every splice)
2026-08-29 14:12:29,738 result store: 6 cells already solved
2026-08-29 14:12:31,841 cache hit  baseline-a5bf710e8b2c9129 (53.2 MB, 2.1s)
2026-08-29 14:12:32,025 cache hit  raptor-51c3309f35ffd25f (0.6 MB, 0.0s)
2026-08-29 14:12:32,027 cache hit  zones-77edf71b615ba370 (0.2 MB, 0.0s)
2026-08-29 14:12:32,029 cache hit  od-ba345b9cb167aecb (0.5 MB, 0.0s)
2026-08-29 14:12:32,058 route classes: {'all_day': 25, 'peak_express': 14}
2026-08-29 14:12:34,265 cache hit  pathsets-c5f7d2bb11d2932d (81.9 MB, 2.2s)
2026-08-29 14:12:34,628 period early   : 33571 paths, 20000 OD pairs
2026-08-29 14:12:34,638 period am_peak : 40050 paths, 20000 OD pairs
2026-08-29 14:12:34,645 period midday  : 34003 paths, 20000 OD pairs
2026-08-29 14:12:34,655 period pm_peak : 40231 paths, 20000 OD pairs
2026-08-29 14:12:34,663 period evening : 34989 paths, 20000 OD pairs
2026-08-29 14:12:34,672 period owl     : 34494 paths, 20000 OD pairs
2026-08-29 14:12:34,672 locking 28 route-periods across 14 routes in classes ('peak_express',)
2026-08-29 14:12:34,711 envelope pinned: 2517.2 veh-hours; waiting model same_route
2026-08-29 14:13:54,100 generated 60 candidate edits: {'truncate': 12, 'straighten': 12, 'extend': 12, 'splice': 12, 'reroute': 12}
2026-08-29 14:13:54,100 control                    all 6 cells already banked, skipping build
2026-08-29 14:13:54,609 footpaths: 15573 links (9 from transfers.txt)
2026-08-29 14:13:54,622 raptor network: 2949 stops, 111 patterns, 15573 footpaths
2026-08-29 14:13:54,800 zones: 1397 (637 with transit access within 600 m), 3938 access links
2026-08-29 14:13:54,812 route classes: {'all_day': 24, 'peak_express': 14}
2026-08-29 14:13:54,917 path enumeration: 20000 OD pairs, 636 origin zones, 3 scenarios, cap 4 paths/OD
2026-08-29 14:15:07,839 rejected 95 malformed candidate paths that failed the re-pricing check
2026-08-29 14:15:08,013 path set: 24621 paths over 17385/20000 OD pairs (86.6% of flow served), 120665 legs
2026-08-29 14:15:08,175 cache store edited-pathset-a68da148472012ae (9.2 MB, built in 0s)
2026-08-29 14:15:08,180 period early   : 24621 paths, 20000 OD pairs
2026-08-29 14:15:08,194 path enumeration: 20000 OD pairs, 636 origin zones, 3 scenarios, cap 4 paths/OD
2026-08-29 14:16:32,273 rejected 68 malformed candidate paths that failed the re-pricing check
2026-08-29 14:16:32,464 path set: 29217 paths over 19280/20000 OD pairs (96.2% of flow served), 144013 legs
2026-08-29 14:16:32,672 cache store edited-pathset-99cc24f73dd92f10 (10.8 MB, built in 0s)
2026-08-29 14:16:32,678 period am_peak : 29217 paths, 20000 OD pairs
2026-08-29 14:16:32,693 path enumeration: 20000 OD pairs, 636 origin zones, 3 scenarios, cap 4 paths/OD
2026-08-29 14:17:48,004 rejected 73 malformed candidate paths that failed the re-pricing check
2026-08-29 14:17:48,133 path set: 24467 paths over 17388/20000 OD pairs (86.7% of flow served), 120792 legs
2026-08-29 14:17:48,239 cache store edited-pathset-ddba3b6f2bf3f36f (9.2 MB, built in 0s)
2026-08-29 14:17:48,244 period midday  : 24467 paths, 20000 OD pairs
2026-08-29 14:17:48,260 path enumeration: 20000 OD pairs, 636 origin zones, 3 scenarios, cap 4 paths/OD
2026-08-29 14:19:08,565 rejected 128 malformed candidate paths that failed the re-pricing check
2026-08-29 14:19:08,717 path set: 28519 paths over 18676/20000 OD pairs (93.6% of flow served), 142239 legs
2026-08-29 14:19:08,836 cache store edited-pathset-59177a429b88e530 (10.6 MB, built in 0s)
2026-08-29 14:19:08,841 period pm_peak : 28519 paths, 20000 OD pairs
2026-08-29 14:19:08,856 path enumeration: 20000 OD pairs, 636 origin zones, 3 scenarios, cap 4 paths/OD
2026-08-29 14:20:26,770 rejected 83 malformed candidate paths that failed the re-pricing check
2026-08-29 14:20:26,901 path set: 24255 paths over 17384/20000 OD pairs (86.6% of flow served), 119608 legs
2026-08-29 14:20:27,072 cache store edited-pathset-d91d13e91dfeeb96 (9.1 MB, built in 0s)
2026-08-29 14:20:27,077 period evening : 24255 paths, 20000 OD pairs
2026-08-29 14:20:27,092 path enumeration: 20000 OD pairs, 636 origin zones, 3 scenarios, cap 4 paths/OD
2026-08-29 14:21:41,716 rejected 147 malformed candidate paths that failed the re-pricing check
2026-08-29 14:21:41,843 path set: 22887 paths over 17004/20000 OD pairs (85.1% of flow served), 112783 legs
2026-08-29 14:21:42,003 cache store edited-pathset-61073aab6518c7c9 (8.6 MB, built in 0s)
2026-08-29 14:21:42,008 period owl     : 22887 paths, 20000 OD pairs
2026-08-29 14:21:42,009 locking 28 route-periods across 14 routes in classes ('peak_express',)
2026-08-29 14:21:42,106 incumbent plan is infeasible under this budget
2026-08-29 14:21:54,508 solve lambda=1.0: obj=1.85307e+06 vh=2439.4/2517.2 exchanges=0
2026-08-29 14:21:54,521   splice|001|021|PICBETS     route_level lam=1.0    12s  Model B gc  +1.453% unserved  -2.044%  (optimizer claimed -70.978%)
2026-08-29 14:21:54,524 incumbent plan is infeasible under this budget
2026-08-29 14:22:06,689 solve lambda=2.0: obj=2.0276e+06 vh=2442.3/2517.2 exchanges=0
2026-08-29 14:22:06,700   splice|001|021|PICBETS     route_level lam=2.0    12s  Model B gc  +1.054% unserved  -1.094%  (optimizer claimed -71.801%)
2026-08-29 14:22:06,704 incumbent plan is infeasible under this budget
2026-08-29 14:22:18,667 solve lambda=4.0: obj=2.37088e+06 vh=2446.3/2517.2 exchanges=0
2026-08-29 14:22:18,678   splice|001|021|PICBETS     route_level lam=4.0    12s  Model B gc  +0.993% unserved  -1.113%  (optimizer claimed -72.127%)
2026-08-29 14:22:18,704 incumbent plan is infeasible under this budget
2026-08-29 14:24:50,740 solve lambda=1.0: obj=2.36754e+06 vh=2514.6/2517.2 exchanges=0
2026-08-29 14:24:50,748   splice|001|021|PICBETS     path_level  lam=1.0   152s  Model B gc  -3.032% unserved  +3.679%  (optimizer claimed  +0.000%)
2026-08-29 14:24:50,770 incumbent plan is infeasible under this budget
2026-08-29 14:27:55,772 solve lambda=2.0: obj=2.96518e+06 vh=2515.5/2517.2 exchanges=0
2026-08-29 14:27:55,790   splice|001|021|PICBETS     path_level  lam=2.0   185s  Model B gc  +0.624% unserved  -5.600%  (optimizer claimed  +0.000%)
2026-08-29 14:27:55,845 incumbent plan is infeasible under this budget
2026-08-29 14:31:03,795 solve lambda=4.0: obj=4.1451e+06 vh=2513.1/2517.2 exchanges=0
2026-08-29 14:31:03,811   splice|001|021|PICBETS     path_level  lam=4.0   188s  Model B gc  +0.895% unserved  -5.869%  (optimizer claimed  +0.000%)
2026-08-29 14:31:04,381 footpaths: 15573 links (9 from transfers.txt)
2026-08-29 14:31:04,393 raptor network: 2949 stops, 111 patterns, 15573 footpaths
2026-08-29 14:31:04,644 zones: 1397 (637 with transit access within 600 m), 3938 access links
2026-08-29 14:31:04,656 route classes: {'all_day': 24, 'peak_express': 14}
2026-08-29 14:31:04,802 path enumeration: 20000 OD pairs, 636 origin zones, 3 scenarios, cap 4 paths/OD
2026-08-29 14:33:04,365 rejected 102 malformed candidate paths that failed the re-pricing check
2026-08-29 14:33:04,560 path set: 24010 paths over 17384/20000 OD pairs (86.6% of flow served), 118793 legs
2026-08-29 14:33:04,769 cache store edited-pathset-7e81063120a2b729 (9.0 MB, built in 0s)
2026-08-29 14:33:04,774 period early   : 24010 paths, 20000 OD pairs
2026-08-29 14:33:04,805 path enumeration: 20000 OD pairs, 636 origin zones, 3 scenarios, cap 4 paths/OD
2026-08-29 14:35:23,169 rejected 113 malformed candidate paths that failed the re-pricing check
2026-08-29 14:35:23,378 path set: 28564 paths over 19273/20000 OD pairs (96.2% of flow served), 142377 legs
2026-08-29 14:35:23,716 cache store edited-pathset-bcd4434d3cd5d0e8 (10.7 MB, built in 0s)
2026-08-29 14:35:23,726 period am_peak : 28564 paths, 20000 OD pairs
2026-08-29 14:35:23,759 path enumeration: 20000 OD pairs, 636 origin zones, 3 scenarios, cap 4 paths/OD
2026-08-29 14:37:29,757 rejected 75 malformed candidate paths that failed the re-pricing check
2026-08-29 14:37:30,021 path set: 23835 paths over 17387/20000 OD pairs (86.6% of flow served), 118797 legs
2026-08-29 14:37:30,223 cache store edited-pathset-7fe1791ebc9fb8f2 (9.0 MB, built in 0s)
2026-08-29 14:37:30,232 period midday  : 23835 paths, 20000 OD pairs
2026-08-29 14:37:30,264 path enumeration: 20000 OD pairs, 636 origin zones, 3 scenarios, cap 4 paths/OD
2026-08-29 14:39:42,947 rejected 139 malformed candidate paths that failed the re-pricing check
2026-08-29 14:39:43,120 path set: 27733 paths over 18672/20000 OD pairs (93.6% of flow served), 140019 legs
2026-08-29 14:39:43,279 cache store edited-pathset-25ad2a6c554fff10 (10.5 MB, built in 0s)
2026-08-29 14:39:43,284 period pm_peak : 27733 paths, 20000 OD pairs
2026-08-29 14:39:43,301 path enumeration: 20000 OD pairs, 636 origin zones, 3 scenarios, cap 4 paths/OD
2026-08-29 14:41:10,894 rejected 104 malformed candidate paths that failed the re-pricing check
2026-08-29 14:41:11,018 path set: 23671 paths over 17384/20000 OD pairs (86.6% of flow served), 117731 legs
2026-08-29 14:41:11,141 cache store edited-pathset-9c7970e848f933f7 (9.0 MB, built in 0s)
2026-08-29 14:41:11,146 period evening : 23671 paths, 20000 OD pairs
2026-08-29 14:41:11,161 path enumeration: 20000 OD pairs, 636 origin zones, 3 scenarios, cap 4 paths/OD
2026-08-29 14:42:26,348 rejected 155 malformed candidate paths that failed the re-pricing check
2026-08-29 14:42:26,469 path set: 22568 paths over 17011/20000 OD pairs (85.1% of flow served), 112660 legs
2026-08-29 14:42:26,580 cache store edited-pathset-5eec6dc04305ffcb (8.6 MB, built in 0s)
2026-08-29 14:42:26,584 period owl     : 22568 paths, 20000 OD pairs
2026-08-29 14:42:26,584 locking 28 route-periods across 14 routes in classes ('peak_express',)
2026-08-29 14:42:26,684 incumbent plan is infeasible under this budget
2026-08-29 14:42:39,518 solve lambda=1.0: obj=1.85046e+06 vh=2436.1/2517.2 exchanges=0
2026-08-29 14:42:39,530   splice|002|011|HIGFITN     route_level lam=1.0    13s  Model B gc  +3.031% unserved  -7.361%  (optimizer claimed -69.428%)
2026-08-29 14:42:39,534 incumbent plan is infeasible under this budget
2026-08-29 14:42:51,944 solve lambda=2.0: obj=2.02038e+06 vh=2442.2/2517.2 exchanges=0
2026-08-29 14:42:51,957   splice|002|011|HIGFITN     route_level lam=2.0    12s  Model B gc  +3.030% unserved  -7.454%  (optimizer claimed -70.864%)
2026-08-29 14:42:51,961 incumbent plan is infeasible under this budget
2026-08-29 14:43:04,247 solve lambda=4.0: obj=2.35438e+06 vh=2446.4/2517.2 exchanges=0
2026-08-29 14:43:04,258   splice|002|011|HIGFITN     route_level lam=4.0    12s  Model B gc  +2.985% unserved  -7.193%  (optimizer claimed -71.353%)
2026-08-29 14:43:04,285 incumbent plan is infeasible under this budget
2026-08-29 14:45:14,542 solve lambda=1.0: obj=2.36735e+06 vh=2514.7/2517.2 exchanges=1
2026-08-29 14:45:14,551   splice|002|011|HIGFITN     path_level  lam=1.0   130s  Model B gc  -1.806% unserved  -0.364%  (optimizer claimed  +0.000%)
2026-08-29 14:45:14,575 incumbent plan is infeasible under this budget
2026-08-29 14:47:35,529 solve lambda=2.0: obj=2.96436e+06 vh=2514.1/2517.2 exchanges=0
2026-08-29 14:47:35,537   splice|002|011|HIGFITN     path_level  lam=2.0   141s  Model B gc  +0.675% unserved  -6.322%  (optimizer claimed  +0.000%)
2026-08-29 14:47:35,563 incumbent plan is infeasible under this budget
2026-08-29 14:49:50,310 solve lambda=4.0: obj=4.14289e+06 vh=2512.9/2517.2 exchanges=0
2026-08-29 14:49:50,319   splice|002|011|HIGFITN     path_level  lam=4.0   135s  Model B gc  +0.975% unserved  -6.641%  (optimizer claimed  +0.000%)
2026-08-29 14:49:50,713 footpaths: 15573 links (9 from transfers.txt)
2026-08-29 14:49:50,725 raptor network: 2949 stops, 111 patterns, 15573 footpaths
2026-08-29 14:49:50,891 zones: 1397 (637 with transit access within 600 m), 3938 access links
2026-08-29 14:49:50,903 route classes: {'all_day': 24, 'peak_express': 14}
2026-08-29 14:49:51,009 path enumeration: 20000 OD pairs, 636 origin zones, 3 scenarios, cap 4 paths/OD
2026-08-29 14:51:06,416 rejected 89 malformed candidate paths that failed the re-pricing check
2026-08-29 14:51:06,549 path set: 24334 paths over 17386/20000 OD pairs (86.6% of flow served), 118523 legs
2026-08-29 14:51:06,663 cache store edited-pathset-2316c8e1d2551bde (9.0 MB, built in 0s)
2026-08-29 14:51:06,668 period early   : 24334 paths, 20000 OD pairs
2026-08-29 14:51:06,683 path enumeration: 20000 OD pairs, 636 origin zones, 3 scenarios, cap 4 paths/OD
2026-08-29 14:52:31,796 rejected 62 malformed candidate paths that failed the re-pricing check
2026-08-29 14:52:31,980 path set: 29279 paths over 19284/20000 OD pairs (96.2% of flow served), 144235 legs
2026-08-29 14:52:32,145 cache store edited-pathset-7980206941694292 (10.8 MB, built in 0s)
2026-08-29 14:52:32,151 period am_peak : 29279 paths, 20000 OD pairs
2026-08-29 14:52:32,167 path enumeration: 20000 OD pairs, 636 origin zones, 3 scenarios, cap 4 paths/OD
2026-08-29 14:54:22,494 rejected 59 malformed candidate paths that failed the re-pricing check
2026-08-29 14:54:22,736 path set: 24441 paths over 17387/20000 OD pairs (86.6% of flow served), 120037 legs
2026-08-29 14:54:22,880 cache store edited-pathset-5ed05593ec88892f (9.1 MB, built in 0s)
2026-08-29 14:54:22,888 period midday  : 24441 paths, 20000 OD pairs
2026-08-29 14:54:22,918 path enumeration: 20000 OD pairs, 636 origin zones, 3 scenarios, cap 4 paths/OD
2026-08-29 14:55:58,649 rejected 114 malformed candidate paths that failed the re-pricing check
2026-08-29 14:55:58,815 path set: 28525 paths over 18689/20000 OD pairs (93.6% of flow served), 141893 legs
2026-08-29 14:55:58,988 cache store edited-pathset-54d7eec1da607707 (10.6 MB, built in 0s)
2026-08-29 14:55:58,994 period pm_peak : 28525 paths, 20000 OD pairs
2026-08-29 14:55:59,009 path enumeration: 20000 OD pairs, 636 origin zones, 3 scenarios, cap 4 paths/OD
2026-08-29 14:57:18,590 rejected 73 malformed candidate paths that failed the re-pricing check
2026-08-29 14:57:18,719 path set: 24508 paths over 17384/20000 OD pairs (86.6% of flow served), 120297 legs
2026-08-29 14:57:18,832 cache store edited-pathset-770150505387d467 (9.1 MB, built in 0s)
2026-08-29 14:57:18,837 period evening : 24508 paths, 20000 OD pairs
2026-08-29 14:57:18,852 path enumeration: 20000 OD pairs, 636 origin zones, 3 scenarios, cap 4 paths/OD
2026-08-29 14:58:34,163 rejected 130 malformed candidate paths that failed the re-pricing check
2026-08-29 14:58:34,281 path set: 23248 paths over 17011/20000 OD pairs (85.1% of flow served), 115039 legs
2026-08-29 14:58:34,388 cache store edited-pathset-42bb50749592f105 (8.8 MB, built in 0s)
2026-08-29 14:58:34,393 period owl     : 23248 paths, 20000 OD pairs
2026-08-29 14:58:34,393 locking 28 route-periods across 14 routes in classes ('peak_express',)
2026-08-29 14:58:34,488     splice|002|033|WESHIGW/route_level incumbent rescaled x1.0002
2026-08-29 14:58:34,492 incumbent snapped to ladder, max drift 0.0415 min
2026-08-29 14:58:34,493 incumbent plan is infeasible under this budget
2026-08-29 14:58:47,481 solve lambda=1.0: obj=1.86999e+06 vh=2436.7/2517.2 exchanges=0
2026-08-29 14:58:47,494   splice|002|033|WESHIGW     route_level lam=1.0    13s  Model B gc  -0.097% unserved  -1.810%  (optimizer claimed -70.456%)
2026-08-29 14:58:47,497 incumbent snapped to ladder, max drift 0.0415 min
2026-08-29 14:58:47,498 incumbent plan is infeasible under this budget
2026-08-29 14:59:00,368 solve lambda=2.0: obj=2.04551e+06 vh=2441.8/2517.2 exchanges=0
2026-08-29 14:59:00,382   splice|002|033|WESHIGW     route_level lam=2.0    13s  Model B gc  -0.300% unserved  -1.457%  (optimizer claimed -71.804%)
2026-08-29 14:59:00,386 incumbent snapped to ladder, max drift 0.0415 min
2026-08-29 14:59:00,386 incumbent plan is infeasible under this budget
2026-08-29 14:59:13,157 solve lambda=4.0: obj=2.39002e+06 vh=2446.7/2517.2 exchanges=0
2026-08-29 14:59:13,169   splice|002|033|WESHIGW     route_level lam=4.0    13s  Model B gc  -0.297% unserved  -1.493%  (optimizer claimed -72.073%)
2026-08-29 14:59:13,180     splice|002|033|WESHIGW/path_level incumbent rescaled x1.0002
2026-08-29 14:59:13,195 incumbent snapped to ladder, max drift 0.0415 min
2026-08-29 14:59:13,207 incumbent plan is infeasible under this budget
2026-08-29 15:01:21,129 solve lambda=1.0: obj=2.35613e+06 vh=2514.5/2517.2 exchanges=0
2026-08-29 15:01:21,139   splice|002|033|WESHIGW     path_level  lam=1.0   128s  Model B gc  -3.695% unserved  +3.119%  (optimizer claimed  +0.000%)
2026-08-29 15:01:21,151 incumbent snapped to ladder, max drift 0.0415 min
2026-08-29 15:01:21,161 incumbent plan is infeasible under this budget
2026-08-29 15:03:31,318 solve lambda=2.0: obj=2.97018e+06 vh=2513.6/2517.2 exchanges=0
2026-08-29 15:03:31,326   splice|002|033|WESHIGW     path_level  lam=2.0   130s  Model B gc  +0.164% unserved  -5.110%  (optimizer claimed  +0.000%)
2026-08-29 15:03:31,339 incumbent snapped to ladder, max drift 0.0415 min
2026-08-29 15:03:31,350 incumbent plan is infeasible under this budget
2026-08-29 15:05:48,243 solve lambda=4.0: obj=4.16063e+06 vh=2512.6/2517.2 exchanges=0
2026-08-29 15:05:48,252   splice|002|033|WESHIGW     path_level  lam=4.0   137s  Model B gc  +0.574% unserved  -5.576%  (optimizer claimed  +0.000%)
2026-08-29 15:05:48,640 footpaths: 15573 links (9 from transfers.txt)
2026-08-29 15:05:48,652 raptor network: 2949 stops, 111 patterns, 15573 footpaths
2026-08-29 15:05:48,825 zones: 1397 (637 with transit access within 600 m), 3938 access links
2026-08-29 15:05:48,837 route classes: {'all_day': 24, 'peak_express': 14}
2026-08-29 15:05:48,947 path enumeration: 20000 OD pairs, 636 origin zones, 3 scenarios, cap 4 paths/OD
2026-08-29 15:07:06,338 rejected 93 malformed candidate paths that failed the re-pricing check
2026-08-29 15:07:06,483 path set: 25395 paths over 17386/20000 OD pairs (86.6% of flow served), 125392 legs
2026-08-29 15:07:06,580 cache store edited-pathset-25fe092026808955 (9.5 MB, built in 0s)
2026-08-29 15:07:06,585 period early   : 25395 paths, 20000 OD pairs
2026-08-29 15:07:06,601 path enumeration: 20000 OD pairs, 636 origin zones, 3 scenarios, cap 4 paths/OD
2026-08-29 15:08:33,261 rejected 62 malformed candidate paths that failed the re-pricing check
2026-08-29 15:08:33,430 path set: 29565 paths over 19279/20000 OD pairs (96.2% of flow served), 145935 legs
2026-08-29 15:08:33,556 cache store edited-pathset-0e33b75374b93234 (10.9 MB, built in 0s)
2026-08-29 15:08:33,562 period am_peak : 29565 paths, 20000 OD pairs
2026-08-29 15:08:33,578 path enumeration: 20000 OD pairs, 636 origin zones, 3 scenarios, cap 4 paths/OD
2026-08-29 15:09:50,847 rejected 65 malformed candidate paths that failed the re-pricing check
2026-08-29 15:09:50,982 path set: 24839 paths over 17387/20000 OD pairs (86.7% of flow served), 122663 legs
2026-08-29 15:09:51,112 cache store edited-pathset-bef970f684d8742b (9.3 MB, built in 0s)
2026-08-29 15:09:51,116 period midday  : 24839 paths, 20000 OD pairs
2026-08-29 15:09:51,133 path enumeration: 20000 OD pairs, 636 origin zones, 3 scenarios, cap 4 paths/OD
2026-08-29 15:11:14,785 rejected 132 malformed candidate paths that failed the re-pricing check
2026-08-29 15:11:14,961 path set: 28850 paths over 18672/20000 OD pairs (93.6% of flow served), 144260 legs
2026-08-29 15:11:15,173 cache store edited-pathset-dc652961062d520d (10.8 MB, built in 0s)
2026-08-29 15:11:15,179 period pm_peak : 28850 paths, 20000 OD pairs
2026-08-29 15:11:15,195 path enumeration: 20000 OD pairs, 636 origin zones, 3 scenarios, cap 4 paths/OD
2026-08-29 15:12:33,809 rejected 79 malformed candidate paths that failed the re-pricing check
2026-08-29 15:12:33,934 path set: 24852 paths over 17384/20000 OD pairs (86.6% of flow served), 122542 legs
2026-08-29 15:12:34,070 cache store edited-pathset-0884ae948f85883e (9.3 MB, built in 0s)
2026-08-29 15:12:34,074 period evening : 24852 paths, 20000 OD pairs
2026-08-29 15:12:34,091 path enumeration: 20000 OD pairs, 636 origin zones, 3 scenarios, cap 4 paths/OD
2026-08-29 15:13:45,999 rejected 152 malformed candidate paths that failed the re-pricing check
2026-08-29 15:13:46,133 path set: 24461 paths over 17011/20000 OD pairs (85.1% of flow served), 120856 legs
2026-08-29 15:13:46,263 cache store edited-pathset-cb16bf7c52d3845b (9.2 MB, built in 0s)
2026-08-29 15:13:46,268 period owl     : 24461 paths, 20000 OD pairs
2026-08-29 15:13:46,268 locking 28 route-periods across 14 routes in classes ('peak_express',)
2026-08-29 15:13:46,374 incumbent plan is infeasible under this budget
2026-08-29 15:13:59,125 solve lambda=1.0: obj=1.86253e+06 vh=2436.8/2517.2 exchanges=0
2026-08-29 15:13:59,138   splice|002|034|WESHIGW     route_level lam=1.0    13s  Model B gc  +3.051% unserved  -7.013%  (optimizer claimed -68.517%)
2026-08-29 15:13:59,142 incumbent plan is infeasible under this budget
2026-08-29 15:14:11,046 solve lambda=2.0: obj=2.0383e+06 vh=2442.8/2517.2 exchanges=0
2026-08-29 15:14:11,059   splice|002|034|WESHIGW     route_level lam=2.0    12s  Model B gc  +2.771% unserved  -6.695%  (optimizer claimed -70.176%)
2026-08-29 15:14:11,063 incumbent plan is infeasible under this budget
2026-08-29 15:14:23,472 solve lambda=4.0: obj=2.38141e+06 vh=2447.1/2517.2 exchanges=0
2026-08-29 15:14:23,487   splice|002|034|WESHIGW     route_level lam=4.0    12s  Model B gc  +2.512% unserved  -6.471%  (optimizer claimed -70.758%)
2026-08-29 15:14:23,518 incumbent plan is infeasible under this budget
2026-08-29 15:16:30,346 solve lambda=1.0: obj=2.36321e+06 vh=2514.3/2517.2 exchanges=0
2026-08-29 15:16:30,359   splice|002|034|WESHIGW     path_level  lam=1.0   127s  Model B gc  -2.891% unserved  +2.450%  (optimizer claimed  +0.000%)
2026-08-29 15:16:30,384 incumbent plan is infeasible under this budget
2026-08-29 15:19:01,665 solve lambda=2.0: obj=2.96313e+06 vh=2514.2/2517.2 exchanges=0
2026-08-29 15:19:01,677   splice|002|034|WESHIGW     path_level  lam=2.0   151s  Model B gc  +0.879% unserved  -6.420%  (optimizer claimed  +0.000%)
2026-08-29 15:19:01,704 incumbent plan is infeasible under this budget
2026-08-29 15:21:19,307 solve lambda=4.0: obj=4.1376e+06 vh=2514.0/2517.2 exchanges=0
2026-08-29 15:21:19,315   splice|002|034|WESHIGW     path_level  lam=4.0   138s  Model B gc  +1.206% unserved  -6.794%  (optimizer claimed  +0.000%)
2026-08-29 15:21:19,764 footpaths: 15573 links (9 from transfers.txt)
2026-08-29 15:21:19,775 raptor network: 2949 stops, 111 patterns, 15573 footpaths
2026-08-29 15:21:19,953 zones: 1397 (637 with transit access within 600 m), 3938 access links
2026-08-29 15:21:19,965 route classes: {'all_day': 24, 'peak_express': 14}
2026-08-29 15:21:20,073 path enumeration: 20000 OD pairs, 636 origin zones, 3 scenarios, cap 4 paths/OD
2026-08-29 15:22:36,683 rejected 95 malformed candidate paths that failed the re-pricing check
2026-08-29 15:22:36,852 path set: 24511 paths over 17388/20000 OD pairs (86.7% of flow served), 120514 legs
2026-08-29 15:22:36,959 cache store edited-pathset-4dfcd02d33290127 (9.1 MB, built in 0s)
2026-08-29 15:22:36,964 period early   : 24511 paths, 20000 OD pairs
2026-08-29 15:22:36,997 path enumeration: 20000 OD pairs, 636 origin zones, 3 scenarios, cap 4 paths/OD
2026-08-29 15:24:05,993 rejected 106 malformed candidate paths that failed the re-pricing check
2026-08-29 15:24:06,165 path set: 29086 paths over 19277/20000 OD pairs (96.2% of flow served), 143222 legs
2026-08-29 15:24:06,329 cache store edited-pathset-ab3fc4115bb6f90d (10.7 MB, built in 0s)
2026-08-29 15:24:06,335 period am_peak : 29086 paths, 20000 OD pairs
2026-08-29 15:24:06,351 path enumeration: 20000 OD pairs, 636 origin zones, 3 scenarios, cap 4 paths/OD
2026-08-29 15:25:22,457 rejected 94 malformed candidate paths that failed the re-pricing check
2026-08-29 15:25:22,598 path set: 24249 paths over 17388/20000 OD pairs (86.7% of flow served), 119284 legs
2026-08-29 15:25:22,701 cache store edited-pathset-71d314def2c75b1b (9.1 MB, built in 0s)
2026-08-29 15:25:22,706 period midday  : 24249 paths, 20000 OD pairs
2026-08-29 15:25:22,725 path enumeration: 20000 OD pairs, 636 origin zones, 3 scenarios, cap 4 paths/OD
2026-08-29 15:26:46,403 rejected 142 malformed candidate paths that failed the re-pricing check
2026-08-29 15:26:46,554 path set: 28203 paths over 18672/20000 OD pairs (93.6% of flow served), 140543 legs
2026-08-29 15:26:46,705 cache store edited-pathset-172601941632ad53 (10.5 MB, built in 0s)
2026-08-29 15:26:46,710 period pm_peak : 28203 paths, 20000 OD pairs
2026-08-29 15:26:46,726 path enumeration: 20000 OD pairs, 636 origin zones, 3 scenarios, cap 4 paths/OD
2026-08-29 15:28:05,412 rejected 95 malformed candidate paths that failed the re-pricing check
2026-08-29 15:28:05,536 path set: 24098 paths over 17385/20000 OD pairs (86.6% of flow served), 118419 legs
2026-08-29 15:28:05,654 cache store edited-pathset-86b1b1886e4ba991 (9.0 MB, built in 0s)
2026-08-29 15:28:05,659 period evening : 24098 paths, 20000 OD pairs
2026-08-29 15:28:05,675 path enumeration: 20000 OD pairs, 636 origin zones, 3 scenarios, cap 4 paths/OD
2026-08-29 15:29:16,201 rejected 135 malformed candidate paths that failed the re-pricing check
2026-08-29 15:29:16,321 path set: 22531 paths over 17006/20000 OD pairs (85.1% of flow served), 110167 legs
2026-08-29 15:29:16,441 cache store edited-pathset-c9da8a92262a0071 (8.4 MB, built in 0s)
2026-08-29 15:29:16,446 period owl     : 22531 paths, 20000 OD pairs
2026-08-29 15:29:16,447 locking 28 route-periods across 14 routes in classes ('peak_express',)
2026-08-29 15:29:16,556 incumbent plan is infeasible under this budget
2026-08-29 15:29:29,323 solve lambda=1.0: obj=1.85228e+06 vh=2440.1/2517.2 exchanges=0
2026-08-29 15:29:29,336   splice|005|006|NMURBEAN    route_level lam=1.0    13s  Model B gc  +2.196% unserved  -3.987%  (optimizer claimed -70.279%)
2026-08-29 15:29:29,340 incumbent plan is infeasible under this budget
2026-08-29 15:29:41,348 solve lambda=2.0: obj=2.02668e+06 vh=2442.8/2517.2 exchanges=0
2026-08-29 15:29:41,361   splice|005|006|NMURBEAN    route_level lam=2.0    12s  Model B gc  +2.005% unserved  -3.627%  (optimizer claimed -71.083%)
2026-08-29 15:29:41,365 incumbent plan is infeasible under this budget
2026-08-29 15:29:53,057 solve lambda=4.0: obj=2.36715e+06 vh=2447.3/2517.2 exchanges=0
2026-08-29 15:29:53,071   splice|005|006|NMURBEAN    route_level lam=4.0    12s  Model B gc  +1.744% unserved  -3.095%  (optimizer claimed -71.723%)
2026-08-29 15:29:53,097 incumbent plan is infeasible under this budget
2026-08-29 15:32:07,637 solve lambda=1.0: obj=2.37115e+06 vh=2515.2/2517.2 exchanges=0
2026-08-29 15:32:07,645   splice|005|006|NMURBEAN    path_level  lam=1.0   135s  Model B gc  -3.256% unserved  +5.168%  (optimizer claimed  +0.000%)
2026-08-29 15:32:07,672 incumbent plan is infeasible under this budget
2026-08-29 15:34:27,955 solve lambda=2.0: obj=2.96355e+06 vh=2514.8/2517.2 exchanges=0
2026-08-29 15:34:27,965   splice|005|006|NMURBEAN    path_level  lam=2.0   140s  Model B gc  +1.028% unserved  -6.123%  (optimizer claimed  +0.000%)
2026-08-29 15:34:27,989 incumbent plan is infeasible under this budget
2026-08-29 15:36:50,565 solve lambda=4.0: obj=4.13593e+06 vh=2515.2/2517.2 exchanges=0
2026-08-29 15:36:50,574   splice|005|006|NMURBEAN    path_level  lam=4.0   143s  Model B gc  +1.263% unserved  -6.364%  (optimizer claimed  +0.000%)
2026-08-29 15:36:50,986 footpaths: 15573 links (9 from transfers.txt)
2026-08-29 15:36:50,999 raptor network: 2949 stops, 111 patterns, 15573 footpaths
2026-08-29 15:36:51,172 zones: 1397 (637 with transit access within 600 m), 3938 access links
2026-08-29 15:36:51,184 route classes: {'all_day': 24, 'peak_express': 14}
2026-08-29 15:36:51,289 path enumeration: 20000 OD pairs, 636 origin zones, 3 scenarios, cap 4 paths/OD
2026-08-29 15:38:02,661 rejected 94 malformed candidate paths that failed the re-pricing check
2026-08-29 15:38:02,794 path set: 24432 paths over 17385/20000 OD pairs (86.6% of flow served), 120179 legs
2026-08-29 15:38:02,872 cache store edited-pathset-70fd0096f206e58a (9.1 MB, built in 0s)
2026-08-29 15:38:02,877 period early   : 24432 paths, 20000 OD pairs
2026-08-29 15:38:02,892 path enumeration: 20000 OD pairs, 636 origin zones, 3 scenarios, cap 4 paths/OD
2026-08-29 15:39:26,714 rejected 81 malformed candidate paths that failed the re-pricing check
2026-08-29 15:39:26,872 path set: 28719 paths over 19283/20000 OD pairs (96.3% of flow served), 141348 legs
2026-08-29 15:39:27,024 cache store edited-pathset-20576ba0c2908d1d (10.6 MB, built in 0s)
2026-08-29 15:39:27,029 period am_peak : 28719 paths, 20000 OD pairs
2026-08-29 15:39:27,046 path enumeration: 20000 OD pairs, 636 origin zones, 3 scenarios, cap 4 paths/OD
2026-08-29 15:40:43,474 rejected 79 malformed candidate paths that failed the re-pricing check
2026-08-29 15:40:43,610 path set: 24054 paths over 17387/20000 OD pairs (86.7% of flow served), 118313 legs
2026-08-29 15:40:43,736 cache store edited-pathset-f953b8c99c916be3 (9.0 MB, built in 0s)
2026-08-29 15:40:43,741 period midday  : 24054 paths, 20000 OD pairs
2026-08-29 15:40:43,757 path enumeration: 20000 OD pairs, 636 origin zones, 3 scenarios, cap 4 paths/OD
2026-08-29 15:42:08,187 rejected 140 malformed candidate paths that failed the re-pricing check
2026-08-29 15:42:08,342 path set: 28131 paths over 18736/20000 OD pairs (93.8% of flow served), 140397 legs
2026-08-29 15:42:08,499 cache store edited-pathset-7f1566940f9fff29 (10.5 MB, built in 0s)
2026-08-29 15:42:08,504 period pm_peak : 28131 paths, 20000 OD pairs
2026-08-29 15:42:08,521 path enumeration: 20000 OD pairs, 636 origin zones, 3 scenarios, cap 4 paths/OD
2026-08-29 15:43:27,864 rejected 83 malformed candidate paths that failed the re-pricing check
2026-08-29 15:43:27,988 path set: 23966 paths over 17384/20000 OD pairs (86.6% of flow served), 117534 legs
2026-08-29 15:43:28,124 cache store edited-pathset-1106c3cb3dfe69d8 (8.9 MB, built in 0s)
2026-08-29 15:43:28,129 period evening : 23966 paths, 20000 OD pairs
2026-08-29 15:43:28,146 path enumeration: 20000 OD pairs, 636 origin zones, 3 scenarios, cap 4 paths/OD
2026-08-29 15:44:49,127 rejected 135 malformed candidate paths that failed the re-pricing check
2026-08-29 15:44:49,277 path set: 22562 paths over 17004/20000 OD pairs (85.1% of flow served), 110938 legs
2026-08-29 15:44:49,415 cache store edited-pathset-269452d345df3f12 (8.5 MB, built in 0s)
2026-08-29 15:44:49,420 period owl     : 22562 paths, 20000 OD pairs
2026-08-29 15:44:49,420 locking 28 route-periods across 14 routes in classes ('peak_express',)
2026-08-29 15:44:49,541 incumbent plan is infeasible under this budget
2026-08-29 15:45:04,402 solve lambda=1.0: obj=1.84451e+06 vh=2438.2/2517.2 exchanges=0
2026-08-29 15:45:04,417   splice|005|021|NMURBEAN    route_level lam=1.0    15s  Model B gc  +1.122% unserved  -2.573%  (optimizer claimed -71.727%)
2026-08-29 15:45:04,421 incumbent plan is infeasible under this budget
2026-08-29 15:45:18,890 solve lambda=2.0: obj=2.01353e+06 vh=2442.8/2517.2 exchanges=0
2026-08-29 15:45:18,905   splice|005|021|NMURBEAN    route_level lam=2.0    14s  Model B gc  +0.595% unserved  -1.816%  (optimizer claimed -72.732%)
2026-08-29 15:45:18,910 incumbent plan is infeasible under this budget
2026-08-29 15:45:33,481 solve lambda=4.0: obj=2.3475e+06 vh=2446.1/2517.2 exchanges=0
2026-08-29 15:45:33,496   splice|005|021|NMURBEAN    route_level lam=4.0    15s  Model B gc  +0.553% unserved  -1.873%  (optimizer claimed -72.983%)
2026-08-29 15:45:33,524 incumbent plan is infeasible under this budget
2026-08-29 15:47:57,790 solve lambda=1.0: obj=2.36094e+06 vh=2514.2/2517.2 exchanges=0
2026-08-29 15:47:57,798   splice|005|021|NMURBEAN    path_level  lam=1.0   144s  Model B gc  -3.982% unserved  +5.159%  (optimizer claimed  +0.000%)
2026-08-29 15:47:57,826 incumbent plan is infeasible under this budget
2026-08-29 15:50:33,763 solve lambda=2.0: obj=2.96619e+06 vh=2514.0/2517.2 exchanges=0
2026-08-29 15:50:33,775   splice|005|021|NMURBEAN    path_level  lam=2.0   156s  Model B gc  +1.011% unserved  -6.541%  (optimizer claimed  +0.000%)
2026-08-29 15:50:33,804 incumbent plan is infeasible under this budget
2026-08-29 15:52:52,419 solve lambda=4.0: obj=4.1446e+06 vh=2514.3/2517.2 exchanges=0
2026-08-29 15:52:52,427   splice|005|021|NMURBEAN    path_level  lam=4.0   139s  Model B gc  +1.334% unserved  -6.914%  (optimizer claimed  +0.000%)
2026-08-29 15:52:52,946 footpaths: 15573 links (9 from transfers.txt)
2026-08-29 15:52:52,958 raptor network: 2949 stops, 111 patterns, 15573 footpaths
2026-08-29 15:52:53,167 zones: 1397 (637 with transit access within 600 m), 3938 access links
2026-08-29 15:52:53,181 route classes: {'all_day': 24, 'peak_express': 14}
2026-08-29 15:52:53,293 path enumeration: 20000 OD pairs, 636 origin zones, 3 scenarios, cap 4 paths/OD
2026-08-29 15:54:05,936 rejected 100 malformed candidate paths that failed the re-pricing check
2026-08-29 15:54:06,073 path set: 24552 paths over 17386/20000 OD pairs (86.7% of flow served), 120735 legs
2026-08-29 15:54:06,170 cache store edited-pathset-a0e44f4676f8f50c (9.2 MB, built in 0s)
2026-08-29 15:54:06,175 period early   : 24552 paths, 20000 OD pairs
2026-08-29 15:54:06,190 path enumeration: 20000 OD pairs, 636 origin zones, 3 scenarios, cap 4 paths/OD
2026-08-29 15:55:27,922 rejected 100 malformed candidate paths that failed the re-pricing check
2026-08-29 15:55:28,074 path set: 28917 paths over 19275/20000 OD pairs (96.2% of flow served), 141811 legs
2026-08-29 15:55:28,245 cache store edited-pathset-ef4db6a3b6ec345d (10.6 MB, built in 0s)
2026-08-29 15:55:28,250 period am_peak : 28917 paths, 20000 OD pairs
2026-08-29 15:55:28,266 path enumeration: 20000 OD pairs, 636 origin zones, 3 scenarios, cap 4 paths/OD
2026-08-29 15:56:41,765 rejected 95 malformed candidate paths that failed the re-pricing check
2026-08-29 15:56:41,902 path set: 24455 paths over 17383/20000 OD pairs (86.6% of flow served), 120031 legs
2026-08-29 15:56:42,019 cache store edited-pathset-ef4c23140aa43b49 (9.1 MB, built in 0s)
2026-08-29 15:56:42,024 period midday  : 24455 paths, 20000 OD pairs
2026-08-29 15:56:42,039 path enumeration: 20000 OD pairs, 636 origin zones, 3 scenarios, cap 4 paths/OD
2026-08-29 15:58:01,279 rejected 152 malformed candidate paths that failed the re-pricing check
2026-08-29 15:58:01,429 path set: 28239 paths over 18677/20000 OD pairs (93.6% of flow served), 140305 legs
2026-08-29 15:58:01,549 cache store edited-pathset-2aaf01df03ba25a9 (10.5 MB, built in 0s)
2026-08-29 15:58:01,555 period pm_peak : 28239 paths, 20000 OD pairs
2026-08-29 15:58:01,572 path enumeration: 20000 OD pairs, 636 origin zones, 3 scenarios, cap 4 paths/OD
2026-08-29 15:59:16,933 rejected 109 malformed candidate paths that failed the re-pricing check
2026-08-29 15:59:17,052 path set: 24133 paths over 17379/20000 OD pairs (86.6% of flow served), 117934 legs
2026-08-29 15:59:17,171 cache store edited-pathset-3fa681bd9fb0d38b (9.0 MB, built in 0s)
2026-08-29 15:59:17,176 period evening : 24133 paths, 20000 OD pairs
2026-08-29 15:59:17,192 path enumeration: 20000 OD pairs, 636 origin zones, 3 scenarios, cap 4 paths/OD
2026-08-29 16:00:35,518 rejected 170 malformed candidate paths that failed the re-pricing check
2026-08-29 16:00:35,662 path set: 22503 paths over 17005/20000 OD pairs (85.1% of flow served), 109820 legs
2026-08-29 16:00:35,793 cache store edited-pathset-8f44594549f63780 (8.4 MB, built in 0s)
2026-08-29 16:00:35,798 period owl     : 22503 paths, 20000 OD pairs
2026-08-29 16:00:35,799 locking 28 route-periods across 14 routes in classes ('peak_express',)
2026-08-29 16:00:35,912     splice|006|021|NMURBEAN/route_level incumbent rescaled x1.0002
2026-08-29 16:00:35,917 incumbent snapped to ladder, max drift 0.0492 min
2026-08-29 16:00:35,917 incumbent plan is infeasible under this budget
2026-08-29 16:00:50,726 solve lambda=1.0: obj=1.87567e+06 vh=2437.3/2517.2 exchanges=0
2026-08-29 16:00:50,741   splice|006|021|NMURBEAN    route_level lam=1.0    15s  Model B gc  +1.866% unserved  -4.508%  (optimizer claimed -69.169%)
2026-08-29 16:00:50,745 incumbent snapped to ladder, max drift 0.0492 min
2026-08-29 16:00:50,745 incumbent plan is infeasible under this budget
2026-08-29 16:01:05,040 solve lambda=2.0: obj=2.0544e+06 vh=2442.7/2517.2 exchanges=0
2026-08-29 16:01:05,055   splice|006|021|NMURBEAN    route_level lam=2.0    14s  Model B gc  +1.604% unserved  -4.341%  (optimizer claimed -69.840%)
2026-08-29 16:01:05,059 incumbent snapped to ladder, max drift 0.0492 min
2026-08-29 16:01:05,059 incumbent plan is infeasible under this budget
2026-08-29 16:01:19,162 solve lambda=4.0: obj=2.40509e+06 vh=2448.5/2517.2 exchanges=0
2026-08-29 16:01:19,175   splice|006|021|NMURBEAN    route_level lam=4.0    14s  Model B gc  +1.523% unserved  -4.440%  (optimizer claimed -70.336%)
2026-08-29 16:01:19,188     splice|006|021|NMURBEAN/path_level incumbent rescaled x1.0002
2026-08-29 16:01:19,204 incumbent snapped to ladder, max drift 0.0492 min
2026-08-29 16:01:19,216 incumbent plan is infeasible under this budget
2026-08-29 16:03:33,151 solve lambda=1.0: obj=2.35983e+06 vh=2514.6/2517.2 exchanges=0
2026-08-29 16:03:33,160   splice|006|021|NMURBEAN    path_level  lam=1.0   134s  Model B gc  -3.498% unserved  +4.014%  (optimizer claimed  +0.000%)
2026-08-29 16:03:33,172 incumbent snapped to ladder, max drift 0.0492 min
2026-08-29 16:03:33,183 incumbent plan is infeasible under this budget
2026-08-29 16:05:53,078 solve lambda=2.0: obj=2.96196e+06 vh=2514.6/2517.2 exchanges=0
2026-08-29 16:05:53,088   splice|006|021|NMURBEAN    path_level  lam=2.0   140s  Model B gc  +0.615% unserved  -5.561%  (optimizer claimed  +0.000%)
2026-08-29 16:05:53,102 incumbent snapped to ladder, max drift 0.0492 min
2026-08-29 16:05:53,114 incumbent plan is infeasible under this budget
2026-08-29 16:08:18,955 solve lambda=4.0: obj=4.13611e+06 vh=2514.1/2517.2 exchanges=0
2026-08-29 16:08:18,966   splice|006|021|NMURBEAN    path_level  lam=4.0   146s  Model B gc  +0.924% unserved  -5.926%  (optimizer claimed  +0.000%)
2026-08-29 16:08:19,385 footpaths: 15573 links (9 from transfers.txt)
2026-08-29 16:08:19,397 raptor network: 2949 stops, 111 patterns, 15573 footpaths
2026-08-29 16:08:19,577 zones: 1397 (637 with transit access within 600 m), 3938 access links
2026-08-29 16:08:19,588 route classes: {'all_day': 24, 'peak_express': 14}
2026-08-29 16:08:19,690 path enumeration: 20000 OD pairs, 636 origin zones, 3 scenarios, cap 4 paths/OD
2026-08-29 16:09:33,979 rejected 98 malformed candidate paths that failed the re-pricing check
2026-08-29 16:09:34,112 path set: 25280 paths over 17388/20000 OD pairs (86.7% of flow served), 124683 legs
2026-08-29 16:09:34,245 cache store edited-pathset-23a6b34aaa6e2b2a (9.4 MB, built in 0s)
2026-08-29 16:09:34,249 period early   : 25280 paths, 20000 OD pairs
2026-08-29 16:09:34,265 path enumeration: 20000 OD pairs, 636 origin zones, 3 scenarios, cap 4 paths/OD
2026-08-29 16:10:58,336 rejected 73 malformed candidate paths that failed the re-pricing check
2026-08-29 16:10:58,498 path set: 29216 paths over 19282/20000 OD pairs (96.2% of flow served), 144496 legs
2026-08-29 16:10:58,644 cache store edited-pathset-c77df756ce70f16b (10.8 MB, built in 0s)
2026-08-29 16:10:58,650 period am_peak : 29216 paths, 20000 OD pairs
2026-08-29 16:10:58,666 path enumeration: 20000 OD pairs, 636 origin zones, 3 scenarios, cap 4 paths/OD
2026-08-29 16:12:12,894 rejected 72 malformed candidate paths that failed the re-pricing check
2026-08-29 16:12:13,028 path set: 24686 paths over 17389/20000 OD pairs (86.7% of flow served), 122434 legs
2026-08-29 16:12:13,153 cache store edited-pathset-7444c97b69684e1d (9.3 MB, built in 0s)
2026-08-29 16:12:13,158 period midday  : 24686 paths, 20000 OD pairs
2026-08-29 16:12:13,176 path enumeration: 20000 OD pairs, 636 origin zones, 3 scenarios, cap 4 paths/OD
2026-08-29 16:13:32,410 rejected 219 malformed candidate paths that failed the re-pricing check
2026-08-29 16:13:32,561 path set: 28381 paths over 18666/20000 OD pairs (93.6% of flow served), 142149 legs
2026-08-29 16:13:32,716 cache store edited-pathset-5b190f2e8cb85170 (10.6 MB, built in 0s)
2026-08-29 16:13:32,721 period pm_peak : 28381 paths, 20000 OD pairs
2026-08-29 16:13:32,739 path enumeration: 20000 OD pairs, 636 origin zones, 3 scenarios, cap 4 paths/OD
2026-08-29 16:14:50,011 rejected 81 malformed candidate paths that failed the re-pricing check
2026-08-29 16:14:50,138 path set: 24663 paths over 17386/20000 OD pairs (86.6% of flow served), 122129 legs
2026-08-29 16:14:50,259 cache store edited-pathset-08c1621829d58763 (9.3 MB, built in 0s)
2026-08-29 16:14:50,264 period evening : 24663 paths, 20000 OD pairs
2026-08-29 16:14:50,280 path enumeration: 20000 OD pairs, 636 origin zones, 3 scenarios, cap 4 paths/OD
2026-08-29 18:38:49,681 shared candidate universe: 12 (Model A shortlist UNION D16 bound-only entrants, then widened to every splice)
2026-08-29 18:38:50,194 result store: 48 cells already solved
2026-08-29 18:38:51,965 cache hit  baseline-a5bf710e8b2c9129 (53.2 MB, 1.8s)
2026-08-29 18:38:52,288 cache hit  raptor-51c3309f35ffd25f (0.6 MB, 0.2s)
2026-08-29 18:38:52,371 cache hit  zones-77edf71b615ba370 (0.2 MB, 0.1s)
2026-08-29 18:38:52,372 cache hit  od-ba345b9cb167aecb (0.5 MB, 0.0s)
2026-08-29 18:38:52,395 route classes: {'all_day': 25, 'peak_express': 14}
2026-08-29 18:38:54,721 cache hit  pathsets-c5f7d2bb11d2932d (81.9 MB, 2.3s)
2026-08-29 18:38:54,938 period early   : 33571 paths, 20000 OD pairs
2026-08-29 18:38:54,947 period am_peak : 40050 paths, 20000 OD pairs
2026-08-29 18:38:54,955 period midday  : 34003 paths, 20000 OD pairs
2026-08-29 18:38:54,964 period pm_peak : 40231 paths, 20000 OD pairs
2026-08-29 18:38:54,972 period evening : 34989 paths, 20000 OD pairs
2026-08-29 18:38:54,979 period owl     : 34494 paths, 20000 OD pairs
2026-08-29 18:38:54,979 locking 28 route-periods across 14 routes in classes ('peak_express',)
2026-08-29 18:38:55,049 envelope pinned: 2517.2 veh-hours; waiting model same_route
2026-08-29 18:39:54,084 generated 60 candidate edits: {'truncate': 12, 'straighten': 12, 'extend': 12, 'splice': 12, 'reroute': 12}
2026-08-29 18:39:54,084 control                    all 6 cells already banked, skipping build
2026-08-29 18:39:54,084 splice|001|021|PICBETS     all 6 cells already banked, skipping build
2026-08-29 18:39:54,084 splice|002|011|HIGFITN     all 6 cells already banked, skipping build
2026-08-29 18:39:54,084 splice|002|033|WESHIGW     all 6 cells already banked, skipping build
2026-08-29 18:39:54,084 splice|002|034|WESHIGW     all 6 cells already banked, skipping build
2026-08-29 18:39:54,085 splice|005|006|NMURBEAN    all 6 cells already banked, skipping build
2026-08-29 18:39:54,085 splice|005|021|NMURBEAN    all 6 cells already banked, skipping build
2026-08-29 18:39:54,085 splice|006|021|NMURBEAN    all 6 cells already banked, skipping build
2026-08-29 18:39:54,413 footpaths: 15573 links (9 from transfers.txt)
2026-08-29 18:39:54,422 raptor network: 2949 stops, 111 patterns, 15573 footpaths
2026-08-29 18:39:54,533 zones: 1397 (637 with transit access within 600 m), 3938 access links
2026-08-29 18:39:54,542 route classes: {'all_day': 24, 'peak_express': 14}
2026-08-29 18:39:54,849 cache hit  edited-pathset-23a6b34aaa6e2b2a (9.4 MB, 0.2s)
2026-08-29 18:39:54,854 period early   : 25280 paths, 20000 OD pairs
2026-08-29 18:39:55,069 cache hit  edited-pathset-c77df756ce70f16b (10.8 MB, 0.2s)
2026-08-29 18:39:55,075 period am_peak : 29216 paths, 20000 OD pairs
2026-08-29 18:39:55,274 cache hit  edited-pathset-7444c97b69684e1d (9.3 MB, 0.2s)
2026-08-29 18:39:55,278 period midday  : 24686 paths, 20000 OD pairs
2026-08-29 18:39:55,539 cache hit  edited-pathset-5b190f2e8cb85170 (10.6 MB, 0.3s)
2026-08-29 18:39:55,544 period pm_peak : 28381 paths, 20000 OD pairs
2026-08-29 18:39:55,705 cache hit  edited-pathset-08c1621829d58763 (9.3 MB, 0.2s)
2026-08-29 18:39:55,709 period evening : 24663 paths, 20000 OD pairs
2026-08-29 18:39:55,731 path enumeration: 20000 OD pairs, 636 origin zones, 3 scenarios, cap 4 paths/OD
2026-08-29 18:40:46,914 rejected 134 malformed candidate paths that failed the re-pricing check
2026-08-29 18:40:47,010 path set: 22814 paths over 17005/20000 OD pairs (85.1% of flow served), 113123 legs
2026-08-29 18:40:47,097 cache store edited-pathset-ae580f6d3a223312 (8.6 MB, built in 0s)
2026-08-29 18:40:47,101 period owl     : 22814 paths, 20000 OD pairs
2026-08-29 18:40:47,101 locking 28 route-periods across 14 routes in classes ('peak_express',)
2026-08-29 18:40:47,170 incumbent plan is infeasible under this budget
2026-08-29 18:40:54,005 solve lambda=1.0: obj=1.88057e+06 vh=2439.0/2517.2 exchanges=0
2026-08-29 18:40:54,015   splice|007|101|EMO4THW     route_level lam=1.0     7s  Model B gc  +1.796% unserved  -5.121%  (optimizer claimed -69.183%)
2026-08-29 18:40:54,017 incumbent plan is infeasible under this budget
2026-08-29 18:41:00,573 solve lambda=2.0: obj=2.05838e+06 vh=2442.4/2517.2 exchanges=0
2026-08-29 18:41:00,582   splice|007|101|EMO4THW     route_level lam=2.0     7s  Model B gc  +1.295% unserved  -4.605%  (optimizer claimed -70.455%)
2026-08-29 18:41:00,585 incumbent plan is infeasible under this budget
2026-08-29 18:41:06,754 solve lambda=4.0: obj=2.40488e+06 vh=2449.6/2517.2 exchanges=0
2026-08-29 18:41:06,762   splice|007|101|EMO4THW     route_level lam=4.0     6s  Model B gc  +1.015% unserved  -4.382%  (optimizer claimed -71.010%)
2026-08-29 18:41:06,783 incumbent plan is infeasible under this budget
2026-08-29 18:42:38,357 solve lambda=1.0: obj=2.35048e+06 vh=2514.0/2517.2 exchanges=0
2026-08-29 18:42:38,366   splice|007|101|EMO4THW     path_level  lam=1.0    92s  Model B gc  -3.285% unserved  +1.699%  (optimizer claimed  +0.000%)
2026-08-29 18:42:38,383 incumbent plan is infeasible under this budget
2026-08-29 18:44:12,193 solve lambda=2.0: obj=2.96197e+06 vh=2513.7/2517.2 exchanges=0
2026-08-29 18:44:12,202   splice|007|101|EMO4THW     path_level  lam=2.0    94s  Model B gc  +0.823% unserved  -6.365%  (optimizer claimed  +0.000%)
2026-08-29 18:44:12,219 incumbent plan is infeasible under this budget
2026-08-29 18:45:43,799 solve lambda=4.0: obj=4.13577e+06 vh=2515.4/2517.2 exchanges=0
2026-08-29 18:45:43,808   splice|007|101|EMO4THW     path_level  lam=4.0    92s  Model B gc  +1.207% unserved  -6.853%  (optimizer claimed  +0.000%)
2026-08-29 18:45:44,073 footpaths: 15573 links (9 from transfers.txt)
2026-08-29 18:45:44,082 raptor network: 2949 stops, 111 patterns, 15573 footpaths
2026-08-29 18:45:44,194 zones: 1397 (637 with transit access within 600 m), 3938 access links
2026-08-29 18:45:44,203 route classes: {'all_day': 24, 'peak_express': 14}
2026-08-29 18:45:44,274 path enumeration: 20000 OD pairs, 636 origin zones, 3 scenarios, cap 4 paths/OD
2026-08-29 18:46:37,749 rejected 102 malformed candidate paths that failed the re-pricing check
2026-08-29 18:46:37,836 path set: 24786 paths over 17385/20000 OD pairs (86.6% of flow served), 121967 legs
2026-08-29 18:46:37,911 cache store edited-pathset-6b29f330309ecb28 (9.2 MB, built in 0s)
2026-08-29 18:46:37,915 period early   : 24786 paths, 20000 OD pairs
2026-08-29 18:46:37,927 path enumeration: 20000 OD pairs, 636 origin zones, 3 scenarios, cap 4 paths/OD
2026-08-29 18:47:36,682 rejected 59 malformed candidate paths that failed the re-pricing check
2026-08-29 18:47:36,788 path set: 28573 paths over 19276/20000 OD pairs (96.2% of flow served), 140411 legs
2026-08-29 18:47:36,899 cache store edited-pathset-0018f612b168595b (10.5 MB, built in 0s)
2026-08-29 18:47:36,904 period am_peak : 28573 paths, 20000 OD pairs
2026-08-29 18:47:36,916 path enumeration: 20000 OD pairs, 636 origin zones, 3 scenarios, cap 4 paths/OD
2026-08-29 18:48:30,358 rejected 57 malformed candidate paths that failed the re-pricing check
2026-08-29 18:48:30,444 path set: 24063 paths over 17385/20000 OD pairs (86.6% of flow served), 118670 legs
2026-08-29 18:48:30,544 cache store edited-pathset-9e823cc985c377e7 (9.0 MB, built in 0s)
2026-08-29 18:48:30,548 period midday  : 24063 paths, 20000 OD pairs
2026-08-29 18:48:30,560 path enumeration: 20000 OD pairs, 636 origin zones, 3 scenarios, cap 4 paths/OD
2026-08-29 18:49:27,151 rejected 117 malformed candidate paths that failed the re-pricing check
2026-08-29 18:49:27,289 path set: 27870 paths over 18675/20000 OD pairs (93.6% of flow served), 139271 legs
2026-08-29 18:49:27,433 cache store edited-pathset-cd13ae85bb1ffa61 (10.4 MB, built in 0s)
2026-08-29 18:49:27,438 period pm_peak : 27870 paths, 20000 OD pairs
2026-08-29 18:49:27,450 path enumeration: 20000 OD pairs, 636 origin zones, 3 scenarios, cap 4 paths/OD
2026-08-29 18:50:21,476 rejected 58 malformed candidate paths that failed the re-pricing check
2026-08-29 18:50:21,558 path set: 24087 paths over 17384/20000 OD pairs (86.6% of flow served), 118279 legs
2026-08-29 18:50:21,665 cache store edited-pathset-93be9c23291f9406 (9.0 MB, built in 0s)
2026-08-29 18:50:21,669 period evening : 24087 paths, 20000 OD pairs
2026-08-29 18:50:21,682 path enumeration: 20000 OD pairs, 636 origin zones, 3 scenarios, cap 4 paths/OD
2026-08-29 18:51:11,625 rejected 69 malformed candidate paths that failed the re-pricing check
2026-08-29 18:51:11,703 path set: 23164 paths over 17381/20000 OD pairs (86.6% of flow served), 114217 legs
2026-08-29 18:51:11,823 cache store edited-pathset-e3cc50573472525e (8.7 MB, built in 0s)
2026-08-29 18:51:11,828 period owl     : 23164 paths, 20000 OD pairs
2026-08-29 18:51:11,828 locking 28 route-periods across 14 routes in classes ('peak_express',)
2026-08-29 18:51:11,896 incumbent plan is infeasible under this budget
2026-08-29 18:51:18,319 solve lambda=1.0: obj=1.85324e+06 vh=2436.8/2517.2 exchanges=0
2026-08-29 18:51:18,329   splice|008|035|BOASHAN     route_level lam=1.0     6s  Model B gc  +2.014% unserved  -4.312%  (optimizer claimed -69.956%)
2026-08-29 18:51:18,332 incumbent plan is infeasible under this budget
2026-08-29 18:51:24,649 solve lambda=2.0: obj=2.02775e+06 vh=2442.0/2517.2 exchanges=0
2026-08-29 18:51:24,657   splice|008|035|BOASHAN     route_level lam=2.0     6s  Model B gc  +1.999% unserved  -4.585%  (optimizer claimed -70.681%)
2026-08-29 18:51:24,660 incumbent plan is infeasible under this budget
2026-08-29 18:51:30,892 solve lambda=4.0: obj=2.37136e+06 vh=2447.8/2517.2 exchanges=0
2026-08-29 18:51:30,902   splice|008|035|BOASHAN     route_level lam=4.0     6s  Model B gc  +1.961% unserved  -4.677%  (optimizer claimed -71.050%)
2026-08-29 18:51:30,921 incumbent plan is infeasible under this budget
2026-08-29 18:52:55,785 solve lambda=1.0: obj=2.36711e+06 vh=2514.3/2517.2 exchanges=0
2026-08-29 18:52:55,793   splice|008|035|BOASHAN     path_level  lam=1.0    85s  Model B gc  -3.348% unserved  +4.436%  (optimizer claimed  +0.000%)
2026-08-29 18:52:55,810 incumbent plan is infeasible under this budget
2026-08-29 18:54:26,106 solve lambda=2.0: obj=2.96636e+06 vh=2513.6/2517.2 exchanges=0
2026-08-29 18:54:26,114   splice|008|035|BOASHAN     path_level  lam=2.0    90s  Model B gc  +0.782% unserved  -5.807%  (optimizer claimed  +0.000%)
2026-08-29 18:54:26,132 incumbent plan is infeasible under this budget
2026-08-29 18:55:57,579 solve lambda=4.0: obj=4.14308e+06 vh=2513.1/2517.2 exchanges=0
2026-08-29 18:55:57,587   splice|008|035|BOASHAN     path_level  lam=4.0    91s  Model B gc  +1.107% unserved  -6.188%  (optimizer claimed  +0.000%)
2026-08-29 18:55:57,845 footpaths: 15573 links (9 from transfers.txt)
2026-08-29 18:55:57,853 raptor network: 2949 stops, 111 patterns, 15573 footpaths
2026-08-29 18:55:57,961 zones: 1397 (637 with transit access within 600 m), 3938 access links
2026-08-29 18:55:57,970 route classes: {'all_day': 24, 'peak_express': 14}
2026-08-29 18:55:58,038 path enumeration: 20000 OD pairs, 636 origin zones, 3 scenarios, cap 4 paths/OD
2026-08-29 18:56:48,411 rejected 94 malformed candidate paths that failed the re-pricing check
2026-08-29 18:56:48,495 path set: 23852 paths over 17313/20000 OD pairs (86.3% of flow served), 116721 legs
2026-08-29 18:56:48,584 cache store edited-pathset-3cc7827730763ba3 (8.9 MB, built in 0s)
2026-08-29 18:56:48,593 period early   : 23852 paths, 20000 OD pairs
2026-08-29 18:56:48,605 path enumeration: 20000 OD pairs, 636 origin zones, 3 scenarios, cap 4 paths/OD
2026-08-29 18:57:46,456 rejected 103 malformed candidate paths that failed the re-pricing check
2026-08-29 18:57:46,551 path set: 28453 paths over 19281/20000 OD pairs (96.2% of flow served), 140940 legs
2026-08-29 18:57:46,656 cache store edited-pathset-b8bcc4b78f157d4d (10.6 MB, built in 0s)
2026-08-29 18:57:46,661 period am_peak : 28453 paths, 20000 OD pairs
2026-08-29 18:57:46,674 path enumeration: 20000 OD pairs, 636 origin zones, 3 scenarios, cap 4 paths/OD
2026-08-29 18:58:38,819 rejected 74 malformed candidate paths that failed the re-pricing check
2026-08-29 18:58:38,901 path set: 23679 paths over 17388/20000 OD pairs (86.7% of flow served), 117163 legs
2026-08-29 18:58:38,985 cache store edited-pathset-add4baaf1b432cf7 (8.9 MB, built in 0s)
2026-08-29 18:58:38,989 period midday  : 23679 paths, 20000 OD pairs
2026-08-29 18:58:39,001 path enumeration: 20000 OD pairs, 636 origin zones, 3 scenarios, cap 4 paths/OD
2026-08-29 18:59:35,713 rejected 127 malformed candidate paths that failed the re-pricing check
2026-08-29 18:59:35,811 path set: 27698 paths over 18676/20000 OD pairs (93.6% of flow served), 138932 legs
2026-08-29 18:59:35,913 cache store edited-pathset-58dd7d2c47573359 (10.4 MB, built in 0s)
2026-08-29 18:59:35,918 period pm_peak : 27698 paths, 20000 OD pairs
2026-08-29 18:59:35,930 path enumeration: 20000 OD pairs, 636 origin zones, 3 scenarios, cap 4 paths/OD
2026-08-29 19:00:31,245 rejected 103 malformed candidate paths that failed the re-pricing check
2026-08-29 19:00:31,334 path set: 23638 paths over 17385/20000 OD pairs (86.6% of flow served), 116778 legs
2026-08-29 19:00:31,431 cache store edited-pathset-175fd603b0143d80 (8.9 MB, built in 0s)
2026-08-29 19:00:31,435 period evening : 23638 paths, 20000 OD pairs
2026-08-29 19:00:31,447 path enumeration: 20000 OD pairs, 636 origin zones, 3 scenarios, cap 4 paths/OD
2026-08-29 19:01:21,534 rejected 130 malformed candidate paths that failed the re-pricing check
2026-08-29 19:01:21,609 path set: 22326 paths over 17005/20000 OD pairs (85.1% of flow served), 109676 legs
2026-08-29 19:01:21,682 cache store edited-pathset-f324323921e7388d (8.4 MB, built in 0s)
2026-08-29 19:01:21,686 period owl     : 22326 paths, 20000 OD pairs
2026-08-29 19:01:21,686 locking 28 route-periods across 14 routes in classes ('peak_express',)
2026-08-29 19:01:21,763     splice|011|033|WESHIGW/route_level incumbent rescaled x1.0001
2026-08-29 19:01:21,765 incumbent snapped to ladder, max drift 0.0218 min
2026-08-29 19:01:21,766 incumbent plan is infeasible under this budget
2026-08-29 19:01:28,271 solve lambda=1.0: obj=1.87616e+06 vh=2437.8/2517.2 exchanges=0
2026-08-29 19:01:28,282   splice|011|033|WESHIGW     route_level lam=1.0     7s  Model B gc  +1.809% unserved  -5.308%  (optimizer claimed -69.375%)
2026-08-29 19:01:28,285 incumbent snapped to ladder, max drift 0.0218 min
2026-08-29 19:01:28,285 incumbent plan is infeasible under this budget
2026-08-29 19:01:34,346 solve lambda=2.0: obj=2.05255e+06 vh=2443.4/2517.2 exchanges=0
2026-08-29 19:01:34,356   splice|011|033|WESHIGW     route_level lam=2.0     6s  Model B gc  +1.507% unserved  -4.933%  (optimizer claimed -70.318%)
2026-08-29 19:01:34,359 incumbent snapped to ladder, max drift 0.0218 min
2026-08-29 19:01:34,359 incumbent plan is infeasible under this budget
2026-08-29 19:01:40,465 solve lambda=4.0: obj=2.40235e+06 vh=2445.5/2517.2 exchanges=0
2026-08-29 19:01:40,475   splice|011|033|WESHIGW     route_level lam=4.0     6s  Model B gc  +1.472% unserved  -4.995%  (optimizer claimed -70.563%)
2026-08-29 19:01:40,484     splice|011|033|WESHIGW/path_level incumbent rescaled x1.0001
2026-08-29 19:01:40,496 incumbent snapped to ladder, max drift 0.0218 min
2026-08-29 19:01:40,504 incumbent plan is infeasible under this budget
2026-08-29 19:03:06,761 solve lambda=1.0: obj=2.36052e+06 vh=2514.8/2517.2 exchanges=0
2026-08-29 19:03:06,770   splice|011|033|WESHIGW     path_level  lam=1.0    86s  Model B gc  -2.293% unserved  +0.962%  (optimizer claimed  +0.000%)
2026-08-29 19:03:06,779 incumbent snapped to ladder, max drift 0.0218 min
2026-08-29 19:03:06,787 incumbent plan is infeasible under this budget
2026-08-29 19:04:35,904 solve lambda=2.0: obj=2.95868e+06 vh=2513.3/2517.2 exchanges=0
2026-08-29 19:04:35,910   splice|011|033|WESHIGW     path_level  lam=2.0    89s  Model B gc  +0.924% unserved  -6.382%  (optimizer claimed  +0.000%)
2026-08-29 19:04:35,919 incumbent snapped to ladder, max drift 0.0218 min
2026-08-29 19:04:35,928 incumbent plan is infeasible under this budget
2026-08-29 19:06:04,319 solve lambda=4.0: obj=4.13041e+06 vh=2514.3/2517.2 exchanges=0
2026-08-29 19:06:04,327   splice|011|033|WESHIGW     path_level  lam=4.0    88s  Model B gc  +1.214% unserved  -6.706%  (optimizer claimed  +0.000%)
2026-08-29 19:06:04,601 footpaths: 15573 links (9 from transfers.txt)
2026-08-29 19:06:04,610 raptor network: 2949 stops, 111 patterns, 15573 footpaths
2026-08-29 19:06:04,722 zones: 1397 (637 with transit access within 600 m), 3938 access links
2026-08-29 19:06:04,731 route classes: {'all_day': 24, 'peak_express': 14}
2026-08-29 19:06:04,804 path enumeration: 20000 OD pairs, 636 origin zones, 3 scenarios, cap 4 paths/OD
2026-08-29 19:06:56,583 rejected 122 malformed candidate paths that failed the re-pricing check
2026-08-29 19:06:56,672 path set: 24214 paths over 17381/20000 OD pairs (86.6% of flow served), 119210 legs
2026-08-29 19:06:56,770 cache store edited-pathset-5f00a6aeab5ad62f (9.1 MB, built in 0s)
2026-08-29 19:06:56,775 period early   : 24214 paths, 20000 OD pairs
2026-08-29 19:06:56,787 path enumeration: 20000 OD pairs, 636 origin zones, 3 scenarios, cap 4 paths/OD
2026-08-29 19:07:55,413 rejected 119 malformed candidate paths that failed the re-pricing check
2026-08-29 19:07:55,514 path set: 28358 paths over 19272/20000 OD pairs (96.2% of flow served), 140027 legs
2026-08-29 19:07:55,615 cache store edited-pathset-c609e6549096a5ed (10.5 MB, built in 0s)
2026-08-29 19:07:55,621 period am_peak : 28358 paths, 20000 OD pairs
2026-08-29 19:07:55,633 path enumeration: 20000 OD pairs, 636 origin zones, 3 scenarios, cap 4 paths/OD
2026-08-29 19:08:47,833 rejected 91 malformed candidate paths that failed the re-pricing check
2026-08-29 19:08:47,923 path set: 23623 paths over 17384/20000 OD pairs (86.6% of flow served), 116489 legs
2026-08-29 19:08:48,012 cache store edited-pathset-be81f9cb01100b98 (8.9 MB, built in 0s)
2026-08-29 19:08:48,016 period midday  : 23623 paths, 20000 OD pairs
2026-08-29 19:08:48,029 path enumeration: 20000 OD pairs, 636 origin zones, 3 scenarios, cap 4 paths/OD
2026-08-29 19:09:44,657 rejected 165 malformed candidate paths that failed the re-pricing check
2026-08-29 19:09:44,770 path set: 27555 paths over 18668/20000 OD pairs (93.6% of flow served), 137834 legs
2026-08-29 19:09:44,883 cache store edited-pathset-190c5bfd8b6a141e (10.3 MB, built in 0s)
2026-08-29 19:09:44,888 period pm_peak : 27555 paths, 20000 OD pairs
2026-08-29 19:09:44,901 path enumeration: 20000 OD pairs, 636 origin zones, 3 scenarios, cap 4 paths/OD
2026-08-29 19:10:37,663 rejected 128 malformed candidate paths that failed the re-pricing check
2026-08-29 19:10:37,747 path set: 23618 paths over 17378/20000 OD pairs (86.6% of flow served), 116384 legs
2026-08-29 19:10:37,832 cache store edited-pathset-bfd0357a34069598 (8.9 MB, built in 0s)
2026-08-29 19:10:37,837 period evening : 23618 paths, 20000 OD pairs
2026-08-29 19:10:37,849 path enumeration: 20000 OD pairs, 636 origin zones, 3 scenarios, cap 4 paths/OD
2026-08-29 19:11:27,720 rejected 165 malformed candidate paths that failed the re-pricing check
2026-08-29 19:11:27,804 path set: 22678 paths over 17001/20000 OD pairs (85.1% of flow served), 111453 legs
2026-08-29 19:11:27,886 cache store edited-pathset-f1a5dece707f2382 (8.5 MB, built in 0s)
2026-08-29 19:11:27,891 period owl     : 22678 paths, 20000 OD pairs
2026-08-29 19:11:27,891 locking 28 route-periods across 14 routes in classes ('peak_express',)
2026-08-29 19:11:27,966 incumbent plan is infeasible under this budget
2026-08-29 19:11:35,001 solve lambda=1.0: obj=1.86887e+06 vh=2436.6/2517.2 exchanges=0
2026-08-29 19:11:35,013   splice|011|034|WESHIGW     route_level lam=1.0     7s  Model B gc  +3.432% unserved  -6.980%  (optimizer claimed -68.705%)
2026-08-29 19:11:35,016 incumbent plan is infeasible under this budget
2026-08-29 19:11:41,877 solve lambda=2.0: obj=2.04595e+06 vh=2441.4/2517.2 exchanges=0
2026-08-29 19:11:41,886   splice|011|034|WESHIGW     route_level lam=2.0     7s  Model B gc  +3.377% unserved  -6.797%  (optimizer claimed -69.614%)
2026-08-29 19:11:41,889 incumbent plan is infeasible under this budget
2026-08-29 19:11:48,058 solve lambda=4.0: obj=2.3913e+06 vh=2449.9/2517.2 exchanges=0
2026-08-29 19:11:48,066   splice|011|034|WESHIGW     route_level lam=4.0     6s  Model B gc  +3.251% unserved  -6.661%  (optimizer claimed -70.223%)
2026-08-29 19:11:48,085 incumbent plan is infeasible under this budget
2026-08-29 19:13:10,320 solve lambda=1.0: obj=2.36556e+06 vh=2514.8/2517.2 exchanges=0
2026-08-29 19:13:10,328   splice|011|034|WESHIGW     path_level  lam=1.0    82s  Model B gc  -1.738% unserved  -0.099%  (optimizer claimed  +0.000%)
2026-08-29 19:13:10,345 incumbent plan is infeasible under this budget
2026-08-29 19:14:41,110 solve lambda=2.0: obj=2.95768e+06 vh=2514.4/2517.2 exchanges=0
2026-08-29 19:14:41,118   splice|011|034|WESHIGW     path_level  lam=2.0    91s  Model B gc  +0.988% unserved  -6.702%  (optimizer claimed  +0.000%)
2026-08-29 19:14:41,136 incumbent plan is infeasible under this budget
2026-08-29 19:16:10,452 solve lambda=4.0: obj=4.12627e+06 vh=2514.1/2517.2 exchanges=0
2026-08-29 19:16:10,458   splice|011|034|WESHIGW     path_level  lam=4.0    89s  Model B gc  +1.251% unserved  -6.967%  (optimizer claimed  +0.000%)
2026-08-29 19:16:10,726 footpaths: 15573 links (9 from transfers.txt)
2026-08-29 19:16:10,735 raptor network: 2949 stops, 111 patterns, 15573 footpaths
2026-08-29 19:16:10,844 zones: 1397 (637 with transit access within 600 m), 3938 access links
2026-08-29 19:16:10,853 route classes: {'all_day': 24, 'peak_express': 14}
2026-08-29 19:16:10,921 path enumeration: 20000 OD pairs, 636 origin zones, 3 scenarios, cap 4 paths/OD
2026-08-29 19:17:08,707 rejected 97 malformed candidate paths that failed the re-pricing check
2026-08-29 19:17:08,867 path set: 24863 paths over 17386/20000 OD pairs (86.6% of flow served), 121878 legs
2026-08-29 19:17:08,975 cache store edited-pathset-3cceb041f28c7c83 (9.2 MB, built in 0s)
2026-08-29 19:17:08,984 period early   : 24863 paths, 20000 OD pairs
2026-08-29 19:17:09,004 path enumeration: 20000 OD pairs, 636 origin zones, 3 scenarios, cap 4 paths/OD
2026-08-29 19:18:27,931 rejected 73 malformed candidate paths that failed the re-pricing check
2026-08-29 19:18:28,035 path set: 29239 paths over 19280/20000 OD pairs (96.2% of flow served), 143520 legs
2026-08-29 19:18:28,144 cache store edited-pathset-91bdfe3adb105bb1 (10.7 MB, built in 0s)
2026-08-29 19:18:28,149 period am_peak : 29239 paths, 20000 OD pairs
2026-08-29 19:18:28,162 path enumeration: 20000 OD pairs, 636 origin zones, 3 scenarios, cap 4 paths/OD
