2026-08-29 14:20:21,476 experiment exp2_geometry_eval_20260829T142021Z
2026-08-29 14:20:21,476 result store: 25 cells already solved
2026-08-29 14:20:22,273 cache hit  baseline-a5bf710e8b2c9129 (53.2 MB, 0.8s)
2026-08-29 14:20:22,343 cache hit  raptor-51c3309f35ffd25f (0.6 MB, 0.0s)
2026-08-29 14:20:22,344 cache hit  zones-77edf71b615ba370 (0.2 MB, 0.0s)
2026-08-29 14:20:22,345 cache hit  od-ba345b9cb167aecb (0.5 MB, 0.0s)
2026-08-29 14:20:22,371 route classes: {'all_day': 25, 'peak_express': 14}
2026-08-29 14:20:23,130 cache hit  pathsets-c5f7d2bb11d2932d (81.9 MB, 0.8s)
2026-08-29 14:20:23,130 waiting model: same_route
2026-08-29 14:20:23,414 period early   : 33571 paths, 20000 OD pairs
2026-08-29 14:20:23,423 period am_peak : 40050 paths, 20000 OD pairs
2026-08-29 14:20:23,431 period midday  : 34003 paths, 20000 OD pairs
2026-08-29 14:20:23,441 period pm_peak : 40231 paths, 20000 OD pairs
2026-08-29 14:20:23,449 period evening : 34989 paths, 20000 OD pairs
2026-08-29 14:20:23,457 period owl     : 34494 paths, 20000 OD pairs
2026-08-29 14:20:23,458 locking 28 route-periods across 14 routes in classes ('peak_express',)
2026-08-29 14:20:23,497 envelope pinned: 2517.2 revenue veh-hours, peak {'early': 85.3, 'am_peak': 162.0, 'midday': 159.2, 'pm_peak': 176.5, 'evening': 140.2, 'owl': 35.6}
2026-08-29 14:20:23,518 forced into the shortlist: splice|002|033|WESHIGW
2026-08-29 14:20:23,518 forced into the shortlist: splice|007|101|EMO4THW
2026-08-29 14:20:23,519 shortlist (2, primary=True): ['splice|002|033|WESHIGW', 'splice|007|101|EMO4THW']
2026-08-29 14:21:51,895 generated 60 candidate edits: {'truncate': 12, 'straighten': 12, 'extend': 12, 'splice': 12, 'reroute': 12}
2026-08-29 14:21:52,438 footpaths: 15573 links (9 from transfers.txt)
2026-08-29 14:21:52,451 raptor network: 2949 stops, 111 patterns, 15573 footpaths
2026-08-29 14:21:52,703 zones: 1397 (637 with transit access within 600 m), 3938 access links
2026-08-29 14:21:52,718 route classes: {'all_day': 25, 'peak_express': 14}
2026-08-29 14:21:52,837 path enumeration: 20000 OD pairs, 636 origin zones, 3 scenarios, cap 4 paths/OD
2026-08-29 14:23:07,685 rejected 94 malformed candidate paths that failed the re-pricing check
2026-08-29 14:23:07,860 path set: 24668 paths over 17388/20000 OD pairs (86.7% of flow served), 121381 legs
2026-08-29 14:23:07,933 period early   : 24668 paths, 20000 OD pairs
2026-08-29 14:23:07,951 path enumeration: 20000 OD pairs, 636 origin zones, 3 scenarios, cap 4 paths/OD
2026-08-29 14:25:13,421 rejected 73 malformed candidate paths that failed the re-pricing check
2026-08-29 14:25:13,630 path set: 28763 paths over 19278/20000 OD pairs (96.2% of flow served), 141637 legs
2026-08-29 14:25:13,725 period am_peak : 28763 paths, 20000 OD pairs
2026-08-29 14:25:13,740 path enumeration: 20000 OD pairs, 636 origin zones, 3 scenarios, cap 4 paths/OD
2026-08-29 14:27:12,554 rejected 72 malformed candidate paths that failed the re-pricing check
2026-08-29 14:27:12,913 path set: 24097 paths over 17389/20000 OD pairs (86.7% of flow served), 118697 legs
2026-08-29 14:27:13,039 period midday  : 24097 paths, 20000 OD pairs
2026-08-29 14:27:13,055 path enumeration: 20000 OD pairs, 636 origin zones, 3 scenarios, cap 4 paths/OD
2026-08-29 14:29:21,299 rejected 121 malformed candidate paths that failed the re-pricing check
2026-08-29 14:29:21,666 path set: 27986 paths over 18673/20000 OD pairs (93.6% of flow served), 139640 legs
2026-08-29 14:29:21,792 period pm_peak : 27986 paths, 20000 OD pairs
2026-08-29 14:29:21,808 path enumeration: 20000 OD pairs, 636 origin zones, 3 scenarios, cap 4 paths/OD
2026-08-29 14:31:26,831 rejected 82 malformed candidate paths that failed the re-pricing check
2026-08-29 14:31:27,130 path set: 24058 paths over 17386/20000 OD pairs (86.6% of flow served), 118267 legs
2026-08-29 14:31:27,277 period evening : 24058 paths, 20000 OD pairs
2026-08-29 14:31:27,295 path enumeration: 20000 OD pairs, 636 origin zones, 3 scenarios, cap 4 paths/OD
2026-08-29 14:33:18,025 rejected 129 malformed candidate paths that failed the re-pricing check
2026-08-29 14:33:18,310 path set: 22669 paths over 17006/20000 OD pairs (85.1% of flow served), 111737 legs
2026-08-29 14:33:18,459 period owl     : 22669 paths, 20000 OD pairs
2026-08-29 14:33:18,459 locking 28 route-periods across 14 routes in classes ('peak_express',)
2026-08-29 14:48:48,774 solve lambda=2.0: obj=3.02829e+06 vh=2516.6/2517.2 exchanges=83
2026-08-29 14:48:48,779   0 edits                            lam=2.0   930s gc=1.794687e+06 unserved=10280
2026-08-29 14:48:48,781 0 edits                                done in 1617s (152241 paths)
2026-08-29 14:48:49,220 footpaths: 15573 links (9 from transfers.txt)
2026-08-29 14:48:49,233 raptor network: 2949 stops, 111 patterns, 15573 footpaths
2026-08-29 14:48:49,409 zones: 1397 (637 with transit access within 600 m), 3938 access links
2026-08-29 14:48:49,421 route classes: {'all_day': 24, 'peak_express': 14}
2026-08-29 14:48:49,506 path enumeration: 20000 OD pairs, 636 origin zones, 3 scenarios, cap 4 paths/OD
2026-08-29 14:50:04,177 rejected 89 malformed candidate paths that failed the re-pricing check
2026-08-29 14:50:04,310 path set: 24334 paths over 17386/20000 OD pairs (86.6% of flow served), 118523 legs
2026-08-29 14:50:04,371 period early   : 24334 paths, 20000 OD pairs
2026-08-29 14:50:04,386 path enumeration: 20000 OD pairs, 636 origin zones, 3 scenarios, cap 4 paths/OD
2026-08-29 14:51:26,954 rejected 62 malformed candidate paths that failed the re-pricing check
2026-08-29 14:51:27,118 path set: 29279 paths over 19284/20000 OD pairs (96.2% of flow served), 144235 legs
2026-08-29 14:51:27,189 period am_peak : 29279 paths, 20000 OD pairs
2026-08-29 14:51:27,203 path enumeration: 20000 OD pairs, 636 origin zones, 3 scenarios, cap 4 paths/OD
2026-08-29 14:52:45,328 rejected 59 malformed candidate paths that failed the re-pricing check
2026-08-29 14:52:45,566 path set: 24441 paths over 17387/20000 OD pairs (86.6% of flow served), 120037 legs
2026-08-29 14:52:45,667 period midday  : 24441 paths, 20000 OD pairs
2026-08-29 14:52:45,685 path enumeration: 20000 OD pairs, 636 origin zones, 3 scenarios, cap 4 paths/OD
2026-08-29 14:54:48,823 rejected 114 malformed candidate paths that failed the re-pricing check
2026-08-29 14:54:49,061 path set: 28525 paths over 18689/20000 OD pairs (93.6% of flow served), 141893 legs
2026-08-29 14:54:49,139 period pm_peak : 28525 paths, 20000 OD pairs
2026-08-29 14:54:49,167 path enumeration: 20000 OD pairs, 636 origin zones, 3 scenarios, cap 4 paths/OD
2026-08-29 14:56:10,978 rejected 73 malformed candidate paths that failed the re-pricing check
2026-08-29 14:56:11,137 path set: 24508 paths over 17384/20000 OD pairs (86.6% of flow served), 120297 legs
2026-08-29 14:56:11,216 period evening : 24508 paths, 20000 OD pairs
2026-08-29 14:56:11,231 path enumeration: 20000 OD pairs, 636 origin zones, 3 scenarios, cap 4 paths/OD
