2026-08-26 12:36:35,712 loaded agency: 1 rows
2026-08-26 12:36:35,738 loaded stops: 2949 rows
2026-08-26 12:36:35,741 loaded routes: 42 rows
2026-08-26 12:36:35,775 loaded trips: 5435 rows
2026-08-26 12:36:36,988 loaded stop_times: 365224 rows
2026-08-26 12:36:36,990 loaded calendar: 3 rows
2026-08-26 12:36:36,994 loaded calendar_dates: 79 rows
2026-08-26 12:36:37,050 loaded shapes: 98972 rows
2026-08-26 12:36:37,054 loaded transfers: 1765 rows
2026-08-26 12:36:38,381 validation: 0 errors, 0 warnings
2026-08-26 12:36:38,492 representative weekday: 2026-05-26 (service_ids=['110.0.1', '110.119.1'], occurs 45 days)
2026-08-26 12:36:42,126 footpaths: 15573 links (9 from transfers.txt)
2026-08-26 12:36:42,139 raptor network: 2949 stops, 111 patterns, 15573 footpaths
2026-08-26 12:36:42,274 zones: 1397 (637 with transit access within 600 m), 3938 access links
2026-08-26 12:36:48,493 LODES OD: 4640957 block rows read, 317706 block-group pairs, 823915 trips
2026-08-26 12:36:48,495 accessible OD: 78210 of 317706 pairs, 24.7% of commute flow
2026-08-26 12:36:48,499 OD truncated to top 20000 pairs of 78210 — 64.9% of total flow
2026-08-26 12:36:48,510 route classes: {'all_day': 25, 'peak_express': 14}
2026-08-26 12:36:50,020 path sets from cache: 6
2026-08-26 12:36:50,119 period early   : 31528 paths, 20000 OD pairs
2026-08-26 12:36:50,126 period am_peak : 37576 paths, 20000 OD pairs
2026-08-26 12:36:50,133 period midday  : 32627 paths, 20000 OD pairs
2026-08-26 12:36:50,141 period pm_peak : 37471 paths, 20000 OD pairs
2026-08-26 12:36:50,147 period evening : 30623 paths, 20000 OD pairs
2026-08-26 12:36:50,153 period owl     : 31511 paths, 20000 OD pairs
2026-08-26 12:36:50,182 load profile: 23 route-periods, peak-load factor median 0.32, p90 0.49
2026-08-26 12:36:50,213 load profile: 35 route-periods, peak-load factor median 0.37, p90 1.00
2026-08-26 12:36:50,239 load profile: 25 route-periods, peak-load factor median 0.34, p90 0.48
2026-08-26 12:36:50,270 load profile: 33 route-periods, peak-load factor median 0.37, p90 0.94
2026-08-26 12:36:50,294 load profile: 24 route-periods, peak-load factor median 0.33, p90 0.49
2026-08-26 12:36:50,319 load profile: 22 route-periods, peak-load factor median 0.42, p90 0.50
2026-08-26 12:36:50,319 locking 28 route-periods across 14 routes in classes ('peak_express',)
2026-08-26 12:36:50,396 baseline under path model: gc=1.7880e+06 unserved=10886 vh=2517.2
2026-08-26 12:36:50,477   exp1 plan lambda=0.25  scored honestly: gc -0.47% unserved +7.68%
2026-08-26 12:36:50,556   exp1 plan lambda=0.5   scored honestly: gc +2.82% unserved -5.94%
2026-08-26 12:36:50,635   exp1 plan lambda=1.0   scored honestly: gc +3.23% unserved -8.06%
2026-08-26 12:36:50,714   exp1 plan lambda=16.0  scored honestly: gc +3.27% unserved -8.68%
2026-08-26 12:36:50,792   exp1 plan lambda=2.0   scored honestly: gc +3.24% unserved -8.45%
2026-08-26 12:36:50,872   exp1 plan lambda=4.0   scored honestly: gc +3.15% unserved -8.35%
2026-08-26 12:36:50,952   exp1 plan lambda=8.0   scored honestly: gc +3.24% unserved -8.71%
2026-08-26 12:36:52,655 route 010 probe: 0/16 feasible single moves improve the objective
2026-08-26 12:41:13,538 solve lambda=1.0: obj=2.42507e+06 vh=2510.1/2517.2 exchanges=41
2026-08-26 12:41:13,538   ablation setting (20k / 0 / 24):  261s obj -0.659% gc -0.56% unserved -0.93%
