2026-08-26 15:28:46,620 cache hit  baseline-a5bf710e8b2c9129 (53.2 MB, 0.1s)
2026-08-26 15:28:46,657 cache hit  raptor-51c3309f35ffd25f (0.6 MB, 0.0s)
2026-08-26 15:28:46,658 cache hit  zones-77edf71b615ba370 (0.2 MB, 0.0s)
2026-08-26 15:28:46,659 cache hit  od-ba345b9cb167aecb (0.5 MB, 0.0s)
2026-08-26 15:28:46,670 route classes: {'all_day': 25, 'peak_express': 14}
2026-08-26 15:28:46,784 cache hit  pathsets-cf1942fbbe78a362 (74.1 MB, 0.1s)
2026-08-26 15:28:46,898 period early   : 31528 paths, 20000 OD pairs
2026-08-26 15:28:46,906 period am_peak : 37576 paths, 20000 OD pairs
2026-08-26 15:28:46,913 period midday  : 32627 paths, 20000 OD pairs
2026-08-26 15:28:46,921 period pm_peak : 37471 paths, 20000 OD pairs
2026-08-26 15:28:46,927 period evening : 30623 paths, 20000 OD pairs
2026-08-26 15:28:46,933 period owl     : 31511 paths, 20000 OD pairs
2026-08-26 15:28:46,955 load profile: 23 route-periods, peak-load factor median 0.32, p90 0.49
2026-08-26 15:28:46,979 load profile: 35 route-periods, peak-load factor median 0.37, p90 1.00
2026-08-26 15:28:46,999 load profile: 25 route-periods, peak-load factor median 0.34, p90 0.48
2026-08-26 15:28:47,024 load profile: 33 route-periods, peak-load factor median 0.37, p90 0.94
2026-08-26 15:28:47,043 load profile: 24 route-periods, peak-load factor median 0.33, p90 0.49
2026-08-26 15:28:47,064 load profile: 22 route-periods, peak-load factor median 0.42, p90 0.50
2026-08-26 15:28:47,064 locking 28 route-periods across 14 routes in classes ('peak_express',)
2026-08-26 15:34:08,988 solve lambda=1.0: obj=2.39847e+06 vh=2497.9/2517.2 exchanges=65
2026-08-26 15:34:08,989   seed 20260825 lam=1.0: gc -2.02% uns -1.01%
2026-08-26 15:39:27,323 solve lambda=1.0: obj=2.39804e+06 vh=2505.7/2517.2 exchanges=57
2026-08-26 15:39:27,323   seed 20260826 lam=1.0: gc -2.55% uns +0.38%
2026-08-26 15:44:16,641 solve lambda=1.0: obj=2.39749e+06 vh=2499.8/2517.2 exchanges=20
2026-08-26 15:44:16,642   seed 20260827 lam=1.0: gc -2.55% uns +0.29%
2026-08-26 15:48:53,506 solve lambda=1.0: obj=2.39991e+06 vh=2499.2/2517.2 exchanges=59
2026-08-26 15:48:53,507   seed 20260828 lam=1.0: gc -2.34% uns +0.09%
2026-08-26 15:54:46,196 solve lambda=2.0: obj=3.02043e+06 vh=2509.7/2517.2 exchanges=31
2026-08-26 15:54:46,197   seed 20260825 lam=2.0: gc +0.49% uns -6.33%
2026-08-26 16:01:17,708 solve lambda=2.0: obj=3.02082e+06 vh=2510.8/2517.2 exchanges=202
2026-08-26 16:01:17,708   seed 20260826 lam=2.0: gc +0.56% uns -6.40%
2026-08-26 16:08:23,816 solve lambda=2.0: obj=3.02016e+06 vh=2507.9/2517.2 exchanges=61
2026-08-26 16:08:23,816   seed 20260827 lam=2.0: gc +0.44% uns -6.28%
2026-08-26 16:15:12,487 solve lambda=2.0: obj=3.0203e+06 vh=2509.0/2517.2 exchanges=23
2026-08-26 16:15:12,488   seed 20260828 lam=2.0: gc +0.54% uns -6.40%
2026-08-26 16:15:28,577   adequacy baseline                           am_peak : overstates -0.184 min (-0.17%), 0.4% of flow improvable
2026-08-26 16:15:42,868   adequacy baseline                           midday  : overstates -0.231 min (-0.23%), 0.5% of flow improvable
2026-08-26 16:15:58,992   adequacy C lam=1 (both objectives improve)  am_peak : overstates 0.207 min (0.19%), 6.4% of flow improvable
2026-08-26 16:16:13,438   adequacy C lam=1 (both objectives improve)  midday  : overstates -0.022 min (-0.02%), 4.0% of flow improvable
2026-08-26 16:16:29,635   adequacy C lam=0.25 (most aggressive)       am_peak : overstates 1.548 min (1.29%), 17.6% of flow improvable
2026-08-26 16:16:44,328   adequacy C lam=0.25 (most aggressive)       midday  : overstates 1.551 min (1.39%), 13.1% of flow improvable

========================================================================================
SEED STABILITY (converged effort)
 lambda  gc_mean  gc_sd  uns_mean  uns_sd
    1.0   -2.364 0.2515   -0.0625  0.6455
    2.0    0.509 0.0531   -6.3531  0.0574

PATH-SET ADEQUACY under the converged plans
                             plan  period  od_pairs  mean_overstatement_min  mean_overstatement_pct  pairs_improvable  pairs_improvable_pct  flow_weighted_improvable_pct
                         baseline am_peak     19557                  -0.184                  -0.170                86                 0.440                         0.433
                         baseline  midday     17678                  -0.231                  -0.231                92                 0.520                         0.472
C lam=1 (both objectives improve) am_peak     19557                   0.207                   0.195              1468                 7.506                         6.387
C lam=1 (both objectives improve)  midday     17678                  -0.022                  -0.022               762                 4.310                         3.955
     C lam=0.25 (most aggressive) am_peak     19557                   1.548                   1.289              3247                16.603                        17.557
     C lam=0.25 (most aggressive)  midday     17678                   1.551                   1.387              2510                14.198                        13.063
