2026-08-27 00:49:08,112 experiment exp6_fixpoint_modelB_20260827T004908Z
2026-08-27 00:49:08,337 cache hit  baseline-a5bf710e8b2c9129 (53.2 MB, 0.2s)
2026-08-27 00:49:08,378 cache hit  raptor-51c3309f35ffd25f (0.6 MB, 0.0s)
2026-08-27 00:49:08,379 cache hit  zones-77edf71b615ba370 (0.2 MB, 0.0s)
2026-08-27 00:49:08,380 cache hit  od-ba345b9cb167aecb (0.5 MB, 0.0s)
2026-08-27 00:49:08,392 route classes: {'all_day': 25, 'peak_express': 14}
2026-08-27 00:49:08,527 cache hit  pathsets-c5f7d2bb11d2932d (81.9 MB, 0.1s)
2026-08-27 00:49:08,529 harness ready in 0s; waiting model = same_route
2026-08-27 00:49:08,529 ======================================================================
2026-08-27 00:49:08,529 ITERATION 0, 0 extra enumeration scenarios
2026-08-27 00:49:08,614 period early   : 33571 paths, 20000 OD pairs
2026-08-27 00:49:08,622 period am_peak : 40050 paths, 20000 OD pairs
2026-08-27 00:49:08,629 period midday  : 34003 paths, 20000 OD pairs
2026-08-27 00:49:08,638 period pm_peak : 40231 paths, 20000 OD pairs
2026-08-27 00:49:08,645 period evening : 34989 paths, 20000 OD pairs
2026-08-27 00:49:08,652 period owl     : 34494 paths, 20000 OD pairs
2026-08-27 00:49:08,683 load profile: 23 route-periods, peak-load factor median 0.32, p90 0.48
2026-08-27 00:49:08,712 load profile: 35 route-periods, peak-load factor median 0.40, p90 1.00
2026-08-27 00:49:08,736 load profile: 25 route-periods, peak-load factor median 0.35, p90 0.48
2026-08-27 00:49:08,765 load profile: 32 route-periods, peak-load factor median 0.38, p90 0.99
2026-08-27 00:49:08,789 load profile: 24 route-periods, peak-load factor median 0.33, p90 0.45
2026-08-27 00:49:08,820 load profile: 22 route-periods, peak-load factor median 0.36, p90 0.51
2026-08-27 00:49:08,820 locking 28 route-periods across 14 routes in classes ('peak_express',)
2026-08-27 00:49:08,880 iteration 0: 217338 candidate paths, baseline gc=1.772566e+06 (enum 0s)
2026-08-27 01:02:00,481 solve lambda=0.5: obj=2.04048e+06 vh=2511.3/2517.2 exchanges=51
2026-08-27 01:02:00,481   lambda=0.5   772s gc   -3.76% unserved   +8.60%
2026-08-27 01:18:55,996 solve lambda=1.0: obj=2.3567e+06 vh=2510.7/2517.2 exchanges=55
2026-08-27 01:18:55,996   lambda=1.0  1016s gc   -1.34% unserved   -1.32%
2026-08-27 01:39:56,976 solve lambda=2.0: obj=2.94259e+06 vh=2516.2/2517.2 exchanges=71
2026-08-27 01:39:56,977   lambda=2.0  1261s gc   +0.81% unserved   -6.19%
2026-08-27 02:00:25,703 solve lambda=8.0: obj=6.39445e+06 vh=2503.9/2517.2 exchanges=49
2026-08-27 02:00:25,704   lambda=8.0  1229s gc   +1.39% unserved   -6.71%
2026-08-27 02:02:19,758   adequacy lambda=0.5  improvable flow 5.30%, overstatement 0.499%
2026-08-27 02:04:12,209   adequacy lambda=1.0  improvable flow 2.87%, overstatement 0.248%
2026-08-27 02:06:04,623   adequacy lambda=2.0  improvable flow 2.18%, overstatement 0.152%
2026-08-27 02:07:57,547   adequacy lambda=8.0  improvable flow 2.29%, overstatement 0.154%
2026-08-27 02:07:57,549 iteration 0: worst improvable flow share 5.302% (217338 paths)
2026-08-27 02:07:57,550 enumeration scenarios opt_it0_lam0.5, opt_it0_lam1.0, opt_it0_lam2.0, opt_it0_lam8.0 -> sc-72d6b15c68ed2230
2026-08-27 02:07:57,550 ======================================================================
2026-08-27 02:07:57,550 ITERATION 1, 4 extra enumeration scenarios
2026-08-27 02:07:57,623 path enumeration: 20000 OD pairs, 636 origin zones, 11 scenarios, cap 11 paths/OD
2026-08-27 02:11:53,904 rejected 333 malformed candidate paths that failed the re-pricing check
2026-08-27 02:11:54,308 path set: 37325 paths over 17437/20000 OD pairs (86.9% of flow served), 194145 legs
2026-08-27 02:11:54,539 cache store pathset-96cda138d1301620 (14.2 MB, built in 237s)
2026-08-27 02:11:54,539 period early   : 37325 paths, 20000 OD pairs
2026-08-27 02:11:54,558 path enumeration: 20000 OD pairs, 636 origin zones, 11 scenarios, cap 11 paths/OD
2026-08-27 02:16:23,730 rejected 356 malformed candidate paths that failed the re-pricing check
2026-08-27 02:16:23,995 path set: 43861 paths over 19318/20000 OD pairs (96.5% of flow served), 227199 legs
2026-08-27 02:16:24,308 cache store pathset-755fe8b66304c317 (16.5 MB, built in 270s)
2026-08-27 02:16:24,308 period am_peak : 43861 paths, 20000 OD pairs
2026-08-27 02:16:24,325 path enumeration: 20000 OD pairs, 636 origin zones, 11 scenarios, cap 11 paths/OD
2026-08-27 02:20:22,057 rejected 237 malformed candidate paths that failed the re-pricing check
2026-08-27 02:20:22,238 path set: 36347 paths over 17439/20000 OD pairs (86.9% of flow served), 187455 legs
2026-08-27 02:20:22,523 cache store pathset-1d52ed582bdd244e (13.8 MB, built in 238s)
2026-08-27 02:20:22,523 period midday  : 36347 paths, 20000 OD pairs
2026-08-27 02:20:22,541 path enumeration: 20000 OD pairs, 636 origin zones, 11 scenarios, cap 11 paths/OD
2026-08-27 02:24:39,035 rejected 546 malformed candidate paths that failed the re-pricing check
2026-08-27 02:24:39,337 path set: 42971 paths over 18727/20000 OD pairs (93.8% of flow served), 226166 legs
2026-08-27 02:24:39,734 cache store pathset-b5a51ccd1f7bb6b5 (16.4 MB, built in 257s)
2026-08-27 02:24:39,735 period pm_peak : 42971 paths, 20000 OD pairs
2026-08-27 02:24:39,752 path enumeration: 20000 OD pairs, 636 origin zones, 11 scenarios, cap 11 paths/OD
2026-08-27 02:28:46,822 rejected 304 malformed candidate paths that failed the re-pricing check
2026-08-27 02:28:46,989 path set: 38824 paths over 17442/20000 OD pairs (86.9% of flow served), 200260 legs
2026-08-27 02:28:47,176 cache store pathset-b1c0e59b836db81c (14.6 MB, built in 247s)
2026-08-27 02:28:47,176 period evening : 38824 paths, 20000 OD pairs
2026-08-27 02:28:47,193 path enumeration: 20000 OD pairs, 636 origin zones, 11 scenarios, cap 11 paths/OD
2026-08-27 02:32:45,538 rejected 410 malformed candidate paths that failed the re-pricing check
2026-08-27 02:32:45,726 path set: 35101 paths over 17044/20000 OD pairs (85.3% of flow served), 181083 legs
2026-08-27 02:32:45,921 cache store pathset-c06b3508cb778916 (13.3 MB, built in 239s)
2026-08-27 02:32:45,922 period owl     : 35101 paths, 20000 OD pairs
2026-08-27 02:32:47,062 cache store pathsets-7450edccf21fdfbc (88.8 MB, built in 1488s)
2026-08-27 02:32:47,130 period early   : 37325 paths, 20000 OD pairs
2026-08-27 02:32:47,138 period am_peak : 43861 paths, 20000 OD pairs
2026-08-27 02:32:47,144 period midday  : 36347 paths, 20000 OD pairs
2026-08-27 02:32:47,151 period pm_peak : 42971 paths, 20000 OD pairs
2026-08-27 02:32:47,158 period evening : 38824 paths, 20000 OD pairs
2026-08-27 02:32:47,164 period owl     : 35101 paths, 20000 OD pairs
2026-08-27 02:32:47,192 load profile: 23 route-periods, peak-load factor median 0.33, p90 0.48
2026-08-27 02:32:47,223 load profile: 35 route-periods, peak-load factor median 0.41, p90 1.00
2026-08-27 02:32:47,249 load profile: 25 route-periods, peak-load factor median 0.34, p90 0.48
2026-08-27 02:32:47,282 load profile: 32 route-periods, peak-load factor median 0.38, p90 0.99
2026-08-27 02:32:47,311 load profile: 24 route-periods, peak-load factor median 0.32, p90 0.45
2026-08-27 02:32:47,337 load profile: 22 route-periods, peak-load factor median 0.37, p90 0.51
2026-08-27 02:32:47,338 locking 28 route-periods across 14 routes in classes ('peak_express',)
2026-08-27 02:32:47,408 iteration 1: 234429 candidate paths, baseline gc=1.772750e+06 (enum 1490s)
2026-08-27 02:47:17,173 solve lambda=0.5: obj=2.04139e+06 vh=2511.7/2517.2 exchanges=99
2026-08-27 02:47:17,174   lambda=0.5   870s gc   -3.68% unserved   +8.46%
2026-08-27 02:51:35,661 experiment exp6_fixpoint_modelB_20260827T025135Z
2026-08-27 02:51:35,663 result store: 15 cells already solved
2026-08-27 02:51:35,798 cache hit  baseline-a5bf710e8b2c9129 (53.2 MB, 0.1s)
2026-08-27 02:51:35,835 cache hit  raptor-51c3309f35ffd25f (0.6 MB, 0.0s)
2026-08-27 02:51:35,836 cache hit  zones-77edf71b615ba370 (0.2 MB, 0.0s)
2026-08-27 02:51:35,837 cache hit  od-ba345b9cb167aecb (0.5 MB, 0.0s)
2026-08-27 02:51:35,848 route classes: {'all_day': 25, 'peak_express': 14}
2026-08-27 02:51:35,984 cache hit  pathsets-c5f7d2bb11d2932d (81.9 MB, 0.1s)
2026-08-27 02:51:35,986 harness ready in 0s; waiting model = same_route
2026-08-27 02:51:35,986 ======================================================================
2026-08-27 02:51:35,986 ITERATION 0, 0 extra enumeration scenarios
2026-08-27 02:51:36,058 period early   : 33571 paths, 20000 OD pairs
2026-08-27 02:51:36,066 period am_peak : 40050 paths, 20000 OD pairs
2026-08-27 02:51:36,073 period midday  : 34003 paths, 20000 OD pairs
2026-08-27 02:51:36,081 period pm_peak : 40231 paths, 20000 OD pairs
2026-08-27 02:51:36,087 period evening : 34989 paths, 20000 OD pairs
2026-08-27 02:51:36,094 period owl     : 34494 paths, 20000 OD pairs
2026-08-27 02:51:36,120 load profile: 23 route-periods, peak-load factor median 0.32, p90 0.48
2026-08-27 02:51:36,146 load profile: 35 route-periods, peak-load factor median 0.40, p90 1.00
2026-08-27 02:51:36,169 load profile: 25 route-periods, peak-load factor median 0.35, p90 0.48
2026-08-27 02:51:36,196 load profile: 32 route-periods, peak-load factor median 0.38, p90 0.99
2026-08-27 02:51:36,220 load profile: 24 route-periods, peak-load factor median 0.33, p90 0.45
2026-08-27 02:51:36,243 load profile: 22 route-periods, peak-load factor median 0.36, p90 0.51
2026-08-27 02:51:36,243 locking 28 route-periods across 14 routes in classes ('peak_express',)
2026-08-27 02:51:36,299 iteration 0: 217338 candidate paths, baseline gc=1.772566e+06 (enum 0s)
2026-08-27 02:51:36,299   lambda=0.5  resumed from checkpoint (gc -3.76%)
2026-08-27 02:51:36,299   lambda=1.0  resumed from checkpoint (gc -1.34%)
2026-08-27 02:51:36,299   lambda=2.0  resumed from checkpoint (gc +0.81%)
2026-08-27 02:51:36,299   lambda=8.0  resumed from checkpoint (gc +1.39%)
2026-08-27 02:51:36,299   adequacy lambda=0.5  resumed, improvable flow 5.30%
2026-08-27 02:51:36,299   adequacy lambda=1.0  resumed, improvable flow 2.87%
2026-08-27 02:51:36,299   adequacy lambda=2.0  resumed, improvable flow 2.18%
2026-08-27 02:51:36,299   adequacy lambda=8.0  resumed, improvable flow 2.29%
2026-08-27 02:51:36,301 iteration 0: worst improvable flow share 5.302% (217338 paths)
2026-08-27 02:51:36,303 enumeration scenarios opt_it0_lam0.5, opt_it0_lam1.0, opt_it0_lam2.0, opt_it0_lam8.0 -> sc-72d6b15c68ed2230
2026-08-27 02:51:36,303 ======================================================================
2026-08-27 02:51:36,303 ITERATION 1, 4 extra enumeration scenarios
2026-08-27 02:51:36,429 cache hit  pathsets-7450edccf21fdfbc (88.8 MB, 0.1s)
2026-08-27 02:51:36,485 period early   : 37325 paths, 20000 OD pairs
2026-08-27 02:51:36,494 period am_peak : 43861 paths, 20000 OD pairs
2026-08-27 02:51:36,501 period midday  : 36347 paths, 20000 OD pairs
2026-08-27 02:51:36,510 period pm_peak : 42971 paths, 20000 OD pairs
2026-08-27 02:51:36,517 period evening : 38824 paths, 20000 OD pairs
2026-08-27 02:51:36,524 period owl     : 35101 paths, 20000 OD pairs
2026-08-27 02:51:36,550 load profile: 23 route-periods, peak-load factor median 0.33, p90 0.48
2026-08-27 02:51:36,579 load profile: 35 route-periods, peak-load factor median 0.41, p90 1.00
2026-08-27 02:51:36,603 load profile: 25 route-periods, peak-load factor median 0.34, p90 0.48
2026-08-27 02:51:36,633 load profile: 32 route-periods, peak-load factor median 0.38, p90 0.99
2026-08-27 02:51:36,658 load profile: 24 route-periods, peak-load factor median 0.32, p90 0.45
2026-08-27 02:51:36,681 load profile: 22 route-periods, peak-load factor median 0.37, p90 0.51
2026-08-27 02:51:36,681 locking 28 route-periods across 14 routes in classes ('peak_express',)
2026-08-27 02:51:36,746 iteration 1: 234429 candidate paths, baseline gc=1.772750e+06 (enum 0s)
2026-08-27 02:51:36,746   lambda=0.5  resumed from checkpoint (gc -3.68%)
2026-08-27 02:51:36,746     rejoining at restart 0/10
2026-08-27 02:51:36,877 resuming solve at restart 0/10, saved objective 2.35676e+06
