2026-08-26 12:50:34,153 loaded agency: 1 rows
2026-08-26 12:50:34,169 loaded stops: 2949 rows
2026-08-26 12:50:34,171 loaded routes: 42 rows
2026-08-26 12:50:34,190 loaded trips: 5435 rows
2026-08-26 12:50:34,801 loaded stop_times: 365224 rows
2026-08-26 12:50:34,803 loaded calendar: 3 rows
2026-08-26 12:50:34,804 loaded calendar_dates: 79 rows
2026-08-26 12:50:34,860 loaded shapes: 98972 rows
2026-08-26 12:50:34,862 loaded transfers: 1765 rows
2026-08-26 12:50:36,196 validation: 0 errors, 0 warnings
2026-08-26 12:50:36,301 representative weekday: 2026-05-26 (service_ids=['110.0.1', '110.119.1'], occurs 45 days)
2026-08-26 12:50:39,600 footpaths: 15573 links (9 from transfers.txt)
2026-08-26 12:50:39,609 raptor network: 2949 stops, 111 patterns, 15573 footpaths
2026-08-26 12:50:39,718 zones: 1397 (637 with transit access within 600 m), 3938 access links
2026-08-26 12:50:46,469 LODES OD: 4640957 block rows read, 317706 block-group pairs, 823915 trips
2026-08-26 12:50:46,471 accessible OD: 78210 of 317706 pairs, 24.7% of commute flow
2026-08-26 12:50:46,475 OD truncated to top 20000 pairs of 78210 — 64.9% of total flow
2026-08-26 12:50:46,485 route classes: {'all_day': 25, 'peak_express': 14}
2026-08-26 12:50:46,753 period early   : 31528 paths, 20000 OD pairs
2026-08-26 12:50:46,760 period am_peak : 37576 paths, 20000 OD pairs
2026-08-26 12:50:46,767 period midday  : 32627 paths, 20000 OD pairs
2026-08-26 12:50:46,775 period pm_peak : 37471 paths, 20000 OD pairs
2026-08-26 12:50:46,781 period evening : 30623 paths, 20000 OD pairs
2026-08-26 12:50:46,787 period owl     : 31511 paths, 20000 OD pairs
2026-08-26 12:50:46,817 load profile: 23 route-periods, peak-load factor median 0.32, p90 0.49
2026-08-26 12:50:46,848 load profile: 35 route-periods, peak-load factor median 0.37, p90 1.00
2026-08-26 12:50:46,874 load profile: 25 route-periods, peak-load factor median 0.34, p90 0.48
2026-08-26 12:50:46,904 load profile: 33 route-periods, peak-load factor median 0.37, p90 0.94
2026-08-26 12:50:46,928 load profile: 24 route-periods, peak-load factor median 0.33, p90 0.49
2026-08-26 12:50:46,953 load profile: 22 route-periods, peak-load factor median 0.42, p90 0.50
2026-08-26 12:50:46,954 locking 28 route-periods across 14 routes in classes ('peak_express',)
2026-08-26 12:50:47,032 baseline: gc=1.7880e+06 unserved=10886 vh=2517.2
