2026-08-27 17:42:18,253 result store: 102 cells already solved
2026-08-27 17:42:18,573 cache hit  baseline-a5bf710e8b2c9129 (53.2 MB, 0.3s)
2026-08-27 17:42:18,618 cache hit  raptor-51c3309f35ffd25f (0.6 MB, 0.0s)
2026-08-27 17:42:18,619 cache hit  zones-77edf71b615ba370 (0.2 MB, 0.0s)
2026-08-27 17:42:18,620 cache hit  od-ba345b9cb167aecb (0.5 MB, 0.0s)
2026-08-27 17:42:18,637 route classes: {'all_day': 25, 'peak_express': 14}
2026-08-27 17:42:19,134 cache hit  pathsets-c46c302e5c74673a (76.8 MB, 0.5s)
2026-08-27 17:42:21,517 cache hit  pathsets-02319c196c835ae0 (89.4 MB, 2.4s)
2026-08-27 17:42:21,600 period early   : 37079 paths, 20000 OD pairs
2026-08-27 17:42:21,610 period am_peak : 44857 paths, 20000 OD pairs
2026-08-27 17:42:21,617 period midday  : 38600 paths, 20000 OD pairs
2026-08-27 17:42:21,627 period pm_peak : 44195 paths, 20000 OD pairs
2026-08-27 17:42:21,635 period evening : 36426 paths, 20000 OD pairs
2026-08-27 17:42:21,641 period owl     : 32432 paths, 20000 OD pairs
2026-08-27 17:42:21,666 load profile: 23 route-periods, peak-load factor median 0.32, p90 0.49
2026-08-27 17:42:21,692 load profile: 35 route-periods, peak-load factor median 0.37, p90 1.00
2026-08-27 17:42:21,714 load profile: 25 route-periods, peak-load factor median 0.34, p90 0.48
2026-08-27 17:42:21,739 load profile: 33 route-periods, peak-load factor median 0.37, p90 0.94
2026-08-27 17:42:21,760 load profile: 24 route-periods, peak-load factor median 0.33, p90 0.49
2026-08-27 17:42:21,778 load profile: 22 route-periods, peak-load factor median 0.42, p90 0.50
2026-08-27 17:42:21,779 locking 28 route-periods across 14 routes in classes ('peak_express',)
2026-08-27 17:42:21,838 one shared set: 233589 paths, lambda=2.0, 3 seeds
2026-08-27 18:24:15,273 solve lambda=2.0: obj=3.0104e+06 vh=2516.7/2517.2 exchanges=87
2026-08-27 18:24:15,274   seed 20260825  2513s gc  +0.535% unserved  -7.035%
2026-08-27 19:06:53,622 solve lambda=2.0: obj=3.01156e+06 vh=2516.2/2517.2 exchanges=123
2026-08-27 19:06:53,622   seed 20260826  2558s gc  +0.472% unserved  -6.859%
