2026-08-26T17:24:20Z supervisor: starting fixpoint
2026-08-26T17:24:25Z supervisor: starting exp2 screen
2026-08-26T21:11:59Z supervisor: started fixpoint pid=1630 free=7459MB
2026-08-26T21:28:06Z supervisor: started fixpoint free=7424MB
2026-08-26T21:56:05Z supervisor: started fixpoint free=7423MB
2026-08-26T22:10:06Z supervisor: started fixpoint free=7410MB
2026-08-26T23:26:12Z supervisor: started fixpoint free=7001MB
2026-08-27T00:49:07Z supervisor: started fixpoint-B free=6925MB
2026-08-27T02:51:29Z supervisor: started fixpoint-A free=7340MB
2026-08-27T02:51:35Z supervisor: started fixpoint-B free=6841MB
2026-08-27T09:37:11Z supervisor: fixpoint-A exited status=0
2026-08-27T11:48:37Z supervisor: started certify-A free=6668MB
2026-08-27T13:34:12Z supervisor: fixpoint-B exited status=0
2026-08-27T13:36:08Z supervisor: started certify-B free=6757MB
2026-08-27T17:16:40Z supervisor: certify-A exited status=0
2026-08-27T17:16:45Z supervisor: all runs complete, exiting
2026-08-27T17:21:51Z supervisor: started exp2-bracket free=6711MB
2026-08-27T17:25:33Z supervisor: started certify-B free=7433MB
2026-08-27T17:25:39Z supervisor: started exp2-bracket free=7415MB
2026-08-27T17:41:29Z supervisor: exp2-bracket exited status=0
2026-08-27T17:42:17Z supervisor: started seedcheck-A free=7063MB
2026-08-27T19:05:04Z supervisor: certify-B exited status=0
2026-08-27T19:11:37Z supervisor: started seedcheck-B free=7045MB
2026-08-27T19:49:43Z supervisor: seedcheck-A exited status=0
2026-08-27T19:56:21Z supervisor: started exp2-eval-B free=7025MB
2026-08-27T20:09:20Z supervisor: started exp2-eval-B free=7042MB
2026-08-27T20:14:06Z supervisor: started exp2-eval-B free=7006MB
2026-08-27T21:36:39Z supervisor: seedcheck-B exited status=0
2026-08-27T22:14:13Z supervisor: exp2-eval-B exited status=0
2026-08-27T22:14:31Z supervisor: all runs complete, exiting
2026-08-27T22:17:21Z supervisor: started exp2-ladder free=7345MB
2026-08-28T15:09:02Z supervisor: started exp2-frontier free=7456MB
2026-08-28T15:09:07Z supervisor: started exp2-ladder free=7447MB
2026-08-29T14:12:26Z supervisor: started exp2-frontier free=7456MB
2026-08-29T14:20:20Z supervisor: started exp2-recheck free=7086MB
2026-08-29T18:38:38Z supervisor: started exp2-frontier free=7477MB
2026-08-29T18:38:44Z supervisor: started exp2-recheck free=7465MB
2026-08-29T19:09:40Z supervisor: exp2-recheck exited status=0
2026-08-29T19:10:14Z supervisor: started exp2b-stageA-0 free=6960MB
2026-08-29T19:10:15Z supervisor: exp2b-stageA-0 exited status=0
2026-08-29T19:10:19Z supervisor: started exp2b-stageA-1 free=6930MB
2026-08-29T19:10:20Z supervisor: exp2b-stageA-1 exited status=0
2026-08-29T19:12:24Z supervisor: started exp2b-stageA-0 free=6956MB
2026-08-29T19:12:25Z supervisor: exp2b-stageA-0 exited status=0
2026-08-29T19:12:29Z supervisor: started exp2b-stageA-1 free=6931MB
2026-08-29T19:12:30Z supervisor: exp2b-stageA-1 exited status=0
2026-08-29T19:14:35Z supervisor: started exp2b-stageA-0 free=6955MB
2026-08-29T19:14:36Z supervisor: exp2b-stageA-0 exited status=0
2026-08-29T19:14:40Z supervisor: started exp2b-stageA-1 free=6967MB
2026-08-29T19:14:41Z supervisor: exp2b-stageA-1 exited status=0
2026-08-29T19:16:45Z supervisor: started exp2b-stageA-0 free=6723MB
2026-08-29T19:21:55Z supervisor: exp2b-stageA-0 exited status=0
2026-08-29T19:22:44Z supervisor: started exp2b-stageA-0 free=6946MB
2026-08-29T19:26:46Z supervisor: exp2-frontier exited status=0
2026-08-29T19:27:26Z supervisor: started exp2b-stageA-1 free=7063MB
2026-08-29T19:43:46Z supervisor: exp2b-stageA-1 exited status=0
2026-08-29T19:43:56Z supervisor: started exp2-eval-B-fixed free=7020MB
2026-08-29T21:18:56Z supervisor: already running as pid 16501, exiting
2026-08-29T22:06:55Z supervisor: exp2-eval-B-fixed exited status=0
2026-08-29T22:06:56Z supervisor: started exp2-recheck-B-fixed free=7018MB
2026-08-29T23:34:07Z supervisor: exp2-recheck-B-fixed exited status=0
2026-08-29T23:34:51Z supervisor: started exp2-ladder-B-fixed free=7017MB
2026-08-30T00:05:27Z supervisor: exp2-ladder-B-fixed exited status=0
2026-08-30T00:06:18Z supervisor: started exp2b-stageA-1 free=6993MB
2026-08-30T03:01:16Z supervisor: already running as pid 16324, exiting
2026-08-30T03:02:05Z supervisor: already running as pid 16348, exiting
2026-08-30T03:03:09Z supervisor: already running as pid 16383, exiting
2026-08-30T03:04:19Z supervisor: started exp2-promote free=6622MB
2026-08-30T03:45:42Z supervisor: exp2-promote exited status=0
2026-08-30T04:16:21Z supervisor: started exp2b-stageB free=6557MB
2026-08-30T04:16:22Z supervisor: exp2b-stageB exited status=0
2026-08-30T04:16:26Z supervisor: started exp2b-stageC free=6557MB
2026-08-30T04:16:27Z supervisor: exp2b-stageC exited status=0
2026-08-30T04:18:19Z supervisor: already running as pid 22804, exiting
2026-08-30T04:18:32Z supervisor: started exp2b-stageB free=6598MB
2026-08-30T04:18:34Z supervisor: exp2b-stageB declined after 2s (status=1), holding off 900s
2026-08-30T04:18:38Z supervisor: started exp2b-stageC free=6578MB
2026-08-30T04:18:39Z supervisor: exp2b-stageC declined after 1s (status=1), holding off 900s
2026-08-30T04:33:51Z supervisor: started exp2b-stageB free=6613MB
2026-08-30T04:33:52Z supervisor: exp2b-stageB declined after 1s (status=1), holding off 900s
2026-08-30T04:33:56Z supervisor: started exp2b-stageC free=6607MB
2026-08-30T04:33:58Z supervisor: exp2b-stageC declined after 2s (status=1), holding off 900s
2026-08-30T04:49:10Z supervisor: started exp2b-stageB free=6597MB
2026-08-30T04:49:12Z supervisor: exp2b-stageB declined after 2s (status=1), holding off 900s
2026-08-30T04:49:16Z supervisor: started exp2b-stageC free=6589MB
2026-08-30T04:49:17Z supervisor: exp2b-stageC declined after 1s (status=1), holding off 900s
2026-08-30T05:04:30Z supervisor: started exp2b-stageB free=6566MB
2026-08-30T05:04:31Z supervisor: exp2b-stageB declined after 1s (status=1), holding off 900s
2026-08-30T05:04:35Z supervisor: started exp2b-stageC free=6543MB
2026-08-30T05:04:36Z supervisor: exp2b-stageC declined after 1s (status=1), holding off 900s
2026-08-30T05:19:48Z supervisor: started exp2b-stageB free=6597MB
2026-08-30T05:19:49Z supervisor: exp2b-stageB declined after 1s (status=1), holding off 900s
2026-08-30T05:19:54Z supervisor: started exp2b-stageC free=6600MB
2026-08-30T05:19:55Z supervisor: exp2b-stageC declined after 1s (status=1), holding off 900s
2026-08-30T05:35:07Z supervisor: started exp2b-stageB free=6603MB
2026-08-30T05:35:08Z supervisor: exp2b-stageB declined after 1s (status=1), holding off 900s
2026-08-30T05:35:12Z supervisor: started exp2b-stageC free=6604MB
2026-08-30T05:35:14Z supervisor: exp2b-stageC declined after 2s (status=1), holding off 900s
2026-08-30T05:50:26Z supervisor: started exp2b-stageB free=6603MB
2026-08-30T05:50:27Z supervisor: exp2b-stageB declined after 1s (status=1), holding off 900s
2026-08-30T05:50:31Z supervisor: started exp2b-stageC free=6580MB
2026-08-30T05:50:32Z supervisor: exp2b-stageC declined after 1s (status=1), holding off 900s
2026-08-30T06:05:45Z supervisor: started exp2b-stageB free=6599MB
2026-08-30T06:05:46Z supervisor: exp2b-stageB declined after 1s (status=1), holding off 900s
2026-08-30T06:05:50Z supervisor: started exp2b-stageC free=6596MB
2026-08-30T06:05:51Z supervisor: exp2b-stageC declined after 1s (status=1), holding off 900s
2026-08-30T06:21:04Z supervisor: started exp2b-stageB free=6582MB
2026-08-30T06:21:05Z supervisor: exp2b-stageB declined after 1s (status=1), holding off 900s
2026-08-30T06:21:09Z supervisor: started exp2b-stageC free=6571MB
2026-08-30T06:21:10Z supervisor: exp2b-stageC declined after 1s (status=1), holding off 900s
2026-08-30T06:36:23Z supervisor: started exp2b-stageB free=6562MB
2026-08-30T06:36:24Z supervisor: exp2b-stageB declined after 1s (status=1), holding off 900s
2026-08-30T06:36:28Z supervisor: started exp2b-stageC free=6531MB
2026-08-30T06:36:29Z supervisor: exp2b-stageC declined after 1s (status=1), holding off 900s
2026-08-30T06:51:42Z supervisor: started exp2b-stageB free=6562MB
2026-08-30T06:51:43Z supervisor: exp2b-stageB declined after 1s (status=1), holding off 900s
2026-08-30T06:51:47Z supervisor: started exp2b-stageC free=6558MB
2026-08-30T06:51:48Z supervisor: exp2b-stageC declined after 1s (status=1), holding off 900s
2026-08-30T07:07:01Z supervisor: started exp2b-stageB free=6593MB
2026-08-30T07:07:02Z supervisor: exp2b-stageB declined after 1s (status=1), holding off 900s
2026-08-30T07:07:06Z supervisor: started exp2b-stageC free=6591MB
2026-08-30T07:07:07Z supervisor: exp2b-stageC declined after 1s (status=1), holding off 900s
2026-08-30T07:22:21Z supervisor: started exp2b-stageB free=6621MB
2026-08-30T07:22:22Z supervisor: exp2b-stageB declined after 1s (status=1), holding off 900s
2026-08-30T07:22:26Z supervisor: started exp2b-stageC free=6557MB
2026-08-30T07:22:27Z supervisor: exp2b-stageC declined after 1s (status=1), holding off 900s
2026-08-30T07:37:40Z supervisor: started exp2b-stageB free=6592MB
2026-08-30T07:37:41Z supervisor: exp2b-stageB declined after 1s (status=1), holding off 900s
2026-08-30T07:37:45Z supervisor: started exp2b-stageC free=6591MB
2026-08-30T07:37:47Z supervisor: exp2b-stageC declined after 2s (status=1), holding off 900s
2026-08-30T07:52:59Z supervisor: started exp2b-stageB free=6592MB
2026-08-30T07:53:00Z supervisor: exp2b-stageB declined after 1s (status=1), holding off 900s
2026-08-30T07:53:04Z supervisor: started exp2b-stageC free=6582MB
2026-08-30T07:53:05Z supervisor: exp2b-stageC declined after 1s (status=1), holding off 900s
2026-08-30T08:08:19Z supervisor: started exp2b-stageB free=6587MB
2026-08-30T08:08:20Z supervisor: exp2b-stageB declined after 1s (status=1), holding off 900s
2026-08-30T08:08:24Z supervisor: started exp2b-stageC free=6589MB
2026-08-30T08:08:25Z supervisor: exp2b-stageC declined after 1s (status=1), holding off 900s
2026-08-30T08:23:38Z supervisor: started exp2b-stageB free=6582MB
2026-08-30T08:23:39Z supervisor: exp2b-stageB declined after 1s (status=1), holding off 900s
2026-08-30T08:23:43Z supervisor: started exp2b-stageC free=6560MB
2026-08-30T08:23:44Z supervisor: exp2b-stageC declined after 1s (status=1), holding off 900s
2026-08-30T08:38:57Z supervisor: started exp2b-stageB free=6573MB
2026-08-30T08:38:59Z supervisor: exp2b-stageB declined after 2s (status=1), holding off 900s
2026-08-30T08:39:02Z supervisor: started exp2b-stageC free=6568MB
2026-08-30T08:39:04Z supervisor: exp2b-stageC declined after 2s (status=1), holding off 900s
2026-08-30T08:54:16Z supervisor: started exp2b-stageB free=6551MB
2026-08-30T08:54:17Z supervisor: exp2b-stageB declined after 1s (status=1), holding off 900s
2026-08-30T08:54:21Z supervisor: started exp2b-stageC free=6534MB
2026-08-30T08:54:22Z supervisor: exp2b-stageC declined after 1s (status=1), holding off 900s
2026-08-30T09:09:36Z supervisor: started exp2b-stageB free=6551MB
2026-08-30T09:09:37Z supervisor: exp2b-stageB declined after 1s (status=1), holding off 900s
2026-08-30T09:09:41Z supervisor: started exp2b-stageC free=6574MB
2026-08-30T09:09:42Z supervisor: exp2b-stageC declined after 1s (status=1), holding off 900s
2026-08-30T09:24:55Z supervisor: started exp2b-stageB free=6561MB
2026-08-30T09:24:56Z supervisor: exp2b-stageB declined after 1s (status=1), holding off 900s
2026-08-30T09:25:00Z supervisor: started exp2b-stageC free=6554MB
2026-08-30T09:25:02Z supervisor: exp2b-stageC declined after 1s (status=1), holding off 900s
2026-08-30T09:38:44Z supervisor: exp2b-stageA-0 exited status=0
2026-08-30T09:40:14Z supervisor: started exp2b-stageB free=6965MB
2026-08-30T09:40:15Z supervisor: exp2b-stageB declined after 1s (status=1), holding off 900s
2026-08-30T09:40:19Z supervisor: started exp2b-stageC free=6936MB
2026-08-30T09:40:20Z supervisor: exp2b-stageC declined after 1s (status=1), holding off 900s
2026-08-30T09:55:28Z supervisor: started exp2b-stageB free=6966MB
2026-08-30T09:55:29Z supervisor: exp2b-stageB declined after 1s (status=1), holding off 900s
2026-08-30T09:55:33Z supervisor: started exp2b-stageC free=6934MB
2026-08-30T09:55:34Z supervisor: exp2b-stageC declined after 1s (status=1), holding off 900s
2026-08-30T10:10:42Z supervisor: started exp2b-stageB free=6959MB
2026-08-30T10:10:43Z supervisor: exp2b-stageB declined after 1s (status=1), holding off 900s
2026-08-30T10:10:47Z supervisor: started exp2b-stageC free=6922MB
2026-08-30T10:10:48Z supervisor: exp2b-stageC declined after 1s (status=1), holding off 900s
2026-08-30T10:25:56Z supervisor: started exp2b-stageB free=6962MB
2026-08-30T10:25:57Z supervisor: exp2b-stageB declined after 1s (status=1), holding off 900s
2026-08-30T10:26:01Z supervisor: started exp2b-stageC free=6928MB
2026-08-30T10:26:02Z supervisor: exp2b-stageC declined after 1s (status=1), holding off 900s
2026-08-30T10:41:10Z supervisor: started exp2b-stageB free=6961MB
2026-08-30T10:41:11Z supervisor: exp2b-stageB declined after 1s (status=1), holding off 900s
2026-08-30T10:41:15Z supervisor: started exp2b-stageC free=6926MB
2026-08-30T10:41:16Z supervisor: exp2b-stageC declined after 1s (status=1), holding off 900s
2026-08-30T10:56:24Z supervisor: started exp2b-stageB free=6954MB
2026-08-30T10:56:25Z supervisor: exp2b-stageB declined after 1s (status=1), holding off 900s
2026-08-30T10:56:29Z supervisor: started exp2b-stageC free=6922MB
2026-08-30T10:56:30Z supervisor: exp2b-stageC declined after 1s (status=1), holding off 900s
2026-08-30T11:11:38Z supervisor: started exp2b-stageB free=6958MB
2026-08-30T11:11:39Z supervisor: exp2b-stageB declined after 1s (status=1), holding off 900s
2026-08-30T11:11:43Z supervisor: started exp2b-stageC free=6923MB
2026-08-30T11:11:44Z supervisor: exp2b-stageC declined after 1s (status=1), holding off 900s
2026-08-30T11:26:52Z supervisor: started exp2b-stageB free=6933MB
2026-08-30T11:26:53Z supervisor: exp2b-stageB declined after 1s (status=1), holding off 900s
2026-08-30T11:26:57Z supervisor: started exp2b-stageC free=6900MB
2026-08-30T11:26:58Z supervisor: exp2b-stageC declined after 1s (status=1), holding off 900s
2026-08-30T11:42:06Z supervisor: started exp2b-stageB free=6948MB
2026-08-30T11:42:07Z supervisor: exp2b-stageB declined after 1s (status=1), holding off 900s
2026-08-30T11:42:11Z supervisor: started exp2b-stageC free=6916MB
2026-08-30T11:42:12Z supervisor: exp2b-stageC declined after 1s (status=1), holding off 900s
2026-08-30T11:57:20Z supervisor: started exp2b-stageB free=6943MB
2026-08-30T11:57:21Z supervisor: exp2b-stageB declined after 0s (status=1), holding off 900s
2026-08-30T11:57:26Z supervisor: started exp2b-stageC free=6908MB
2026-08-30T11:57:26Z supervisor: exp2b-stageC declined after 0s (status=1), holding off 900s
2026-08-30T12:07:33Z supervisor: exp2b-stageA-1 exited status=0
2026-08-30T12:12:35Z supervisor: started exp2b-stageB free=7321MB
2026-08-30T12:12:35Z supervisor: exp2b-stageB declined after 0s (status=1), holding off 900s
2026-08-30T12:12:40Z supervisor: started exp2b-stageC free=7303MB
2026-08-30T12:12:40Z supervisor: exp2b-stageC declined after 0s (status=1), holding off 900s
2026-08-30T12:18:07Z supervisor: started exp2b-stageA-0 free=7302MB
2026-08-30T12:18:12Z supervisor: started exp2b-stageA-1 free=6982MB
2026-08-30T12:18:18Z supervisor: started exp2b-stageB free=6694MB
2026-08-30T12:18:19Z supervisor: exp2b-stageB declined after 1s (status=1), holding off 900s
2026-08-30T12:18:23Z supervisor: started exp2b-stageC free=6796MB
2026-08-30T12:18:24Z supervisor: exp2b-stageC declined after 1s (status=1), holding off 900s
2026-08-30T12:33:37Z supervisor: started exp2b-stageB free=6557MB
2026-08-30T12:33:38Z supervisor: exp2b-stageB declined after 1s (status=1), holding off 900s
2026-08-30T12:33:42Z supervisor: started exp2b-stageC free=6544MB
2026-08-30T12:33:43Z supervisor: exp2b-stageC declined after 1s (status=1), holding off 900s
2026-08-30T12:48:56Z supervisor: started exp2b-stageB free=6636MB
2026-08-30T12:48:58Z supervisor: exp2b-stageB declined after 2s (status=1), holding off 900s
2026-08-30T12:49:02Z supervisor: started exp2b-stageC free=6604MB
2026-08-30T12:49:03Z supervisor: exp2b-stageC declined after 1s (status=1), holding off 900s
2026-08-30T13:04:16Z supervisor: started exp2b-stageB free=6599MB
2026-08-30T13:04:17Z supervisor: exp2b-stageB declined after 1s (status=1), holding off 900s
2026-08-30T13:04:21Z supervisor: started exp2b-stageC free=6605MB
2026-08-30T13:04:22Z supervisor: exp2b-stageC declined after 1s (status=1), holding off 900s
2026-08-30T13:19:36Z supervisor: started exp2b-stageB free=6599MB
2026-08-30T13:19:37Z supervisor: exp2b-stageB declined after 1s (status=1), holding off 900s
2026-08-30T13:19:41Z supervisor: started exp2b-stageC free=6581MB
2026-08-30T13:19:43Z supervisor: exp2b-stageC declined after 2s (status=1), holding off 900s
2026-08-30T13:34:56Z supervisor: started exp2b-stageB free=6597MB
2026-08-30T13:34:57Z supervisor: exp2b-stageB declined after 1s (status=1), holding off 900s
2026-08-30T13:35:01Z supervisor: started exp2b-stageC free=6574MB
2026-08-30T13:35:02Z supervisor: exp2b-stageC declined after 1s (status=1), holding off 900s
2026-08-30T13:50:16Z supervisor: started exp2b-stageB free=6588MB
2026-08-30T13:50:17Z supervisor: exp2b-stageB declined after 1s (status=1), holding off 900s
2026-08-30T13:50:21Z supervisor: started exp2b-stageC free=6570MB
2026-08-30T13:50:22Z supervisor: exp2b-stageC declined after 1s (status=1), holding off 900s
2026-08-30T14:05:35Z supervisor: started exp2b-stageB free=6578MB
2026-08-30T14:05:36Z supervisor: exp2b-stageB declined after 1s (status=1), holding off 900s
2026-08-30T14:05:41Z supervisor: started exp2b-stageC free=6549MB
2026-08-30T14:05:42Z supervisor: exp2b-stageC declined after 1s (status=1), holding off 900s
2026-08-30T14:20:55Z supervisor: started exp2b-stageB free=6572MB
2026-08-30T14:20:56Z supervisor: exp2b-stageB declined after 1s (status=1), holding off 900s
2026-08-30T14:21:00Z supervisor: started exp2b-stageC free=6536MB
2026-08-30T14:21:01Z supervisor: exp2b-stageC declined after 1s (status=1), holding off 900s
2026-08-30T14:36:15Z supervisor: started exp2b-stageB free=6574MB
2026-08-30T14:36:16Z supervisor: exp2b-stageB declined after 1s (status=1), holding off 900s
2026-08-30T14:36:20Z supervisor: started exp2b-stageC free=6540MB
2026-08-30T14:36:22Z supervisor: exp2b-stageC declined after 2s (status=1), holding off 900s
2026-08-30T14:51:35Z supervisor: started exp2b-stageB free=6548MB
2026-08-30T14:51:36Z supervisor: exp2b-stageB declined after 1s (status=1), holding off 900s
2026-08-30T14:51:40Z supervisor: started exp2b-stageC free=6541MB
2026-08-30T14:51:41Z supervisor: exp2b-stageC declined after 1s (status=1), holding off 900s
2026-08-30T15:06:54Z supervisor: started exp2b-stageB free=6541MB
2026-08-30T15:06:55Z supervisor: exp2b-stageB declined after 1s (status=1), holding off 900s
2026-08-30T15:06:59Z supervisor: started exp2b-stageC free=6515MB
2026-08-30T15:07:00Z supervisor: exp2b-stageC declined after 1s (status=1), holding off 900s
2026-08-30T15:22:13Z supervisor: started exp2b-stageB free=6534MB
2026-08-30T15:22:15Z supervisor: exp2b-stageB declined after 2s (status=1), holding off 900s
2026-08-30T15:22:19Z supervisor: started exp2b-stageC free=6529MB
2026-08-30T15:22:20Z supervisor: exp2b-stageC declined after 1s (status=1), holding off 900s
2026-08-30T15:25:07Z supervisor: exp2b-stageA-1 exited status=0
2026-08-30T15:37:29Z supervisor: started exp2b-stageB free=6939MB
2026-08-30T15:37:29Z supervisor: exp2b-stageB declined after 0s (status=1), holding off 900s
2026-08-30T15:37:34Z supervisor: started exp2b-stageC free=6945MB
2026-08-30T15:37:35Z supervisor: exp2b-stageC declined after 1s (status=1), holding off 900s
2026-08-30T15:52:43Z supervisor: started exp2b-stageB free=6936MB
2026-08-30T15:52:44Z supervisor: exp2b-stageB declined after 1s (status=1), holding off 900s
2026-08-30T15:52:48Z supervisor: started exp2b-stageC free=6905MB
2026-08-30T15:52:49Z supervisor: exp2b-stageC declined after 1s (status=1), holding off 900s
2026-08-30T16:07:57Z supervisor: started exp2b-stageB free=6936MB
2026-08-30T16:07:58Z supervisor: exp2b-stageB declined after 1s (status=1), holding off 900s
2026-08-30T16:08:02Z supervisor: started exp2b-stageC free=6902MB
2026-08-30T16:08:03Z supervisor: exp2b-stageC declined after 1s (status=1), holding off 900s
2026-08-30T16:13:44Z supervisor: exp2b-stageA-0 exited status=0
2026-08-30T16:19:55Z supervisor: started exp2b-stageB free=7299MB
2026-08-30T16:20:00Z supervisor: started exp2b-stageC free=6967MB
