2026-08-26 03:21:36,055 loaded agency: 1 rows
2026-08-26 03:21:36,061 loaded stops: 2949 rows
2026-08-26 03:21:36,063 loaded routes: 42 rows
2026-08-26 03:21:36,074 loaded trips: 5435 rows
2026-08-26 03:21:36,557 loaded stop_times: 365224 rows
2026-08-26 03:21:36,558 loaded calendar: 3 rows
2026-08-26 03:21:36,559 loaded calendar_dates: 79 rows
2026-08-26 03:21:36,598 loaded shapes: 98972 rows
2026-08-26 03:21:36,600 loaded transfers: 1765 rows
2026-08-26 03:21:37,710 validation: 0 errors, 0 warnings
2026-08-26 03:21:37,805 representative weekday: 2026-05-26 (service_ids=['110.0.1', '110.119.1'], occurs 45 days)
2026-08-26 03:21:40,688 footpaths: 15573 links (9 from transfers.txt)
2026-08-26 03:21:40,695 raptor network: 2949 stops, 111 patterns, 15573 footpaths
2026-08-26 03:21:40,786 zones: 1397 (637 with transit access within 600 m), 3938 access links
2026-08-26 03:21:46,074 LODES OD: 4640957 block rows read, 317706 block-group pairs, 823915 trips
2026-08-26 03:21:46,076 accessible OD: 78210 of 317706 pairs, 24.7% of commute flow
2026-08-26 03:21:46,079 OD truncated to top 20000 pairs of 78210 — 64.9% of total flow
2026-08-26 03:21:46,162 path enumeration: 20000 OD pairs, 636 origin zones, 6 scenarios
2026-08-26 03:23:24,226 rejected 235 malformed candidate paths that failed the re-pricing check
2026-08-26 03:23:24,353 path set: 37576 paths over 19315/20000 OD pairs (96.5% of flow served), 191594 legs
2026-08-26 03:23:38,302 baseline: cached set overstates cost by -0.184 min on average (-0.17%), 86/19557 pairs improvable
2026-08-26 03:23:52,445 optimized: cached set overstates cost by -0.100 min on average (-0.09%), 832/19557 pairs improvable
2026-08-26 03:23:52,474 load profile: 35 route-periods, peak-load factor median 0.37, p90 1.00

====================================================================================
PATH-SET ADEQUACY — am_peak
====================================================================================
baseline   overstatement -0.184 min (-0.17%), p95 0.00, max 90.29; 86/19557 pairs
optimized  overstatement -0.100 min (-0.09%), p95 0.00, max 90.29; 832/19557 pairs

DOES CROWDING BIND?
  capacity 60 pax/bus; busiest modelled route-period carries 61.7 pax/bus (102.8% of capacity)
  route-periods over capacity: 1

  top 12 by peak-point load:
route_id  period  boardings_modelled  peak_segment_volume  trips  peak_point_pax_per_bus  load_factor_vs_capacity
     074 am_peak               63.59                61.66    1.0                   61.66                     1.03
     042 am_peak               25.11                24.98    1.0                   24.98                     0.42
     071 am_peak               48.63                48.63    2.0                   24.31                     0.41
     075 am_peak               22.00                19.75    1.0                   19.75                     0.33
     102 am_peak              601.64               200.93   12.0                   16.74                     0.28
     073 am_peak               72.97                62.29    4.0                   15.57                     0.26
     025 am_peak              276.01                85.27    7.0                   12.18                     0.20
     031 am_peak              369.11               139.67   12.0                   11.64                     0.19
     009 am_peak              140.84                68.33    6.0                   11.39                     0.19
     032 am_peak              187.37                65.24    6.0                   10.87                     0.18
     003 am_peak              391.69               133.63   14.0                    9.54                     0.16
     001 am_peak              584.25               193.49   24.0                    8.06                     0.13
