2026-09-04 18:45:49,161 3.1-stageB-esc: 30 cells remaining, 15 in this shard
2026-09-04 18:45:49,691 cache hit  baseline-a5bf710e8b2c9129 (53.2 MB, 0.5s)
2026-09-04 18:45:49,733 cache hit  raptor-51c3309f35ffd25f (0.6 MB, 0.0s)
2026-09-04 18:45:49,734 cache hit  zones-77edf71b615ba370 (0.2 MB, 0.0s)
2026-09-04 18:45:49,735 cache hit  od-ba345b9cb167aecb (0.5 MB, 0.0s)
2026-09-04 18:45:49,753 route classes: {'all_day': 25, 'peak_express': 14}
2026-09-04 18:45:52,867 footpaths: 15573 links (9 from transfers.txt)
2026-09-04 18:45:52,875 raptor network: 2949 stops, 111 patterns, 15573 footpaths
2026-09-04 18:45:52,979 zones: 1397 (637 with transit access within 600 m), 3938 access links
2026-09-04 18:45:52,987 route classes: {'all_day': 25, 'peak_express': 14}
2026-09-04 18:45:53,048 evaluator pricing: common_lines=same_route (explicit)
2026-09-04 18:45:53,054 period early   : 24673 paths, 20000 OD pairs
2026-09-04 18:45:53,060 period am_peak : 28768 paths, 20000 OD pairs
2026-09-04 18:45:53,065 period midday  : 24094 paths, 20000 OD pairs
2026-09-04 18:45:53,070 period pm_peak : 27982 paths, 20000 OD pairs
2026-09-04 18:45:53,075 period evening : 24032 paths, 20000 OD pairs
2026-09-04 18:45:53,079 period owl     : 22664 paths, 20000 OD pairs
2026-09-04 18:45:53,080 locking 28 route-periods across 14 routes in classes ('peak_express',)
2026-09-04 19:35:09,142 3.1-stageB-esc: 30 cells remaining, 15 in this shard
2026-09-04 19:35:10,859 cache hit  baseline-a5bf710e8b2c9129 (53.2 MB, 1.7s)
2026-09-04 19:35:11,014 cache hit  raptor-51c3309f35ffd25f (0.6 MB, 0.0s)
2026-09-04 19:35:11,015 cache hit  zones-77edf71b615ba370 (0.2 MB, 0.0s)
2026-09-04 19:35:11,017 cache hit  od-ba345b9cb167aecb (0.5 MB, 0.0s)
2026-09-04 19:35:11,036 route classes: {'all_day': 25, 'peak_express': 14}
2026-09-04 19:35:14,236 footpaths: 15573 links (9 from transfers.txt)
2026-09-04 19:35:14,243 raptor network: 2949 stops, 111 patterns, 15573 footpaths
2026-09-04 19:35:14,328 zones: 1397 (637 with transit access within 600 m), 3938 access links
2026-09-04 19:35:14,335 route classes: {'all_day': 25, 'peak_express': 14}
2026-09-04 19:35:14,388 evaluator pricing: common_lines=same_route (explicit)
2026-09-04 19:35:14,393 period early   : 24673 paths, 20000 OD pairs
2026-09-04 19:35:14,399 period am_peak : 28768 paths, 20000 OD pairs
2026-09-04 19:35:14,403 period midday  : 24094 paths, 20000 OD pairs
2026-09-04 19:35:14,407 period pm_peak : 27982 paths, 20000 OD pairs
2026-09-04 19:35:14,411 period evening : 24032 paths, 20000 OD pairs
2026-09-04 19:35:14,416 period owl     : 22664 paths, 20000 OD pairs
2026-09-04 19:35:14,416 locking 28 route-periods across 14 routes in classes ('peak_express',)
