2026-09-04 18:45:47,355 3.1-stageB-esc: 30 cells remaining, 15 in this shard
2026-09-04 18:45:49,151 cache hit  baseline-a5bf710e8b2c9129 (53.2 MB, 1.8s)
2026-09-04 18:45:49,439 cache hit  raptor-51c3309f35ffd25f (0.6 MB, 0.0s)
2026-09-04 18:45:49,441 cache hit  zones-77edf71b615ba370 (0.2 MB, 0.0s)
2026-09-04 18:45:49,442 cache hit  od-ba345b9cb167aecb (0.5 MB, 0.0s)
2026-09-04 18:45:49,465 route classes: {'all_day': 25, 'peak_express': 14}
2026-09-04 18:45:52,652 footpaths: 15573 links (9 from transfers.txt)
2026-09-04 18:45:52,660 raptor network: 2949 stops, 111 patterns, 15573 footpaths
2026-09-04 18:45:52,765 zones: 1397 (637 with transit access within 600 m), 3938 access links
2026-09-04 18:45:52,773 route classes: {'all_day': 25, 'peak_express': 14}
2026-09-04 18:45:52,836 evaluator pricing: common_lines=same_route (explicit)
2026-09-04 18:45:52,842 period early   : 24673 paths, 20000 OD pairs
2026-09-04 18:45:52,848 period am_peak : 28768 paths, 20000 OD pairs
2026-09-04 18:45:52,853 period midday  : 24094 paths, 20000 OD pairs
2026-09-04 18:45:52,858 period pm_peak : 27982 paths, 20000 OD pairs
2026-09-04 18:45:52,863 period evening : 24032 paths, 20000 OD pairs
2026-09-04 18:45:52,868 period owl     : 22664 paths, 20000 OD pairs
2026-09-04 18:45:52,868 locking 28 route-periods across 14 routes in classes ('peak_express',)
2026-09-04 19:35:09,218 3.1-stageB-esc: 30 cells remaining, 15 in this shard
2026-09-04 19:35:10,858 cache hit  baseline-a5bf710e8b2c9129 (53.2 MB, 1.6s)
2026-09-04 19:35:11,014 cache hit  raptor-51c3309f35ffd25f (0.6 MB, 0.0s)
2026-09-04 19:35:11,015 cache hit  zones-77edf71b615ba370 (0.2 MB, 0.0s)
2026-09-04 19:35:11,017 cache hit  od-ba345b9cb167aecb (0.5 MB, 0.0s)
2026-09-04 19:35:11,036 route classes: {'all_day': 25, 'peak_express': 14}
2026-09-04 19:35:14,024 footpaths: 15573 links (9 from transfers.txt)
2026-09-04 19:35:14,032 raptor network: 2949 stops, 111 patterns, 15573 footpaths
2026-09-04 19:35:14,110 zones: 1397 (637 with transit access within 600 m), 3938 access links
2026-09-04 19:35:14,118 route classes: {'all_day': 25, 'peak_express': 14}
2026-09-04 19:35:14,205 evaluator pricing: common_lines=same_route (explicit)
2026-09-04 19:35:14,211 period early   : 24673 paths, 20000 OD pairs
2026-09-04 19:35:14,216 period am_peak : 28768 paths, 20000 OD pairs
2026-09-04 19:35:14,221 period midday  : 24094 paths, 20000 OD pairs
2026-09-04 19:35:14,225 period pm_peak : 27982 paths, 20000 OD pairs
2026-09-04 19:35:14,230 period evening : 24032 paths, 20000 OD pairs
2026-09-04 19:35:14,234 period owl     : 22664 paths, 20000 OD pairs
2026-09-04 19:35:14,234 locking 28 route-periods across 14 routes in classes ('peak_express',)
