2026-08-31 12:30:08,997 40 of 40 states still to re-score
2026-08-31 12:30:09,137 cache hit  baseline-a5bf710e8b2c9129 (53.2 MB, 0.1s)
2026-08-31 12:30:09,173 cache hit  raptor-51c3309f35ffd25f (0.6 MB, 0.0s)
2026-08-31 12:30:09,174 cache hit  zones-77edf71b615ba370 (0.2 MB, 0.0s)
2026-08-31 12:30:09,175 cache hit  od-ba345b9cb167aecb (0.5 MB, 0.0s)
2026-08-31 12:30:09,194 route classes: {'all_day': 25, 'peak_express': 14}
2026-08-31 12:30:09,410 path sets from cache for <none>
2026-08-31 12:30:09,667 footpaths: 15573 links (9 from transfers.txt)
2026-08-31 12:30:09,676 raptor network: 2949 stops, 111 patterns, 15573 footpaths
2026-08-31 12:30:09,786 zones: 1397 (637 with transit access within 600 m), 3938 access links
2026-08-31 12:30:09,796 route classes: {'all_day': 25, 'peak_express': 14}
2026-08-31 12:30:09,841 evaluator pricing: common_lines=same_route (explicit)
2026-08-31 12:30:09,847 period early   : 24668 paths, 20000 OD pairs
2026-08-31 12:30:09,854 period am_peak : 28763 paths, 20000 OD pairs
2026-08-31 12:30:09,859 period midday  : 24097 paths, 20000 OD pairs
2026-08-31 12:30:09,864 period pm_peak : 27986 paths, 20000 OD pairs
2026-08-31 12:30:09,869 period evening : 24058 paths, 20000 OD pairs
2026-08-31 12:30:09,874 period owl     : 22669 paths, 20000 OD pairs
2026-08-31 12:30:09,874 locking 28 route-periods across 14 routes in classes ('peak_express',)
2026-08-31 12:31:53,522 solve lambda=2.0: obj=2.95612e+06 vh=2515.1/2517.2 exchanges=0
2026-08-31 12:31:53,540 <none>                                               obj=2956121 unserved=9745.9 vh=2515.1 104s
2026-08-31 12:31:53,540 stopping cleanly: not enough slice left for another state
2026-08-31 12:31:53,542 slice re-scored 1 states; 39 remain
