2026-08-31 05:18:50,861 slice deadline: 480 s from now, checked between states
2026-08-31 05:18:50,864 experiment exp3_stage_a_20260831T051850Z
2026-08-31 05:18:51,001 cache hit  baseline-a5bf710e8b2c9129 (53.2 MB, 0.1s)
2026-08-31 05:18:51,048 cache hit  raptor-51c3309f35ffd25f (0.6 MB, 0.0s)
2026-08-31 05:18:51,049 cache hit  zones-77edf71b615ba370 (0.2 MB, 0.0s)
2026-08-31 05:18:51,050 cache hit  od-ba345b9cb167aecb (0.5 MB, 0.0s)
2026-08-31 05:18:51,069 route classes: {'all_day': 25, 'peak_express': 14}
2026-08-31 05:18:51,217 PHASE A1 — 84 single mutations + 3 zero-edit replicates
2026-08-31 05:18:51,221 noise floor at 60000/2/32 — objective 0.0391%, unserved 0.1300%
2026-08-31 05:18:51,229 policy benchmark PASSED — phase A2 may run
2026-08-31 05:18:51,229 PHASE A2 — budget 333 unique states, 0.1 h remaining
2026-08-31 05:18:51,496 footpaths: 15573 links (9 from transfers.txt)
2026-08-31 05:18:51,506 raptor network: 2949 stops, 111 patterns, 15573 footpaths
2026-08-31 05:18:51,627 zones: 1397 (637 with transit access within 600 m), 3938 access links
2026-08-31 05:18:51,637 route classes: {'all_day': 25, 'peak_express': 14}
2026-08-31 05:18:51,686 evaluator pricing: common_lines=same_route (explicit)
2026-08-31 05:18:51,744 path enumeration: 20000 OD pairs, 636 origin zones, 3 scenarios, cap 4 paths/OD
2026-08-31 05:19:40,732 rejected 94 malformed candidate paths that failed the re-pricing check
2026-08-31 05:19:40,829 path set: 24668 paths over 17388/20000 OD pairs (86.7% of flow served), 121381 legs
2026-08-31 05:19:40,875 period early   : 24668 paths, 20000 OD pairs
2026-08-31 05:19:40,888 path enumeration: 20000 OD pairs, 636 origin zones, 3 scenarios, cap 4 paths/OD
2026-08-31 05:20:36,368 rejected 73 malformed candidate paths that failed the re-pricing check
2026-08-31 05:20:36,479 path set: 28763 paths over 19278/20000 OD pairs (96.2% of flow served), 141637 legs
2026-08-31 05:20:36,536 period am_peak : 28763 paths, 20000 OD pairs
2026-08-31 05:20:36,548 path enumeration: 20000 OD pairs, 636 origin zones, 3 scenarios, cap 4 paths/OD
2026-08-31 05:21:26,417 rejected 72 malformed candidate paths that failed the re-pricing check
2026-08-31 05:21:26,504 path set: 24097 paths over 17389/20000 OD pairs (86.7% of flow served), 118697 legs
2026-08-31 05:21:26,551 period midday  : 24097 paths, 20000 OD pairs
2026-08-31 05:21:26,562 path enumeration: 20000 OD pairs, 636 origin zones, 3 scenarios, cap 4 paths/OD
2026-08-31 05:22:20,505 rejected 121 malformed candidate paths that failed the re-pricing check
2026-08-31 05:22:20,604 path set: 27986 paths over 18673/20000 OD pairs (93.6% of flow served), 139640 legs
2026-08-31 05:22:20,658 period pm_peak : 27986 paths, 20000 OD pairs
2026-08-31 05:22:20,669 path enumeration: 20000 OD pairs, 636 origin zones, 3 scenarios, cap 4 paths/OD
2026-08-31 05:23:12,998 rejected 82 malformed candidate paths that failed the re-pricing check
2026-08-31 05:23:13,087 path set: 24058 paths over 17386/20000 OD pairs (86.6% of flow served), 118267 legs
2026-08-31 05:23:13,139 period evening : 24058 paths, 20000 OD pairs
2026-08-31 05:23:13,150 path enumeration: 20000 OD pairs, 636 origin zones, 3 scenarios, cap 4 paths/OD
2026-08-31 05:24:01,573 rejected 129 malformed candidate paths that failed the re-pricing check
2026-08-31 05:24:01,653 path set: 22669 paths over 17006/20000 OD pairs (85.1% of flow served), 111737 legs
2026-08-31 05:24:01,697 period owl     : 22669 paths, 20000 OD pairs
2026-08-31 05:24:01,697 locking 28 route-periods across 14 routes in classes ('peak_express',)
2026-08-31 05:24:19,899 solve lambda=2.0: obj=2.96274e+06 vh=2507.8/2517.2 exchanges=163
2026-08-31 05:24:19,911 <none>                                                     obj=2962743 unserved=9812.3 vh=2507.8 329s
